Archive member included to satisfy reference by file (symbol)

C:/Users/MeinK/.pico-sdk/toolchain/14_2_Rel1/bin/../lib/gcc/arm-none-eabi/14.2.1/thumb/v8-m.main+fp/softfp\libm.a(libm_a-wf_sqrt.o)
                              CMakeFiles/tulip4041_module.dir/C_/Users/MeinK/.pico-sdk/sdk/2.2.0/src/rp2_common/pico_float/float_math.c.obj (sqrtf)
C:/Users/MeinK/.pico-sdk/toolchain/14_2_Rel1/bin/../lib/gcc/arm-none-eabi/14.2.1/thumb/v8-m.main+fp/softfp\libm.a(libm_a-ef_sqrt.o)
                              C:/Users/MeinK/.pico-sdk/toolchain/14_2_Rel1/bin/../lib/gcc/arm-none-eabi/14.2.1/thumb/v8-m.main+fp/softfp\libm.a(libm_a-wf_sqrt.o) (__ieee754_sqrtf)
C:/Users/MeinK/.pico-sdk/toolchain/14_2_Rel1/bin/../lib/gcc/arm-none-eabi/14.2.1/thumb/v8-m.main+fp/softfp\libgcc.a(_arm_addsubdf3.o)
                              CMakeFiles/tulip4041_module.dir/userinterface.cpp.obj (__aeabi_f2d)
C:/Users/MeinK/.pico-sdk/toolchain/14_2_Rel1/bin/../lib/gcc/arm-none-eabi/14.2.1/thumb/v8-m.main+fp/softfp\libgcc.a(_aeabi_ldivmod.o)
                              CMakeFiles/tulip4041_module.dir/emulation.cpp.obj (__aeabi_ldivmod)
C:/Users/MeinK/.pico-sdk/toolchain/14_2_Rel1/bin/../lib/gcc/arm-none-eabi/14.2.1/thumb/v8-m.main+fp/softfp\libgcc.a(_aeabi_uldivmod.o)
                              CMakeFiles/tulip4041_module.dir/C_/Users/MeinK/.pico-sdk/sdk/2.2.0/src/rp2_common/hardware_clocks/clocks.c.obj (__aeabi_uldivmod)
C:/Users/MeinK/.pico-sdk/toolchain/14_2_Rel1/bin/../lib/gcc/arm-none-eabi/14.2.1/thumb/v8-m.main+fp/softfp\libgcc.a(_udivmoddi4.o)
                              C:/Users/MeinK/.pico-sdk/toolchain/14_2_Rel1/bin/../lib/gcc/arm-none-eabi/14.2.1/thumb/v8-m.main+fp/softfp\libgcc.a(_aeabi_ldivmod.o) (__udivmoddi4)
C:/Users/MeinK/.pico-sdk/toolchain/14_2_Rel1/bin/../lib/gcc/arm-none-eabi/14.2.1/thumb/v8-m.main+fp/softfp\libgcc.a(_dvmd_tls.o)
                              C:/Users/MeinK/.pico-sdk/toolchain/14_2_Rel1/bin/../lib/gcc/arm-none-eabi/14.2.1/thumb/v8-m.main+fp/softfp\libgcc.a(_aeabi_ldivmod.o) (__aeabi_ldiv0)
C:/Users/MeinK/.pico-sdk/toolchain/14_2_Rel1/bin/../lib/gcc/arm-none-eabi/14.2.1/thumb/v8-m.main+fp/softfp\libg.a(libc_a-atoi.o)
                              CMakeFiles/tulip4041_module.dir/lib/no-OS-FatFS-SD-SDIO-SPI-RPi-Pico/src/sd_driver/sd_card.c.obj (atoi)
C:/Users/MeinK/.pico-sdk/toolchain/14_2_Rel1/bin/../lib/gcc/arm-none-eabi/14.2.1/thumb/v8-m.main+fp/softfp\libg.a(libc_a-calloc.o)
                              CMakeFiles/tulip4041_module.dir/C_/Users/MeinK/.pico-sdk/sdk/2.2.0/src/rp2_common/pico_malloc/malloc.c.obj (calloc)
C:/Users/MeinK/.pico-sdk/toolchain/14_2_Rel1/bin/../lib/gcc/arm-none-eabi/14.2.1/thumb/v8-m.main+fp/softfp\libg.a(libc_a-callocr.o)
                              C:/Users/MeinK/.pico-sdk/toolchain/14_2_Rel1/bin/../lib/gcc/arm-none-eabi/14.2.1/thumb/v8-m.main+fp/softfp\libg.a(libc_a-calloc.o) (_calloc_r)
C:/Users/MeinK/.pico-sdk/toolchain/14_2_Rel1/bin/../lib/gcc/arm-none-eabi/14.2.1/thumb/v8-m.main+fp/softfp\libg.a(libc_a-malloc.o)
                              CMakeFiles/tulip4041_module.dir/C_/Users/MeinK/.pico-sdk/sdk/2.2.0/src/rp2_common/pico_malloc/malloc.c.obj (malloc)
C:/Users/MeinK/.pico-sdk/toolchain/14_2_Rel1/bin/../lib/gcc/arm-none-eabi/14.2.1/thumb/v8-m.main+fp/softfp\libg.a(libc_a-mallocr.o)
                              C:/Users/MeinK/.pico-sdk/toolchain/14_2_Rel1/bin/../lib/gcc/arm-none-eabi/14.2.1/thumb/v8-m.main+fp/softfp\libg.a(libc_a-callocr.o) (_malloc_r)
C:/Users/MeinK/.pico-sdk/toolchain/14_2_Rel1/bin/../lib/gcc/arm-none-eabi/14.2.1/thumb/v8-m.main+fp/softfp\libg.a(libc_a-mlock.o)
                              C:/Users/MeinK/.pico-sdk/toolchain/14_2_Rel1/bin/../lib/gcc/arm-none-eabi/14.2.1/thumb/v8-m.main+fp/softfp\libg.a(libc_a-mallocr.o) (__malloc_lock)
C:/Users/MeinK/.pico-sdk/toolchain/14_2_Rel1/bin/../lib/gcc/arm-none-eabi/14.2.1/thumb/v8-m.main+fp/softfp\libg.a(libc_a-mstats.o)
                              CMakeFiles/tulip4041_module.dir/userinterface.cpp.obj (mallinfo)
C:/Users/MeinK/.pico-sdk/toolchain/14_2_Rel1/bin/../lib/gcc/arm-none-eabi/14.2.1/thumb/v8-m.main+fp/softfp\libg.a(libc_a-realloc.o)
                              CMakeFiles/tulip4041_module.dir/C_/Users/MeinK/.pico-sdk/sdk/2.2.0/src/rp2_common/pico_malloc/malloc.c.obj (realloc)
C:/Users/MeinK/.pico-sdk/toolchain/14_2_Rel1/bin/../lib/gcc/arm-none-eabi/14.2.1/thumb/v8-m.main+fp/softfp\libg.a(libc_a-reallocr.o)
                              C:/Users/MeinK/.pico-sdk/toolchain/14_2_Rel1/bin/../lib/gcc/arm-none-eabi/14.2.1/thumb/v8-m.main+fp/softfp\libg.a(libc_a-realloc.o) (_realloc_r)
C:/Users/MeinK/.pico-sdk/toolchain/14_2_Rel1/bin/../lib/gcc/arm-none-eabi/14.2.1/thumb/v8-m.main+fp/softfp\libg.a(libc_a-strtol.o)
                              C:/Users/MeinK/.pico-sdk/toolchain/14_2_Rel1/bin/../lib/gcc/arm-none-eabi/14.2.1/thumb/v8-m.main+fp/softfp\libg.a(libc_a-atoi.o) (_strtol_r)
[...]
Memory Configuration

Name             Origin             Length             Attributes
FLASH            0x10000000         0x00400000         xr
RAM              0x20000000         0x00080000         xrw
SCRATCH_X        0x20080000         0x00001000         xrw
SCRATCH_Y        0x20081000         0x00001000         xrw
*default*        0x00000000         0xffffffff

Linker script and memory map

LOAD C:/Users/MeinK/.pico-sdk/toolchain/14_2_Rel1/bin/../lib/gcc/arm-none-eabi/14.2.1/thumb/v8-m.main+fp/softfp/crti.o
LOAD C:/Users/MeinK/.pico-sdk/toolchain/14_2_Rel1/bin/../lib/gcc/arm-none-eabi/14.2.1/thumb/v8-m.main+fp/softfp/crtbegin.o
LOAD C:/Users/MeinK/.pico-sdk/toolchain/14_2_Rel1/bin/../lib/gcc/arm-none-eabi/14.2.1/thumb/v8-m.main+fp/softfp/crt0.o

.flash_begin    0x10000000        0x0
                0x10000000                        __flash_binary_start = .

.text           0x10000000    0x1f7a0
                0x10000000                        __logical_binary_start = .
 *(.vectors)
 .vectors       0x10000000      0x124 CMakeFiles/tulip4041_module.dir/C_/Users/MeinK/.pico-sdk/sdk/2.2.0/src/rp2_common/pico_crt0/crt0.S.obj
                0x10000000                __VECTOR_TABLE
                0x10000000                __vectors
                0x10000110                TIMER1_IRQ_1_Handler
                0x10000110                TRNG_IRQ_Handler
                0x10000110                isr_irq49
                0x10000110                PLL_SYS_IRQ_Handler
                0x10000110                TIMER0_IRQ_1_Handler
                0x10000110                TIMER1_IRQ_2_Handler
                0x10000110                IO_IRQ_BANK0_Handler
                0x10000110                TIMER0_IRQ_3_Handler
                0x10000110                PIO0_IRQ_0_Handler
                0x10000110                USBCTRL_IRQ_Handler
                0x10000110                SPI1_IRQ_Handler
                0x10000110                POWMAN_IRQ_POW_Handler
                0x10000110                DMA_IRQ_2_Handler
                0x10000110                PIO1_IRQ_1_Handler
                0x10000110                POWMAN_IRQ_TIMER_Handler
                0x10000110                DMA_IRQ_1_Handler
                0x10000110                SIO_IRQ_FIFO_Handler
                0x10000110                UsageFault_Handler
                0x10000110                PLL_USB_IRQ_Handler
                0x10000110                TIMER0_IRQ_2_Handler
                0x10000110                __unhandled_user_irq
                0x10000110                IO_IRQ_BANK0_NS_Handler
                0x10000110                isr_irq48
                0x10000110                PIO2_IRQ_1_Handler
                0x10000110                PWM_IRQ_WRAP_0_Handler
                0x10000110                isr_irq50
                0x10000110                TIMER1_IRQ_0_Handler
                0x10000110                isr_irq40
                0x10000110                SPI0_IRQ_Handler
                0x10000110                PWM_IRQ_WRAP_1_Handler
                0x10000110                SIO_IRQ_BELL_Handler
                0x10000110                isr_irq41
                0x10000110                OTP_IRQ_Handler
                0x10000110                BusFault_Handler
                0x10000110                IO_IRQ_QSPI_NS_Handler
                0x10000110                PIO0_IRQ_1_Handler
                0x10000110                I2C0_IRQ_Handler
                0x10000110                SIO_IRQ_FIFO_NS_Handler
                0x10000110                SecureFault_Handler
                0x10000110                SIO_IRQ_BELL_NS_Handler
                0x10000110                SIO_IRQ_MTIMECMP_Handler
                0x10000110                I2C1_IRQ_Handler
                0x10000110                __vectors_end
                0x10000110                UART1_IRQ_Handler
                0x10000110                __default_isrs_start
                0x10000110                DMA_IRQ_0_Handler
                0x10000110                CLOCKS_IRQ_Handler
                0x10000110                PIO1_IRQ_0_Handler
                0x10000110                MemManage_Handler
                0x10000110                TIMER0_IRQ_0_Handler
                0x10000110                PIO2_IRQ_0_Handler
                0x10000110                isr_irq46
                0x10000110                ADC_IRQ_FIFO_Handler
                0x10000110                isr_irq47
                0x10000110                isr_irq51
                0x10000110                IO_IRQ_QSPI_Handler
                0x10000110                TIMER1_IRQ_3_Handler
                0x10000110                UART0_IRQ_Handler
                0x10000110                DMA_IRQ_3_Handler
                0x10000116                unhandled_user_irq_num_in_r0
                0x10000118                isr_invalid
                0x1000011a                NMI_Handler
                0x1000011e                SVC_Handler
                0x10000120                PendSV_Handler
                0x10000122                SysTick_Handler
                0x10000124                __default_isrs_end
 *(.binary_info_header)
 .binary_info_header
                0x10000124       0x14 CMakeFiles/tulip4041_module.dir/C_/Users/MeinK/.pico-sdk/sdk/2.2.0/src/rp2_common/pico_crt0/crt0.S.obj
                0x10000138                        __binary_info_header_end = .
 *(.embedded_block)
 .embedded_block
                0x10000138       0x14 CMakeFiles/tulip4041_module.dir/C_/Users/MeinK/.pico-sdk/sdk/2.2.0/src/rp2_common/pico_crt0/crt0.S.obj
                0x1000014c                        __embedded_block_end = .
 *(.reset)
 .reset         0x1000014c       0x98 CMakeFiles/tulip4041_module.dir/C_/Users/MeinK/.pico-sdk/sdk/2.2.0/src/rp2_common/pico_crt0/crt0.S.obj
                0x1000014c                _entry_point
 *(.init)
 .init          0x100001e4        0x4 C:/Users/MeinK/.pico-sdk/toolchain/14_2_Rel1/bin/../lib/gcc/arm-none-eabi/14.2.1/thumb/v8-m.main+fp/softfp/crti.o
                0x100001e4                _init
 SORT_BY_NAME(REVERSE(*libgcc.a:cmse_nonsecure_call.o))()
 *(EXCLUDE_FILE(*libm.a: *libc.a:*lib_a-mem*.o *libgcc.a:) .text*)
 .text.register_tm_clones
                0x100001e8       0x28 C:/Users/MeinK/.pico-sdk/toolchain/14_2_Rel1/bin/../lib/gcc/arm-none-eabi/14.2.1/thumb/v8-m.main+fp/softfp/crtbegin.o
 .text.frame_dummy
                0x10000210       0x24 C:/Users/MeinK/.pico-sdk/toolchain/14_2_Rel1/bin/../lib/gcc/arm-none-eabi/14.2.1/thumb/v8-m.main+fp/softfp/crtbegin.o
 .text.set_sys_clock_khz
                0x10000234       0x38 CMakeFiles/tulip4041_module.dir/tulip4041.cpp.obj
 .text._ZN9GSettings11set_defaultEv
                0x1000026c       0x90 CMakeFiles/tulip4041_module.dir/tulip4041.cpp.obj
                0x1000026c                GSettings::set_default()
 .text._ZN9GSettings4saveEv
                0x100002fc       0x34 CMakeFiles/tulip4041_module.dir/tulip4041.cpp.obj
                0x100002fc                GSettings::save()
 .text._ZN9GSettings8retrieveEv
                0x10000330       0x34 CMakeFiles/tulip4041_module.dir/tulip4041.cpp.obj
                0x10000330                GSettings::retrieve()
 .text.main     0x10000364      0x130 CMakeFiles/tulip4041_module.dir/tulip4041.cpp.obj
                0x10000364                main
 .text.rom_func_otp_access
                0x10000494       0x5c CMakeFiles/tulip4041_module.dir/ffmanager.cpp.obj
 .text.otp_write_serial
                0x100004f0       0xcc CMakeFiles/tulip4041_module.dir/ffmanager.cpp.obj
                0x100004f0                otp_write_serial
 .text.otp_read_serial
                0x100005bc       0x74 CMakeFiles/tulip4041_module.dir/ffmanager.cpp.obj
                0x100005bc                otp_read_serial
 .text.ff_delay500
                0x10000630       0x26 CMakeFiles/tulip4041_module.dir/ffmanager.cpp.obj
                0x10000630                ff_delay500
 *fill*         0x10000656        0x2 
 .text.ff_nuke  0x10000658       0x4c CMakeFiles/tulip4041_module.dir/ffmanager.cpp.obj
                0x10000658                ff_nuke
 .text.ff_erased
                0x100006a4       0x38 CMakeFiles/tulip4041_module.dir/ffmanager.cpp.obj
                0x100006a4                ff_erased
 .text.ff_init  0x100006dc       0x7c CMakeFiles/tulip4041_module.dir/ffmanager.cpp.obj
                0x100006dc                ff_init
 .text.ff_isinited
                0x10000758       0x14 CMakeFiles/tulip4041_module.dir/ffmanager.cpp.obj
                0x10000758                ff_isinited
 .text.ff_show  0x1000076c       0xb0 CMakeFiles/tulip4041_module.dir/ffmanager.cpp.obj
                0x1000076c                ff_show
 .text.ff_findfree
                0x1000081c       0x88 CMakeFiles/tulip4041_module.dir/ffmanager.cpp.obj
                0x1000081c                ff_findfree
 .text.ff_lastfree
                0x100008a4       0x30 CMakeFiles/tulip4041_module.dir/ffmanager.cpp.obj
                0x100008a4                ff_lastfree
 .text.ff_findfile
                0x100008d4       0x3e CMakeFiles/tulip4041_module.dir/ffmanager.cpp.obj
                0x100008d4                ff_findfile
 *fill*         0x10000912        0x2 
 .text.ff_write
                0x10000914       0x68 CMakeFiles/tulip4041_module.dir/ffmanager.cpp.obj
                0x10000914                ff_write
 .text.ff_erase
                0x1000097c       0xbc CMakeFiles/tulip4041_module.dir/ffmanager.cpp.obj
                0x1000097c                ff_erase
 .text.ff_erase_block
                0x10000a38       0x30 CMakeFiles/tulip4041_module.dir/ffmanager.cpp.obj
                0x10000a38                ff_erase_block
 .text.ff_program_block
                0x10000a68       0x30 CMakeFiles/tulip4041_module.dir/ffmanager.cpp.obj
                0x10000a68                ff_program_block
 .text.ff_erased_block
                0x10000a98       0x38 CMakeFiles/tulip4041_module.dir/ffmanager.cpp.obj
                0x10000a98                ff_erased_block
 .text._Z8power_onv
                0x10000ad0        0x8 CMakeFiles/tulip4041_module.dir/userinterface.cpp.obj
                0x10000ad0                power_on()
 .text._Z7print_fv
                0x10000ad8       0x18 CMakeFiles/tulip4041_module.dir/userinterface.cpp.obj
                0x10000ad8                print_f()
 .text._Z9pico_VBUSv
                0x10000af0       0x28 CMakeFiles/tulip4041_module.dir/userinterface.cpp.obj
                0x10000af0                pico_VBUS()
 .text._Z12rp2040_resetv
                0x10000b18       0x20 CMakeFiles/tulip4041_module.dir/userinterface.cpp.obj
                0x10000b18                rp2040_reset()
 .text._Z14rp2040_bootselv
                0x10000b38       0x20 CMakeFiles/tulip4041_module.dir/userinterface.cpp.obj
                0x10000b38                rp2040_bootsel()
 .text._Z12rp2040_sleepv
                0x10000b58       0x10 CMakeFiles/tulip4041_module.dir/userinterface.cpp.obj
                0x10000b58                rp2040_sleep()
 .text._Z13hp41_shutdownv
                0x10000b68       0x14 CMakeFiles/tulip4041_module.dir/userinterface.cpp.obj
                0x10000b68                hp41_shutdown()
 .text.pio_welcome
                0x10000b7c        0x8 CMakeFiles/tulip4041_module.dir/userinterface.cpp.obj
                0x10000b7c                pio_welcome
 .text._Z9ident_cdcv
                0x10000b84       0x70 CMakeFiles/tulip4041_module.dir/userinterface.cpp.obj
                0x10000b84                ident_cdc()
 .text._Z11serial_helpv
                0x10000bf4       0x50 CMakeFiles/tulip4041_module.dir/userinterface.cpp.obj
                0x10000bf4                serial_help()
 .text._Z10print_helpv
                0x10000c44       0x50 CMakeFiles/tulip4041_module.dir/userinterface.cpp.obj
                0x10000c44                print_help()
 .text._ZN8CModules8clearAllEv
                0x10000c94       0x88 CMakeFiles/tulip4041_module.dir/userinterface.cpp.obj
                0x10000c94                CModules::clearAll()
 .text._ZN8CModules4plugEiitm
                0x10000d1c       0x58 CMakeFiles/tulip4041_module.dir/userinterface.cpp.obj
                0x10000d1c                CModules::plug(int, int, unsigned short, unsigned long)
 .text._ZN8CModules13plug_embeddedEiitPKt
                0x10000d74       0x98 CMakeFiles/tulip4041_module.dir/userinterface.cpp.obj
                0x10000d74                CModules::plug_embedded(int, int, unsigned short, unsigned short const*)
 .text._ZN8CModules6unplugEii
                0x10000e0c       0x60 CMakeFiles/tulip4041_module.dir/userinterface.cpp.obj
                0x10000e0c                CModules::unplug(int, int)
 .text._ZN8CModules10setCommentEiiPKc
                0x10000e6c       0x4e CMakeFiles/tulip4041_module.dir/userinterface.cpp.obj
                0x10000e6c                CModules::setComment(int, int, char const*)
 .text._ZN8CModules10isReservedEi
                0x10000eba       0x64 CMakeFiles/tulip4041_module.dir/userinterface.cpp.obj
                0x10000eba                CModules::isReserved(int)
 .text._ZN8CModules6isUsedEii
                0x10000f1e       0x38 CMakeFiles/tulip4041_module.dir/userinterface.cpp.obj
                0x10000f1e                CModules::isUsed(int, int)
 *fill*         0x10000f56        0x2 
 .text._ZN8CModules11init_rommapEv
                0x10000f58       0x40 CMakeFiles/tulip4041_module.dir/userinterface.cpp.obj
                0x10000f58                CModules::init_rommap()
 .text._ZN8CModules4saveEv
                0x10000f98       0x30 CMakeFiles/tulip4041_module.dir/userinterface.cpp.obj
                0x10000f98                CModules::save()
 .text._ZN8CModules11getRevisionEiiPc
                0x10000fc8       0x98 CMakeFiles/tulip4041_module.dir/userinterface.cpp.obj
                0x10000fc8                CModules::getRevision(int, int, char*)
 .text._ZN8CModules8dumpPageEi
                0x10001060       0x68 CMakeFiles/tulip4041_module.dir/userinterface.cpp.obj
                0x10001060                CModules::dumpPage(int)
 .text._Z12getTotalHeapv
                0x100010c8       0x10 CMakeFiles/tulip4041_module.dir/userinterface.cpp.obj
                0x100010c8                getTotalHeap()
 .text._Z11getFreeHeapv
                0x100010d8       0x18 CMakeFiles/tulip4041_module.dir/userinterface.cpp.obj
                0x100010d8                getFreeHeap()
 .text._Z16uif_delay_canceli
                0x100010f0       0x3c CMakeFiles/tulip4041_module.dir/userinterface.cpp.obj
                0x100010f0                uif_delay_cancel(int)
 .text.measure_freqs
                0x1000112c       0x94 CMakeFiles/tulip4041_module.dir/userinterface.cpp.obj
                0x1000112c                measure_freqs
 .text.welcome  0x100011c0       0x60 CMakeFiles/tulip4041_module.dir/userinterface.cpp.obj
                0x100011c0                welcome
 .text.uif_status
                0x10001220      0x338 CMakeFiles/tulip4041_module.dir/userinterface.cpp.obj
                0x10001220                uif_status
 .text.uif_pio_status
                0x10001558        0x8 CMakeFiles/tulip4041_module.dir/userinterface.cpp.obj
                0x10001558                uif_pio_status
 .text.uif_cdc_status
                0x10001560       0x84 CMakeFiles/tulip4041_module.dir/userinterface.cpp.obj
                0x10001560                uif_cdc_status
 .text.uif_cdc_ident
                0x100015e4       0x74 CMakeFiles/tulip4041_module.dir/userinterface.cpp.obj
                0x100015e4                uif_cdc_ident
 .text.uif_reboot
                0x10001658       0x48 CMakeFiles/tulip4041_module.dir/userinterface.cpp.obj
                0x10001658                uif_reboot
 .text.uif_bootsel
                0x100016a0       0x48 CMakeFiles/tulip4041_module.dir/userinterface.cpp.obj
                0x100016a0                uif_bootsel
 .text.uif_blink
                0x100016e8       0x50 CMakeFiles/tulip4041_module.dir/userinterface.cpp.obj
                0x100016e8                uif_blink
 .text._Z11uif_pwo_lowv
                0x10001738       0x20 CMakeFiles/tulip4041_module.dir/userinterface.cpp.obj
                0x10001738                uif_pwo_low()
 .text.uif_calcreset
                0x10001758       0x14 CMakeFiles/tulip4041_module.dir/userinterface.cpp.obj
                0x10001758                uif_calcreset
 .text.uif_poweron
                0x1000176c       0x1c CMakeFiles/tulip4041_module.dir/userinterface.cpp.obj
                0x1000176c                uif_poweron
 .text.uif_configinit
                0x10001788       0x20 CMakeFiles/tulip4041_module.dir/userinterface.cpp.obj
                0x10001788                uif_configinit
 .text.uif_configlist
                0x100017a8       0x38 CMakeFiles/tulip4041_module.dir/userinterface.cpp.obj
                0x100017a8                uif_configlist
 .text.uif_owner
                0x100017e0       0xf8 CMakeFiles/tulip4041_module.dir/userinterface.cpp.obj
                0x100017e0                uif_owner
 .text.uif_serial
                0x100018d8      0x138 CMakeFiles/tulip4041_module.dir/userinterface.cpp.obj
                0x100018d8                uif_serial
 .text.uif_gpio_status
                0x10001a10       0x4c CMakeFiles/tulip4041_module.dir/userinterface.cpp.obj
                0x10001a10                uif_gpio_status
 .text.uif_dir  0x10001a5c        0x8 CMakeFiles/tulip4041_module.dir/userinterface.cpp.obj
                0x10001a5c                uif_dir
 .text.uif_sdcard_status
                0x10001a64        0x8 CMakeFiles/tulip4041_module.dir/userinterface.cpp.obj
                0x10001a64                uif_sdcard_status
 .text.uif_sdcard_mount
                0x10001a6c        0x8 CMakeFiles/tulip4041_module.dir/userinterface.cpp.obj
                0x10001a6c                uif_sdcard_mount
 .text.uif_sdcard_unmount
                0x10001a74        0x8 CMakeFiles/tulip4041_module.dir/userinterface.cpp.obj
                0x10001a74                uif_sdcard_unmount
 .text.uif_sdcard_mounted
                0x10001a7c        0x8 CMakeFiles/tulip4041_module.dir/userinterface.cpp.obj
                0x10001a7c                uif_sdcard_mounted
 .text.uif_sdcard_eject
                0x10001a84        0x8 CMakeFiles/tulip4041_module.dir/userinterface.cpp.obj
                0x10001a84                uif_sdcard_eject
 .text.uif_sdcard_connect
                0x10001a8c        0x8 CMakeFiles/tulip4041_module.dir/userinterface.cpp.obj
                0x10001a8c                uif_sdcard_connect
 .text._Z16compare_openfileP3FILm
                0x10001a94       0xac CMakeFiles/tulip4041_module.dir/userinterface.cpp.obj
                0x10001a94                compare_openfile(FIL*, unsigned long)
 .text._Z11import_filePKci
                0x10001b40      0x454 CMakeFiles/tulip4041_module.dir/userinterface.cpp.obj
                0x10001b40                import_file(char const*, int)
 .text._Z14uif_import_allPKci
                0x10001f94      0x1e0 CMakeFiles/tulip4041_module.dir/userinterface.cpp.obj
                0x10001f94                uif_import_all(char const*, int)
 .text.uif_import
                0x10002174       0x34 CMakeFiles/tulip4041_module.dir/userinterface.cpp.obj
                0x10002174                uif_import
 .text._Z14ShowROMDetailsPt
                0x100021a8      0x118 CMakeFiles/tulip4041_module.dir/userinterface.cpp.obj
                0x100021a8                ShowROMDetails(unsigned short*)
 .text._Z11ShowROMDumpPt
                0x100022c0       0xcc CMakeFiles/tulip4041_module.dir/userinterface.cpp.obj
                0x100022c0                ShowROMDump(unsigned short*)
 .text._Z10getfrombinPvt
                0x1000238c       0x3c CMakeFiles/tulip4041_module.dir/userinterface.cpp.obj
                0x1000238c                getfrombin(void*, unsigned short)
 .text._Z14ShowMODDetailsP18ModuleFileHeader_t
                0x100023c8      0x1b8 CMakeFiles/tulip4041_module.dir/userinterface.cpp.obj
                0x100023c8                ShowMODDetails(ModuleFileHeader_t*)
 .text._Z11ShowMODDumpP18ModuleFileHeader_t
                0x10002580      0x108 CMakeFiles/tulip4041_module.dir/userinterface.cpp.obj
                0x10002580                ShowMODDump(ModuleFileHeader_t*)
 .text.uif_rtc  0x10002688      0x1bc CMakeFiles/tulip4041_module.dir/userinterface.cpp.obj
                0x10002688                uif_rtc
 .text.uif_list
                0x10002844      0x1d8 CMakeFiles/tulip4041_module.dir/userinterface.cpp.obj
                0x10002844                uif_list
 .text._Z7LoadMODP18ModuleMetaHeader_t
                0x10002a1c      0x614 CMakeFiles/tulip4041_module.dir/userinterface.cpp.obj
                0x10002a1c                LoadMOD(ModuleMetaHeader_t*)
 .text.uif_plug
                0x10003030      0x428 CMakeFiles/tulip4041_module.dir/userinterface.cpp.obj
                0x10003030                uif_plug
 .text.uif_unplug
                0x10003458      0x1a0 CMakeFiles/tulip4041_module.dir/userinterface.cpp.obj
                0x10003458                uif_unplug
 .text.uif_reserve
                0x100035f8      0x2a4 CMakeFiles/tulip4041_module.dir/userinterface.cpp.obj
                0x100035f8                uif_reserve
 .text.uif_cat  0x1000389c      0x3a8 CMakeFiles/tulip4041_module.dir/userinterface.cpp.obj
                0x1000389c                uif_cat
 .text.uif_emulate
                0x10003c44      0x1b4 CMakeFiles/tulip4041_module.dir/userinterface.cpp.obj
                0x10003c44                uif_emulate
 .text.uif_delete
                0x10003df8       0xa8 CMakeFiles/tulip4041_module.dir/userinterface.cpp.obj
                0x10003df8                uif_delete
 .text.uif_printer
                0x10003ea0      0x368 CMakeFiles/tulip4041_module.dir/userinterface.cpp.obj
                0x10003ea0                uif_printer
 .text.uif_xmem
                0x10004208      0x148 CMakeFiles/tulip4041_module.dir/userinterface.cpp.obj
                0x10004208                uif_xmem
 .text.uif_tracer
                0x10004350      0x2c4 CMakeFiles/tulip4041_module.dir/userinterface.cpp.obj
                0x10004350                uif_tracer
 .text.uif_flash
                0x10004614      0x1a8 CMakeFiles/tulip4041_module.dir/userinterface.cpp.obj
                0x10004614                uif_flash
 .text.uif_fram
                0x100047bc      0x128 CMakeFiles/tulip4041_module.dir/userinterface.cpp.obj
                0x100047bc                uif_fram
 .text._Z9rom_digiti
                0x100048e4       0x34 CMakeFiles/tulip4041_module.dir/userinterface.cpp.obj
                0x100048e4                rom_digit(int)
 .text._Z8wandcodei
                0x10004918      0x18c CMakeFiles/tulip4041_module.dir/userinterface.cpp.obj
                0x10004918                wandcode(int)
 .text.serial_loop
                0x10004aa4       0xd8 CMakeFiles/tulip4041_module.dir/userinterface.cpp.obj
                0x10004aa4                serial_loop
 .text.queue_get_level
                0x10004b7c       0x40 CMakeFiles/tulip4041_module.dir/emulation.cpp.obj
 .text.pio_report
                0x10004bbc      0x178 CMakeFiles/tulip4041_module.dir/emulation.cpp.obj
                0x10004bbc                pio_report
 .text.uif_pio_report
                0x10004d34       0xe0 CMakeFiles/tulip4041_module.dir/emulation.cpp.obj
                0x10004d34                uif_pio_report
 .text.pio_init
                0x10004e14      0x564 CMakeFiles/tulip4041_module.dir/emulation.cpp.obj
                0x10004e14                pio_init
 .text.IR_toggle
                0x10005378       0x40 CMakeFiles/tulip4041_module.dir/emulation.cpp.obj
                0x10005378                IR_toggle
 .text.cycles   0x100053b8        0xc CMakeFiles/tulip4041_module.dir/emulation.cpp.obj
                0x100053b8                cycles
 .text.wakemeup_41
                0x100053c4       0x88 CMakeFiles/tulip4041_module.dir/emulation.cpp.obj
                0x100053c4                wakemeup_41
 .text.shutdown_41
                0x1000544c       0x20 CMakeFiles/tulip4041_module.dir/emulation.cpp.obj
                0x1000544c                shutdown_41
 .text.send_ir_frame
                0x1000546c       0x2c CMakeFiles/tulip4041_module.dir/emulation.cpp.obj
                0x1000546c                send_ir_frame
 .text.setflag_FI0
                0x10005498       0x1c CMakeFiles/tulip4041_module.dir/emulation.cpp.obj
                0x10005498                setflag_FI0
 .text.InitEmulation
                0x100054b4       0x14 CMakeFiles/tulip4041_module.dir/emulation.cpp.obj
                0x100054b4                InitEmulation
 .text.PowerMode_task
                0x100054c8      0x134 CMakeFiles/tulip4041_module.dir/emulation.cpp.obj
                0x100054c8                PowerMode_task
 .text.init_spi_fram
                0x100055fc       0x40 CMakeFiles/tulip4041_module.dir/fram.c.obj
                0x100055fc                init_spi_fram
 .text.fr_read16
                0x1000563c       0x2c CMakeFiles/tulip4041_module.dir/fram.c.obj
                0x1000563c                fr_read16
 .text.fr_write
                0x10005668       0x1c CMakeFiles/tulip4041_module.dir/fram.c.obj
                0x10005668                fr_write
 .text.fram_show
                0x10005684       0xa4 CMakeFiles/tulip4041_module.dir/fram.c.obj
                0x10005684                fram_show
 .text.fr_readid
                0x10005728       0x20 CMakeFiles/tulip4041_module.dir/fram.c.obj
                0x10005728                fr_readid
 .text.fr_nukeall
                0x10005748       0x38 CMakeFiles/tulip4041_module.dir/fram.c.obj
                0x10005748                fr_nukeall
 .text.onDirCLI
                0x10005780       0x20 CMakeFiles/tulip4041_module.dir/cli-binding.c.obj
                0x10005780                onDirCLI
 .text.writeCharToCLI
                0x100057a0       0x1a CMakeFiles/tulip4041_module.dir/cli-binding.c.obj
                0x100057a0                writeCharToCLI
 *fill*         0x100057ba        0x2 
 .text.getCliPointer
                0x100057bc        0xc CMakeFiles/tulip4041_module.dir/cli-binding.c.obj
                0x100057bc                getCliPointer
 .text.cli_printf
                0x100057c8       0x5c CMakeFiles/tulip4041_module.dir/cli-binding.c.obj
                0x100057c8                cli_printf
 .text.onSystemCLI
                0x10005824       0xc4 CMakeFiles/tulip4041_module.dir/cli-binding.c.obj
                0x10005824                onSystemCLI
 .text.onSDCardCLI
                0x100058e8       0x8c CMakeFiles/tulip4041_module.dir/cli-binding.c.obj
                0x100058e8                onSDCardCLI
 .text.onImportCLI
                0x10005974      0x12c CMakeFiles/tulip4041_module.dir/cli-binding.c.obj
                0x10005974                onImportCLI
 .text.onDeleteCLI
                0x10005aa0       0x2c CMakeFiles/tulip4041_module.dir/cli-binding.c.obj
                0x10005aa0                onDeleteCLI
 .text.onPlugCLI
                0x10005acc      0x158 CMakeFiles/tulip4041_module.dir/cli-binding.c.obj
                0x10005acc                onPlugCLI
 .text.onUnPlugCLI
                0x10005c24       0xe0 CMakeFiles/tulip4041_module.dir/cli-binding.c.obj
                0x10005c24                onUnPlugCLI
 .text.onReserveCLI
                0x10005d04      0x12c CMakeFiles/tulip4041_module.dir/cli-binding.c.obj
                0x10005d04                onReserveCLI
 .text.onCatCLI
                0x10005e30       0xb4 CMakeFiles/tulip4041_module.dir/cli-binding.c.obj
                0x10005e30                onCatCLI
 .text.onPrinterCLI
                0x10005ee4       0x68 CMakeFiles/tulip4041_module.dir/cli-binding.c.obj
                0x10005ee4                onPrinterCLI
 .text.onXMEMCLI
                0x10005f4c       0x98 CMakeFiles/tulip4041_module.dir/cli-binding.c.obj
                0x10005f4c                onXMEMCLI
 .text.onTracerCLI
                0x10005fe4      0x124 CMakeFiles/tulip4041_module.dir/cli-binding.c.obj
                0x10005fe4                onTracerCLI
 .text.onClearCLI
                0x10006108       0x10 CMakeFiles/tulip4041_module.dir/cli-binding.c.obj
                0x10006108                onClearCLI
 .text.onLed    0x10006118       0x58 CMakeFiles/tulip4041_module.dir/cli-binding.c.obj
                0x10006118                onLed
 .text.onFlashCLI
                0x10006170       0xa0 CMakeFiles/tulip4041_module.dir/cli-binding.c.obj
                0x10006170                onFlashCLI
 .text.onFramCLI
                0x10006210       0xa0 CMakeFiles/tulip4041_module.dir/cli-binding.c.obj
                0x10006210                onFramCLI
 .text.onListCLI
                0x100062b0       0x84 CMakeFiles/tulip4041_module.dir/cli-binding.c.obj
                0x100062b0                onListCLI
 .text.onRTCCLI
                0x10006334       0x78 CMakeFiles/tulip4041_module.dir/cli-binding.c.obj
                0x10006334                onRTCCLI
 .text.onEmulateCLI
                0x100063ac       0xd8 CMakeFiles/tulip4041_module.dir/cli-binding.c.obj
                0x100063ac                onEmulateCLI
 .text.cli_printfn
                0x10006484       0x5c CMakeFiles/tulip4041_module.dir/cli-binding.c.obj
                0x10006484                cli_printfn
 .text.receiveCLIchar
                0x100064e0       0x24 CMakeFiles/tulip4041_module.dir/cli-binding.c.obj
                0x100064e0                receiveCLIchar
 .text.runCLI   0x10006504       0x40 CMakeFiles/tulip4041_module.dir/cli-binding.c.obj
                0x10006504                runCLI
 .text.initCliBinding
                0x10006544      0x330 CMakeFiles/tulip4041_module.dir/cli-binding.c.obj
                0x10006544                initCliBinding
 .text.onCharInput
                0x10006874       0x2e CMakeFiles/tulip4041_module.dir/embedded_cli.c.obj
 .text.isControlChar
                0x100068a2       0x30 CMakeFiles/tulip4041_module.dir/embedded_cli.c.obj
 .text.isDisplayableChar
                0x100068d2        0xe CMakeFiles/tulip4041_module.dir/embedded_cli.c.obj
 .text.fifoBufAvailable
                0x100068e0       0x1a CMakeFiles/tulip4041_module.dir/embedded_cli.c.obj
 .text.fifoBufPop
                0x100068fa       0x24 CMakeFiles/tulip4041_module.dir/embedded_cli.c.obj
 .text.fifoBufPush
                0x1000691e       0x30 CMakeFiles/tulip4041_module.dir/embedded_cli.c.obj
 .text.getTokenPosition
                0x1000694e       0x44 CMakeFiles/tulip4041_module.dir/embedded_cli.c.obj
 .text.writeToOutput
                0x10006992       0x22 CMakeFiles/tulip4041_module.dir/embedded_cli.c.obj
 .text.printBindingHelp
                0x100069b4       0x28 CMakeFiles/tulip4041_module.dir/embedded_cli.c.obj
 .text.onUnknownCommand
                0x100069dc       0x34 CMakeFiles/tulip4041_module.dir/embedded_cli.c.obj
 .text.clearCurrentLine
                0x10006a10       0x38 CMakeFiles/tulip4041_module.dir/embedded_cli.c.obj
 .text.getAutocompletedCommand
                0x10006a48       0xc2 CMakeFiles/tulip4041_module.dir/embedded_cli.c.obj
 .text.printLiveAutocompletion
                0x10006b0a       0x88 CMakeFiles/tulip4041_module.dir/embedded_cli.c.obj
 *fill*         0x10006b92        0x2 
 .text.onAutocompleteRequest
                0x10006b94       0xb4 CMakeFiles/tulip4041_module.dir/embedded_cli.c.obj
 .text.embeddedCliDefaultConfig
                0x10006c48       0x2c CMakeFiles/tulip4041_module.dir/embedded_cli.c.obj
                0x10006c48                embeddedCliDefaultConfig
 .text.embeddedCliRequiredSize
                0x10006c74       0x30 CMakeFiles/tulip4041_module.dir/embedded_cli.c.obj
                0x10006c74                embeddedCliRequiredSize
 .text.embeddedCliReceiveChar
                0x10006ca4       0x1c CMakeFiles/tulip4041_module.dir/embedded_cli.c.obj
                0x10006ca4                embeddedCliReceiveChar
 .text.embeddedCliAddBinding
                0x10006cc0       0x46 CMakeFiles/tulip4041_module.dir/embedded_cli.c.obj
                0x10006cc0                embeddedCliAddBinding
 *fill*         0x10006d06        0x2 
 .text.initInternalBindings
                0x10006d08       0x34 CMakeFiles/tulip4041_module.dir/embedded_cli.c.obj
 .text.embeddedCliNew
                0x10006d3c       0xc4 CMakeFiles/tulip4041_module.dir/embedded_cli.c.obj
                0x10006d3c                embeddedCliNew
 .text.embeddedCliPrint
                0x10006e00       0x5c CMakeFiles/tulip4041_module.dir/embedded_cli.c.obj
                0x10006e00                embeddedCliPrint
 .text.embeddedCliPrintN
                0x10006e5c       0x4e CMakeFiles/tulip4041_module.dir/embedded_cli.c.obj
                0x10006e5c                embeddedCliPrintN
 *fill*         0x10006eaa        0x2 
 .text.embeddedCliTokenizeArgs
                0x10006eac       0x70 CMakeFiles/tulip4041_module.dir/embedded_cli.c.obj
                0x10006eac                embeddedCliTokenizeArgs
 .text.embeddedCliGetToken
                0x10006f1c       0x18 CMakeFiles/tulip4041_module.dir/embedded_cli.c.obj
                0x10006f1c                embeddedCliGetToken
 .text.historyGet
                0x10006f34       0x1a CMakeFiles/tulip4041_module.dir/embedded_cli.c.obj
 *fill*         0x10006f4e        0x2 
 .text.navigateHistory
                0x10006f50       0x7c CMakeFiles/tulip4041_module.dir/embedded_cli.c.obj
 .text.onEscapedInput
                0x10006fcc       0x34 CMakeFiles/tulip4041_module.dir/embedded_cli.c.obj
 .text.embeddedCliGetTokenVariable
                0x10007000       0x18 CMakeFiles/tulip4041_module.dir/embedded_cli.c.obj
                0x10007000                embeddedCliGetTokenVariable
 .text.historyRemove
                0x10007018       0x5e CMakeFiles/tulip4041_module.dir/embedded_cli.c.obj
 .text.historyPut
                0x10007076       0x6e CMakeFiles/tulip4041_module.dir/embedded_cli.c.obj
 .text.parseCommand
                0x100070e4      0x144 CMakeFiles/tulip4041_module.dir/embedded_cli.c.obj
 .text.onControlInput
                0x10007228       0x9c CMakeFiles/tulip4041_module.dir/embedded_cli.c.obj
 .text.embeddedCliProcess
                0x100072c4       0xb4 CMakeFiles/tulip4041_module.dir/embedded_cli.c.obj
                0x100072c4                embeddedCliProcess
 .text.embeddedCliGetTokenCount
                0x10007378       0x2a CMakeFiles/tulip4041_module.dir/embedded_cli.c.obj
                0x10007378                embeddedCliGetTokenCount
 *fill*         0x100073a2        0x2 
 .text.onHelp   0x100073a4      0x108 CMakeFiles/tulip4041_module.dir/embedded_cli.c.obj
 .text._ZL14wait_for_writeim
                0x100074ac       0x1c CMakeFiles/tulip4041_module.dir/cdc_helper.cpp.obj
 .text.cdc_flush
                0x100074c8        0xa CMakeFiles/tulip4041_module.dir/cdc_helper.cpp.obj
                0x100074c8                cdc_flush
 .text.cdc_connected
                0x100074d2        0xa CMakeFiles/tulip4041_module.dir/cdc_helper.cpp.obj
                0x100074d2                cdc_connected
 .text.cdc_sendbuf
                0x100074dc       0x1a CMakeFiles/tulip4041_module.dir/cdc_helper.cpp.obj
                0x100074dc                cdc_sendbuf
 .text.cdc_send_printport
                0x100074f6       0x20 CMakeFiles/tulip4041_module.dir/cdc_helper.cpp.obj
                0x100074f6                cdc_send_printport
 .text.cdc_send_char
                0x10007516       0x1a CMakeFiles/tulip4041_module.dir/cdc_helper.cpp.obj
                0x10007516                cdc_send_char
 .text.cdc_send_char_flush
                0x10007530       0x20 CMakeFiles/tulip4041_module.dir/cdc_helper.cpp.obj
                0x10007530                cdc_send_char_flush
 .text.cdc_read_byte
                0x10007550       0x28 CMakeFiles/tulip4041_module.dir/cdc_helper.cpp.obj
                0x10007550                cdc_read_byte
 .text.cdc_read_char
                0x10007578       0x26 CMakeFiles/tulip4041_module.dir/cdc_helper.cpp.obj
                0x10007578                cdc_read_char
 .text.cdc_available
                0x1000759e        0xa CMakeFiles/tulip4041_module.dir/cdc_helper.cpp.obj
                0x1000759e                cdc_available
 .text.cdc_read_flush
                0x100075a8        0xa CMakeFiles/tulip4041_module.dir/cdc_helper.cpp.obj
                0x100075a8                cdc_read_flush
 *fill*         0x100075b2        0x2 
 .text.cdc_send_string
                0x100075b4       0x30 CMakeFiles/tulip4041_module.dir/cdc_helper.cpp.obj
                0x100075b4                cdc_send_string
 .text._Z41__static_initialization_and_destruction_0v
                0x100075e4       0x18 CMakeFiles/tulip4041_module.dir/globalsettings.cpp.obj
 .text._GLOBAL__sub_I_globsetting
                0x100075fc        0x8 CMakeFiles/tulip4041_module.dir/globalsettings.cpp.obj
 .text.tud_descriptor_device_cb
                0x10007604        0x8 CMakeFiles/tulip4041_module.dir/usb-descriptors.cpp.obj
                0x10007604                tud_descriptor_device_cb
 .text.tud_descriptor_configuration_cb
                0x1000760c        0x8 CMakeFiles/tulip4041_module.dir/usb-descriptors.cpp.obj
                0x1000760c                tud_descriptor_configuration_cb
 .text.tud_descriptor_string_cb
                0x10007614       0x4c CMakeFiles/tulip4041_module.dir/usb-descriptors.cpp.obj
                0x10007614                tud_descriptor_string_cb
 .text.usbd_serial_init
                0x10007660       0x50 CMakeFiles/tulip4041_module.dir/usb-descriptors.cpp.obj
                0x10007660                usbd_serial_init
 .text.queue_get_level
                0x100076b0       0x42 CMakeFiles/tulip4041_module.dir/tracer.cpp.obj
 .text.queue_init
                0x100076f2       0x1a CMakeFiles/tulip4041_module.dir/tracer.cpp.obj
 .text.TraceBuffer_init
                0x1000770c       0x2c CMakeFiles/tulip4041_module.dir/tracer.cpp.obj
                0x1000770c                TraceBuffer_init
 .text._Z10HPIL_instrt
                0x10007738       0xb0 CMakeFiles/tulip4041_module.dir/tracer.cpp.obj
                0x10007738                HPIL_instr(unsigned short)
 .text.Trace_task
                0x100077e8      0x7ec CMakeFiles/tulip4041_module.dir/tracer.cpp.obj
                0x100077e8                Trace_task
 .text.sd_get_num
                0x10007fd4        0x4 CMakeFiles/tulip4041_module.dir/hw_config.c.obj
                0x10007fd4                sd_get_num
 .text.sd_get_by_num
                0x10007fd8       0x34 CMakeFiles/tulip4041_module.dir/hw_config.c.obj
                0x10007fd8                sd_get_by_num
 .text.uart_putc
                0x1000800c       0x70 CMakeFiles/tulip4041_module.dir/peripherals.cpp.obj
 .text.uart_puts
                0x1000807c       0x54 CMakeFiles/tulip4041_module.dir/peripherals.cpp.obj
 .text.queue_get_level
                0x100080d0       0x42 CMakeFiles/tulip4041_module.dir/peripherals.cpp.obj
 .text.queue_init
                0x10008112       0x1a CMakeFiles/tulip4041_module.dir/peripherals.cpp.obj
 .text.gpio_toggle
                0x1000812c       0x18 CMakeFiles/tulip4041_module.dir/peripherals.cpp.obj
                0x1000812c                gpio_toggle
 .text.serialport_init
                0x10008144       0x40 CMakeFiles/tulip4041_module.dir/peripherals.cpp.obj
                0x10008144                serialport_init
 .text.bus_init
                0x10008184      0x114 CMakeFiles/tulip4041_module.dir/peripherals.cpp.obj
                0x10008184                bus_init
 .text.WandBuffer_init
                0x10008298       0x18 CMakeFiles/tulip4041_module.dir/peripherals.cpp.obj
                0x10008298                WandBuffer_init
 .text._Z6parityh
                0x100082b0       0x12 CMakeFiles/tulip4041_module.dir/peripherals.cpp.obj
                0x100082b0                parity(unsigned char)
 .text._Z23calculate_frame_payloadh
                0x100082c2       0x42 CMakeFiles/tulip4041_module.dir/peripherals.cpp.obj
                0x100082c2                calculate_frame_payload(unsigned char)
 .text._Z15construct_framet
                0x10008304       0x28 CMakeFiles/tulip4041_module.dir/peripherals.cpp.obj
                0x10008304                construct_frame(unsigned short)
 .text.PrintBuffer_init
                0x1000832c       0x14 CMakeFiles/tulip4041_module.dir/peripherals.cpp.obj
                0x1000832c                PrintBuffer_init
 .text.Print_task
                0x10008340       0x98 CMakeFiles/tulip4041_module.dir/peripherals.cpp.obj
                0x10008340                Print_task
 .text.PrintIRchar
                0x100083d8       0x20 CMakeFiles/tulip4041_module.dir/peripherals.cpp.obj
                0x100083d8                PrintIRchar
 .text.getIL_mnemonic
                0x100083f8       0x38 CMakeFiles/tulip4041_module.dir/peripherals.cpp.obj
                0x100083f8                getIL_mnemonic
 .text._Z10HPIL_scopetbb
                0x10008430       0xc4 CMakeFiles/tulip4041_module.dir/peripherals.cpp.obj
                0x10008430                HPIL_scope(unsigned short, bool, bool)
 .text._Z12PILBox_scopethhb
                0x100084f4       0xd4 CMakeFiles/tulip4041_module.dir/peripherals.cpp.obj
                0x100084f4                PILBox_scope(unsigned short, unsigned char, unsigned char, bool)
 .text.HPIL_init
                0x100085c8       0x40 CMakeFiles/tulip4041_module.dir/peripherals.cpp.obj
                0x100085c8                HPIL_init
 .text._Z16PILBox_sendframet
                0x10008608       0xa0 CMakeFiles/tulip4041_module.dir/peripherals.cpp.obj
                0x10008608                PILBox_sendframe(unsigned short)
 .text._Z16PILBox_revcframev
                0x100086a8      0x120 CMakeFiles/tulip4041_module.dir/peripherals.cpp.obj
                0x100086a8                PILBox_revcframe()
 .text._Z14HPIL_SendFramet
                0x100087c8       0x24 CMakeFiles/tulip4041_module.dir/peripherals.cpp.obj
                0x100087c8                HPIL_SendFrame(unsigned short)
 .text._Z16HPIL_AutoIDYTaskv
                0x100087ec       0x58 CMakeFiles/tulip4041_module.dir/peripherals.cpp.obj
                0x100087ec                HPIL_AutoIDYTask()
 .text._Z14HPIL_RecvFramet
                0x10008844       0x70 CMakeFiles/tulip4041_module.dir/peripherals.cpp.obj
                0x10008844                HPIL_RecvFrame(unsigned short)
 .text.HPIL_task
                0x100088b4      0x214 CMakeFiles/tulip4041_module.dir/peripherals.cpp.obj
                0x100088b4                HPIL_task
 .text._ZL14fs_type_stringi
                0x10008ac8       0x38 CMakeFiles/tulip4041_module.dir/sdcard.cpp.obj
 .text.put_out_error_message
                0x10008b00       0x1c CMakeFiles/tulip4041_module.dir/sdcard.cpp.obj
                0x10008b00                put_out_error_message
 .text.put_out_info_message
                0x10008b1c       0x1c CMakeFiles/tulip4041_module.dir/sdcard.cpp.obj
                0x10008b1c                put_out_info_message
 .text.sdcard_init
                0x10008b38        0x8 CMakeFiles/tulip4041_module.dir/sdcard.cpp.obj
                0x10008b38                sdcard_init
 .text.sd_mounted
                0x10008b40       0x34 CMakeFiles/tulip4041_module.dir/sdcard.cpp.obj
                0x10008b40                sd_mounted
 .text.sd_mount
                0x10008b74       0x80 CMakeFiles/tulip4041_module.dir/sdcard.cpp.obj
                0x10008b74                sd_mount
 .text.sd_mount_s
                0x10008bf4       0x54 CMakeFiles/tulip4041_module.dir/sdcard.cpp.obj
                0x10008bf4                sd_mount_s
 .text.sd_unmount
                0x10008c48       0x58 CMakeFiles/tulip4041_module.dir/sdcard.cpp.obj
                0x10008c48                sd_unmount
 .text.sd_dir   0x10008ca0       0xfc CMakeFiles/tulip4041_module.dir/sdcard.cpp.obj
                0x10008ca0                sd_dir
 .text.sd_sect_count
                0x10008d9c       0x48 CMakeFiles/tulip4041_module.dir/sdcard.cpp.obj
                0x10008d9c                sd_sect_count
 .text.sd_status
                0x10008de4      0x274 CMakeFiles/tulip4041_module.dir/sdcard.cpp.obj
                0x10008de4                sd_status
 .text._Z41__static_initialization_and_destruction_0v
                0x10009058       0x10 CMakeFiles/tulip4041_module.dir/module.cpp.obj
 .text._ZN8CModules8retrieveEv
                0x10009068       0x30 CMakeFiles/tulip4041_module.dir/module.cpp.obj
                0x10009068                CModules::retrieve()
 .text.fram_rommap_init
                0x10009098       0x24 CMakeFiles/tulip4041_module.dir/module.cpp.obj
                0x10009098                fram_rommap_init
 .text._GLOBAL__sub_I_TULIP_Pages
                0x100090bc        0x8 CMakeFiles/tulip4041_module.dir/module.cpp.obj
 .text.usb_sd_eject
                0x100090c4        0xc CMakeFiles/tulip4041_module.dir/msc_device_disk.c.obj
                0x100090c4                usb_sd_eject
 .text.usb_sd_connect
                0x100090d0        0xc CMakeFiles/tulip4041_module.dir/msc_device_disk.c.obj
                0x100090d0                usb_sd_connect
 .text.tud_mount_cb
                0x100090dc       0x14 CMakeFiles/tulip4041_module.dir/msc_device_disk.c.obj
                0x100090dc                tud_mount_cb
 .text.tud_umount_cb
                0x100090f0       0x14 CMakeFiles/tulip4041_module.dir/msc_device_disk.c.obj
                0x100090f0                tud_umount_cb
 .text.tud_suspend_cb
                0x10009104        0x2 CMakeFiles/tulip4041_module.dir/msc_device_disk.c.obj
                0x10009104                tud_suspend_cb
 .text.tud_resume_cb
                0x10009106        0x2 CMakeFiles/tulip4041_module.dir/msc_device_disk.c.obj
                0x10009106                tud_resume_cb
 .text.tud_msc_inquiry_cb
                0x10009108       0x64 CMakeFiles/tulip4041_module.dir/msc_device_disk.c.obj
                0x10009108                tud_msc_inquiry_cb
 .text.tud_msc_test_unit_ready_cb
                0x1000916c       0x20 CMakeFiles/tulip4041_module.dir/msc_device_disk.c.obj
                0x1000916c                tud_msc_test_unit_ready_cb
 .text.tud_msc_capacity_cb
                0x1000918c       0x3c CMakeFiles/tulip4041_module.dir/msc_device_disk.c.obj
                0x1000918c                tud_msc_capacity_cb
 .text.tud_msc_start_stop_cb
                0x100091c8       0x28 CMakeFiles/tulip4041_module.dir/msc_device_disk.c.obj
                0x100091c8                tud_msc_start_stop_cb
 .text.tud_msc_read10_cb
                0x100091f0       0x24 CMakeFiles/tulip4041_module.dir/msc_device_disk.c.obj
                0x100091f0                tud_msc_read10_cb
 .text.tud_msc_is_writable_cb
                0x10009214        0x4 CMakeFiles/tulip4041_module.dir/msc_device_disk.c.obj
                0x10009214                tud_msc_is_writable_cb
 .text.tud_msc_write10_cb
                0x10009218       0x24 CMakeFiles/tulip4041_module.dir/msc_device_disk.c.obj
                0x10009218                tud_msc_write10_cb
 .text.tud_msc_scsi_cb
                0x1000923c       0x12 CMakeFiles/tulip4041_module.dir/msc_device_disk.c.obj
                0x1000923c                tud_msc_scsi_cb
 .text._Z13reserved_addrh
                0x1000924e       0x16 CMakeFiles/tulip4041_module.dir/i2c_devices.cpp.obj
                0x1000924e                reserved_addr(unsigned char)
 .text.i2c_initialize
                0x10009264       0x38 CMakeFiles/tulip4041_module.dir/i2c_devices.cpp.obj
                0x10009264                i2c_initialize
 .text.i2c_scan
                0x1000929c       0xb8 CMakeFiles/tulip4041_module.dir/i2c_devices.cpp.obj
                0x1000929c                i2c_scan
 .text.pcf8520_reset
                0x10009354       0x5c CMakeFiles/tulip4041_module.dir/i2c_devices.cpp.obj
                0x10009354                pcf8520_reset
 .text.pcf8520_read_all
                0x100093b0       0x34 CMakeFiles/tulip4041_module.dir/i2c_devices.cpp.obj
                0x100093b0                pcf8520_read_all
 .text.gpio_default_irq_handler
                0x100093e4       0x8c CMakeFiles/tulip4041_module.dir/C_/Users/MeinK/.pico-sdk/sdk/2.2.0/src/rp2_common/hardware_gpio/gpio.c.obj
 .text._gpio_set_irq_enabled
                0x10009470       0x38 CMakeFiles/tulip4041_module.dir/C_/Users/MeinK/.pico-sdk/sdk/2.2.0/src/rp2_common/hardware_gpio/gpio.c.obj
 .text.gpio_set_function
                0x100094a8       0x38 CMakeFiles/tulip4041_module.dir/C_/Users/MeinK/.pico-sdk/sdk/2.2.0/src/rp2_common/hardware_gpio/gpio.c.obj
                0x100094a8                gpio_set_function
 .text.gpio_set_pulls
                0x100094e0       0x38 CMakeFiles/tulip4041_module.dir/C_/Users/MeinK/.pico-sdk/sdk/2.2.0/src/rp2_common/hardware_gpio/gpio.c.obj
                0x100094e0                gpio_set_pulls
 .text.gpio_set_slew_rate
                0x10009518       0x1c CMakeFiles/tulip4041_module.dir/C_/Users/MeinK/.pico-sdk/sdk/2.2.0/src/rp2_common/hardware_gpio/gpio.c.obj
                0x10009518                gpio_set_slew_rate
 .text.gpio_set_drive_strength
                0x10009534       0x20 CMakeFiles/tulip4041_module.dir/C_/Users/MeinK/.pico-sdk/sdk/2.2.0/src/rp2_common/hardware_gpio/gpio.c.obj
                0x10009534                gpio_set_drive_strength
 .text.gpio_set_irq_enabled
                0x10009554       0x50 CMakeFiles/tulip4041_module.dir/C_/Users/MeinK/.pico-sdk/sdk/2.2.0/src/rp2_common/hardware_gpio/gpio.c.obj
                0x10009554                gpio_set_irq_enabled
 .text.gpio_set_irq_callback
                0x100095a4       0x44 CMakeFiles/tulip4041_module.dir/C_/Users/MeinK/.pico-sdk/sdk/2.2.0/src/rp2_common/hardware_gpio/gpio.c.obj
                0x100095a4                gpio_set_irq_callback
 .text.gpio_set_irq_enabled_with_callback
                0x100095e8       0x26 CMakeFiles/tulip4041_module.dir/C_/Users/MeinK/.pico-sdk/sdk/2.2.0/src/rp2_common/hardware_gpio/gpio.c.obj
                0x100095e8                gpio_set_irq_enabled_with_callback
 .text.gpio_init
                0x1000960e       0x16 CMakeFiles/tulip4041_module.dir/C_/Users/MeinK/.pico-sdk/sdk/2.2.0/src/rp2_common/hardware_gpio/gpio.c.obj
                0x1000960e                gpio_init
 .text.gpio_deinit
                0x10009624        0xa CMakeFiles/tulip4041_module.dir/C_/Users/MeinK/.pico-sdk/sdk/2.2.0/src/rp2_common/hardware_gpio/gpio.c.obj
                0x10009624                gpio_deinit
 *fill*         0x1000962e        0x2 
 .text.panic    0x10009630       0x30 CMakeFiles/tulip4041_module.dir/C_/Users/MeinK/.pico-sdk/sdk/2.2.0/src/rp2_common/pico_platform_panic/panic.c.obj
                0x10009630                panic
 .text.hw_claim_lock
                0x10009660       0x24 CMakeFiles/tulip4041_module.dir/C_/Users/MeinK/.pico-sdk/sdk/2.2.0/src/common/hardware_claim/claim.c.obj
                0x10009660                hw_claim_lock
 .text.hw_claim_unlock
                0x10009684       0x14 CMakeFiles/tulip4041_module.dir/C_/Users/MeinK/.pico-sdk/sdk/2.2.0/src/common/hardware_claim/claim.c.obj
                0x10009684                hw_claim_unlock
 .text.hw_claim_or_assert
                0x10009698       0x32 CMakeFiles/tulip4041_module.dir/C_/Users/MeinK/.pico-sdk/sdk/2.2.0/src/common/hardware_claim/claim.c.obj
                0x10009698                hw_claim_or_assert
 .text.hw_claim_unused_from_range
                0x100096ca       0x4e CMakeFiles/tulip4041_module.dir/C_/Users/MeinK/.pico-sdk/sdk/2.2.0/src/common/hardware_claim/claim.c.obj
                0x100096ca                hw_claim_unused_from_range
 .text.next_striped_spin_lock_num
                0x10009718       0x1c CMakeFiles/tulip4041_module.dir/C_/Users/MeinK/.pico-sdk/sdk/2.2.0/src/rp2_common/hardware_sync/sync.c.obj
                0x10009718                next_striped_spin_lock_num
 .text.spin_lock_claim_unused
                0x10009734       0x24 CMakeFiles/tulip4041_module.dir/C_/Users/MeinK/.pico-sdk/sdk/2.2.0/src/rp2_common/hardware_sync/sync.c.obj
                0x10009734                spin_lock_claim_unused
 .text.spinlock_set_extexclall
                0x10009758        0xe CMakeFiles/tulip4041_module.dir/C_/Users/MeinK/.pico-sdk/sdk/2.2.0/src/rp2_common/hardware_sync_spin_lock/sync_spin_lock.c.obj
 *fill*         0x10009766        0x2 
 .text.spin_locks_reset
                0x10009768       0x1c CMakeFiles/tulip4041_module.dir/C_/Users/MeinK/.pico-sdk/sdk/2.2.0/src/rp2_common/hardware_sync_spin_lock/sync_spin_lock.c.obj
                0x10009768                spin_locks_reset
 .text.set_raw_irq_handler_and_unlock
                0x10009784       0x24 CMakeFiles/tulip4041_module.dir/C_/Users/MeinK/.pico-sdk/sdk/2.2.0/src/rp2_common/hardware_irq/irq.c.obj
 .text.nvic_ipr0
                0x100097a8        0x8 CMakeFiles/tulip4041_module.dir/C_/Users/MeinK/.pico-sdk/sdk/2.2.0/src/rp2_common/hardware_irq/irq.c.obj
 .text.runtime_init_per_core_irq_priorities
                0x100097b0       0x1c CMakeFiles/tulip4041_module.dir/C_/Users/MeinK/.pico-sdk/sdk/2.2.0/src/rp2_common/hardware_irq/irq.c.obj
                0x100097b0                runtime_init_per_core_irq_priorities
 .text.resolve_j_16
                0x100097cc       0x40 CMakeFiles/tulip4041_module.dir/C_/Users/MeinK/.pico-sdk/sdk/2.2.0/src/rp2_common/hardware_irq/irq.c.obj
 .text.make_j_16
                0x1000980c       0x3c CMakeFiles/tulip4041_module.dir/C_/Users/MeinK/.pico-sdk/sdk/2.2.0/src/rp2_common/hardware_irq/irq.c.obj
 .text.insert_bl_32
                0x10009848       0x3c CMakeFiles/tulip4041_module.dir/C_/Users/MeinK/.pico-sdk/sdk/2.2.0/src/rp2_common/hardware_irq/irq.c.obj
 .text.irq_is_enabled
                0x10009884       0x20 CMakeFiles/tulip4041_module.dir/C_/Users/MeinK/.pico-sdk/sdk/2.2.0/src/rp2_common/hardware_irq/irq.c.obj
                0x10009884                irq_is_enabled
 .text.irq_set_mask_n_enabled
                0x100098a4       0x20 CMakeFiles/tulip4041_module.dir/C_/Users/MeinK/.pico-sdk/sdk/2.2.0/src/rp2_common/hardware_irq/irq.c.obj
                0x100098a4                irq_set_mask_n_enabled
 .text.irq_set_enabled
                0x100098c4       0x14 CMakeFiles/tulip4041_module.dir/C_/Users/MeinK/.pico-sdk/sdk/2.2.0/src/rp2_common/hardware_irq/irq.c.obj
                0x100098c4                irq_set_enabled
 .text.irq_get_vtable_handler
                0x100098d8       0x10 CMakeFiles/tulip4041_module.dir/C_/Users/MeinK/.pico-sdk/sdk/2.2.0/src/rp2_common/hardware_irq/irq.c.obj
                0x100098d8                irq_get_vtable_handler
 .text.irq_has_handler
                0x100098e8       0x20 CMakeFiles/tulip4041_module.dir/C_/Users/MeinK/.pico-sdk/sdk/2.2.0/src/rp2_common/hardware_irq/irq.c.obj
                0x100098e8                irq_has_handler
 .text.irq_set_exclusive_handler
                0x10009908       0x60 CMakeFiles/tulip4041_module.dir/C_/Users/MeinK/.pico-sdk/sdk/2.2.0/src/rp2_common/hardware_irq/irq.c.obj
                0x10009908                irq_set_exclusive_handler
 .text.irq_add_shared_handler
                0x10009968      0x234 CMakeFiles/tulip4041_module.dir/C_/Users/MeinK/.pico-sdk/sdk/2.2.0/src/rp2_common/hardware_irq/irq.c.obj
                0x10009968                irq_add_shared_handler
 .text.irq_remove_handler
                0x10009b9c      0x178 CMakeFiles/tulip4041_module.dir/C_/Users/MeinK/.pico-sdk/sdk/2.2.0/src/rp2_common/hardware_irq/irq.c.obj
                0x10009b9c                irq_remove_handler
 .text.irq_add_tail_to_free_list
                0x10009d14       0xf8 CMakeFiles/tulip4041_module.dir/C_/Users/MeinK/.pico-sdk/sdk/2.2.0/src/rp2_common/hardware_irq/irq.c.obj
                0x10009d14                irq_add_tail_to_free_list
 .text.lock_init
                0x10009e0c        0xc CMakeFiles/tulip4041_module.dir/C_/Users/MeinK/.pico-sdk/sdk/2.2.0/src/common/pico_sync/lock_core.c.obj
                0x10009e0c                lock_init
 .text.mutex_init
                0x10009e18       0x1a CMakeFiles/tulip4041_module.dir/C_/Users/MeinK/.pico-sdk/sdk/2.2.0/src/common/pico_sync/mutex.c.obj
                0x10009e18                mutex_init
 .text.recursive_mutex_init
                0x10009e32       0x1e CMakeFiles/tulip4041_module.dir/C_/Users/MeinK/.pico-sdk/sdk/2.2.0/src/common/pico_sync/mutex.c.obj
                0x10009e32                recursive_mutex_init
 .text.runtime_init_mutex
                0x10009e50       0x4c CMakeFiles/tulip4041_module.dir/C_/Users/MeinK/.pico-sdk/sdk/2.2.0/src/common/pico_sync/mutex.c.obj
                0x10009e50                runtime_init_mutex
 .text.critical_section_init_with_lock_num
                0x10009e9c       0x10 CMakeFiles/tulip4041_module.dir/C_/Users/MeinK/.pico-sdk/sdk/2.2.0/src/common/pico_sync/critical_section.c.obj
                0x10009e9c                critical_section_init_with_lock_num
 .text.critical_section_init
                0x10009eac       0x14 CMakeFiles/tulip4041_module.dir/C_/Users/MeinK/.pico-sdk/sdk/2.2.0/src/common/pico_sync/critical_section.c.obj
                0x10009eac                critical_section_init
 .text.ta_from_current_irq
                0x10009ec0       0x24 CMakeFiles/tulip4041_module.dir/C_/Users/MeinK/.pico-sdk/sdk/2.2.0/src/common/pico_time/time.c.obj
 .text.ta_set_timeout
                0x10009ee4       0x2a CMakeFiles/tulip4041_module.dir/C_/Users/MeinK/.pico-sdk/sdk/2.2.0/src/common/pico_time/time.c.obj
 .text.make_alarm_id
                0x10009f0e        0x6 CMakeFiles/tulip4041_module.dir/C_/Users/MeinK/.pico-sdk/sdk/2.2.0/src/common/pico_time/time.c.obj
 .text.sleep_until_callback
                0x10009f14       0x3c CMakeFiles/tulip4041_module.dir/C_/Users/MeinK/.pico-sdk/sdk/2.2.0/src/common/pico_time/time.c.obj
 .text.alarm_pool_irq_handler
                0x10009f50      0x2ec CMakeFiles/tulip4041_module.dir/C_/Users/MeinK/.pico-sdk/sdk/2.2.0/src/common/pico_time/time.c.obj
 .text.ta_enable_irq_handler
                0x1000a23c       0x38 CMakeFiles/tulip4041_module.dir/C_/Users/MeinK/.pico-sdk/sdk/2.2.0/src/common/pico_time/time.c.obj
 .text.alarm_pool_post_alloc_init
                0x1000a274       0x7c CMakeFiles/tulip4041_module.dir/C_/Users/MeinK/.pico-sdk/sdk/2.2.0/src/common/pico_time/time.c.obj
 .text.alarm_pool_get_default
                0x1000a2f0       0x28 CMakeFiles/tulip4041_module.dir/C_/Users/MeinK/.pico-sdk/sdk/2.2.0/src/common/pico_time/time.c.obj
                0x1000a2f0                alarm_pool_get_default
 .text.alarm_pool_add_alarm_at_force_in_context
                0x1000a318       0xc0 CMakeFiles/tulip4041_module.dir/C_/Users/MeinK/.pico-sdk/sdk/2.2.0/src/common/pico_time/time.c.obj
                0x1000a318                alarm_pool_add_alarm_at_force_in_context
 .text.alarm_pool_add_alarm_at
                0x1000a3d8       0x38 CMakeFiles/tulip4041_module.dir/C_/Users/MeinK/.pico-sdk/sdk/2.2.0/src/common/pico_time/time.c.obj
                0x1000a3d8                alarm_pool_add_alarm_at
 .text.add_alarm_at
                0x1000a410       0x26 CMakeFiles/tulip4041_module.dir/C_/Users/MeinK/.pico-sdk/sdk/2.2.0/src/common/pico_time/time.c.obj
 .text.alarm_pool_cancel_alarm
                0x1000a436       0x72 CMakeFiles/tulip4041_module.dir/C_/Users/MeinK/.pico-sdk/sdk/2.2.0/src/common/pico_time/time.c.obj
                0x1000a436                alarm_pool_cancel_alarm
 .text.cancel_alarm
                0x1000a4a8       0x10 CMakeFiles/tulip4041_module.dir/C_/Users/MeinK/.pico-sdk/sdk/2.2.0/src/common/pico_time/time.c.obj
 .text.sleep_until
                0x1000a4b8       0xb4 CMakeFiles/tulip4041_module.dir/C_/Users/MeinK/.pico-sdk/sdk/2.2.0/src/common/pico_time/time.c.obj
                0x1000a4b8                sleep_until
 .text.sleep_us
                0x1000a56c       0x24 CMakeFiles/tulip4041_module.dir/C_/Users/MeinK/.pico-sdk/sdk/2.2.0/src/common/pico_time/time.c.obj
                0x1000a56c                sleep_us
 .text.sleep_ms
                0x1000a590       0x28 CMakeFiles/tulip4041_module.dir/C_/Users/MeinK/.pico-sdk/sdk/2.2.0/src/common/pico_time/time.c.obj
                0x1000a590                sleep_ms
 .text.best_effort_wfe_or_timeout
                0x1000a5b8       0xfc CMakeFiles/tulip4041_module.dir/C_/Users/MeinK/.pico-sdk/sdk/2.2.0/src/common/pico_time/time.c.obj
                0x1000a5b8                best_effort_wfe_or_timeout
 .text.alarm_pool_get_default_timer
                0x1000a6b4        0x8 CMakeFiles/tulip4041_module.dir/C_/Users/MeinK/.pico-sdk/sdk/2.2.0/src/common/pico_time/time.c.obj
                0x1000a6b4                alarm_pool_get_default_timer
 .text.runtime_init_default_alarm_pool
                0x1000a6bc       0x34 CMakeFiles/tulip4041_module.dir/C_/Users/MeinK/.pico-sdk/sdk/2.2.0/src/common/pico_time/time.c.obj
                0x1000a6bc                runtime_init_default_alarm_pool
 .text.timer_hardware_alarm_claim
                0x1000a6f0       0x24 CMakeFiles/tulip4041_module.dir/C_/Users/MeinK/.pico-sdk/sdk/2.2.0/src/rp2_common/hardware_timer/timer.c.obj
                0x1000a6f0                timer_hardware_alarm_claim
 .text.timer_time_us_64
                0x1000a714       0x10 CMakeFiles/tulip4041_module.dir/C_/Users/MeinK/.pico-sdk/sdk/2.2.0/src/rp2_common/hardware_timer/timer.c.obj
                0x1000a714                timer_time_us_64
 .text.timer_busy_wait_until
                0x1000a724       0x1a CMakeFiles/tulip4041_module.dir/C_/Users/MeinK/.pico-sdk/sdk/2.2.0/src/rp2_common/hardware_timer/timer.c.obj
                0x1000a724                timer_busy_wait_until
 .text.timer_busy_wait_us
                0x1000a73e       0x28 CMakeFiles/tulip4041_module.dir/C_/Users/MeinK/.pico-sdk/sdk/2.2.0/src/rp2_common/hardware_timer/timer.c.obj
                0x1000a73e                timer_busy_wait_us
 *fill*         0x1000a766        0x2 
 .text.time_us_64
                0x1000a768       0x10 CMakeFiles/tulip4041_module.dir/C_/Users/MeinK/.pico-sdk/sdk/2.2.0/src/rp2_common/hardware_timer/timer.c.obj
                0x1000a768                time_us_64
 .text.busy_wait_us
                0x1000a778       0x14 CMakeFiles/tulip4041_module.dir/C_/Users/MeinK/.pico-sdk/sdk/2.2.0/src/rp2_common/hardware_timer/timer.c.obj
                0x1000a778                busy_wait_us
 .text.busy_wait_until
                0x1000a78c       0x14 CMakeFiles/tulip4041_module.dir/C_/Users/MeinK/.pico-sdk/sdk/2.2.0/src/rp2_common/hardware_timer/timer.c.obj
                0x1000a78c                busy_wait_until
 .text.element_ptr
                0x1000a7a0       0x2c CMakeFiles/tulip4041_module.dir/C_/Users/MeinK/.pico-sdk/sdk/2.2.0/src/common/pico_util/queue.c.obj
 .text.queue_add_internal
                0x1000a7cc       0x94 CMakeFiles/tulip4041_module.dir/C_/Users/MeinK/.pico-sdk/sdk/2.2.0/src/common/pico_util/queue.c.obj
 .text.queue_remove_internal
                0x1000a860       0x94 CMakeFiles/tulip4041_module.dir/C_/Users/MeinK/.pico-sdk/sdk/2.2.0/src/common/pico_util/queue.c.obj
 .text.queue_init_with_spinlock
                0x1000a8f4       0x24 CMakeFiles/tulip4041_module.dir/C_/Users/MeinK/.pico-sdk/sdk/2.2.0/src/common/pico_util/queue.c.obj
                0x1000a8f4                queue_init_with_spinlock
 .text.queue_try_add
                0x1000a918        0xa CMakeFiles/tulip4041_module.dir/C_/Users/MeinK/.pico-sdk/sdk/2.2.0/src/common/pico_util/queue.c.obj
                0x1000a918                queue_try_add
 .text.queue_try_remove
                0x1000a922        0xa CMakeFiles/tulip4041_module.dir/C_/Users/MeinK/.pico-sdk/sdk/2.2.0/src/common/pico_util/queue.c.obj
                0x1000a922                queue_try_remove
 .text.queue_remove_blocking
                0x1000a92c        0xa CMakeFiles/tulip4041_module.dir/C_/Users/MeinK/.pico-sdk/sdk/2.2.0/src/common/pico_util/queue.c.obj
                0x1000a92c                queue_remove_blocking
 *fill*         0x1000a936        0x2 
 .text.uart_unreset
                0x1000a938       0x2c CMakeFiles/tulip4041_module.dir/C_/Users/MeinK/.pico-sdk/sdk/2.2.0/src/rp2_common/hardware_uart/uart.c.obj
 .text.uart_disable_before_lcr_write
                0x1000a964       0x40 CMakeFiles/tulip4041_module.dir/C_/Users/MeinK/.pico-sdk/sdk/2.2.0/src/rp2_common/hardware_uart/uart.c.obj
 .text.uart_write_lcr_bits_masked
                0x1000a9a4       0x1c CMakeFiles/tulip4041_module.dir/C_/Users/MeinK/.pico-sdk/sdk/2.2.0/src/rp2_common/hardware_uart/uart.c.obj
 .text.uart_set_baudrate
                0x1000a9c0       0x52 CMakeFiles/tulip4041_module.dir/C_/Users/MeinK/.pico-sdk/sdk/2.2.0/src/rp2_common/hardware_uart/uart.c.obj
                0x1000a9c0                uart_set_baudrate
 *fill*         0x1000aa12        0x2 
 .text.uart_set_translate_crlf
                0x1000aa14       0x24 CMakeFiles/tulip4041_module.dir/C_/Users/MeinK/.pico-sdk/sdk/2.2.0/src/rp2_common/hardware_uart/uart.c.obj
                0x1000aa14                uart_set_translate_crlf
 .text.uart_init
                0x1000aa38       0x5c CMakeFiles/tulip4041_module.dir/C_/Users/MeinK/.pico-sdk/sdk/2.2.0/src/rp2_common/hardware_uart/uart.c.obj
                0x1000aa38                uart_init
 .text.clock_configure_internal
                0x1000aa94       0xb8 CMakeFiles/tulip4041_module.dir/C_/Users/MeinK/.pico-sdk/sdk/2.2.0/src/rp2_common/hardware_clocks/clocks.c.obj
 .text.clock_configure_undivided
                0x1000ab4c       0x12 CMakeFiles/tulip4041_module.dir/C_/Users/MeinK/.pico-sdk/sdk/2.2.0/src/rp2_common/hardware_clocks/clocks.c.obj
                0x1000ab4c                clock_configure_undivided
 *fill*         0x1000ab5e        0x2 
 .text.clock_get_hz
                0x1000ab60        0xc CMakeFiles/tulip4041_module.dir/C_/Users/MeinK/.pico-sdk/sdk/2.2.0/src/rp2_common/hardware_clocks/clocks.c.obj
                0x1000ab60                clock_get_hz
 .text.frequency_count_khz
                0x1000ab6c       0x5c CMakeFiles/tulip4041_module.dir/C_/Users/MeinK/.pico-sdk/sdk/2.2.0/src/rp2_common/hardware_clocks/clocks.c.obj
                0x1000ab6c                frequency_count_khz
 .text.set_sys_clock_pll
                0x1000abc8       0x64 CMakeFiles/tulip4041_module.dir/C_/Users/MeinK/.pico-sdk/sdk/2.2.0/src/rp2_common/hardware_clocks/clocks.c.obj
                0x1000abc8                set_sys_clock_pll
 .text.check_sys_clock_khz
                0x1000ac2c       0x74 CMakeFiles/tulip4041_module.dir/C_/Users/MeinK/.pico-sdk/sdk/2.2.0/src/rp2_common/hardware_clocks/clocks.c.obj
                0x1000ac2c                check_sys_clock_khz
 .text.pll_init
                0x1000aca0      0x108 CMakeFiles/tulip4041_module.dir/C_/Users/MeinK/.pico-sdk/sdk/2.2.0/src/rp2_common/hardware_pll/pll.c.obj
                0x1000aca0                pll_init
 .text.watchdog_update
                0x1000ada8       0x14 CMakeFiles/tulip4041_module.dir/C_/Users/MeinK/.pico-sdk/sdk/2.2.0/src/rp2_common/hardware_watchdog/watchdog.c.obj
                0x1000ada8                watchdog_update
 .text._watchdog_enable
                0x1000adbc       0x6c CMakeFiles/tulip4041_module.dir/C_/Users/MeinK/.pico-sdk/sdk/2.2.0/src/rp2_common/hardware_watchdog/watchdog.c.obj
                0x1000adbc                _watchdog_enable
 .text.watchdog_enable
                0x1000ae28       0x18 CMakeFiles/tulip4041_module.dir/C_/Users/MeinK/.pico-sdk/sdk/2.2.0/src/rp2_common/hardware_watchdog/watchdog.c.obj
                0x1000ae28                watchdog_enable
 .text.tick_start
                0x1000ae40       0x1c CMakeFiles/tulip4041_module.dir/C_/Users/MeinK/.pico-sdk/sdk/2.2.0/src/rp2_common/hardware_ticks/ticks.c.obj
                0x1000ae40                tick_start
 .text.rom_reboot
                0x1000ae5c       0x40 CMakeFiles/tulip4041_module.dir/C_/Users/MeinK/.pico-sdk/sdk/2.2.0/src/rp2_common/pico_bootrom/bootrom.c.obj
 .text.rom_func_lookup
                0x1000ae9c       0x1e CMakeFiles/tulip4041_module.dir/C_/Users/MeinK/.pico-sdk/sdk/2.2.0/src/rp2_common/pico_bootrom/bootrom.c.obj
                0x1000ae9c                rom_func_lookup
 .text.rom_reset_usb_boot
                0x1000aeba       0x1e CMakeFiles/tulip4041_module.dir/C_/Users/MeinK/.pico-sdk/sdk/2.2.0/src/rp2_common/pico_bootrom/bootrom.c.obj
                0x1000aeba                rom_reset_usb_boot
 .text.rom_reset_usb_boot_extra
                0x1000aed8       0x20 CMakeFiles/tulip4041_module.dir/C_/Users/MeinK/.pico-sdk/sdk/2.2.0/src/rp2_common/pico_bootrom/bootrom.c.obj
                0x1000aed8                rom_reset_usb_boot_extra
 .text.runtime_init_bootrom_locking_enable
                0x1000aef8       0x14 CMakeFiles/tulip4041_module.dir/C_/Users/MeinK/.pico-sdk/sdk/2.2.0/src/rp2_common/pico_bootrom/bootrom_lock.c.obj
                0x1000aef8                runtime_init_bootrom_locking_enable
 .text.boot_locks_reset
                0x1000af0c       0x20 CMakeFiles/tulip4041_module.dir/C_/Users/MeinK/.pico-sdk/sdk/2.2.0/src/rp2_common/hardware_boot_lock/boot_lock.c.obj
                0x1000af0c                boot_locks_reset
 .text.runtime_init_boot_locks_reset
                0x1000af2c        0x8 CMakeFiles/tulip4041_module.dir/C_/Users/MeinK/.pico-sdk/sdk/2.2.0/src/rp2_common/hardware_boot_lock/boot_lock.c.obj
                0x1000af2c                runtime_init_boot_locks_reset
 .text.xosc_init
                0x1000af34       0x28 CMakeFiles/tulip4041_module.dir/C_/Users/MeinK/.pico-sdk/sdk/2.2.0/src/rp2_common/hardware_xosc/xosc.c.obj
                0x1000af34                xosc_init
 .text.runtime_run_initializers_from
                0x1000af5c       0x18 CMakeFiles/tulip4041_module.dir/C_/Users/MeinK/.pico-sdk/sdk/2.2.0/src/rp2_common/pico_runtime/runtime.c.obj
 .text.first_per_core_initializer
                0x1000af74        0x2 CMakeFiles/tulip4041_module.dir/C_/Users/MeinK/.pico-sdk/sdk/2.2.0/src/rp2_common/pico_runtime/runtime.c.obj
 *fill*         0x1000af76        0x2 
 .text.runtime_run_initializers
                0x1000af78       0x10 CMakeFiles/tulip4041_module.dir/C_/Users/MeinK/.pico-sdk/sdk/2.2.0/src/rp2_common/pico_runtime/runtime.c.obj
                0x1000af78                runtime_run_initializers
 .text.runtime_run_per_core_initializers
                0x1000af88       0x10 CMakeFiles/tulip4041_module.dir/C_/Users/MeinK/.pico-sdk/sdk/2.2.0/src/rp2_common/pico_runtime/runtime.c.obj
                0x1000af88                runtime_run_per_core_initializers
 .text.runtime_init_early_resets
                0x1000af98       0x2c CMakeFiles/tulip4041_module.dir/C_/Users/MeinK/.pico-sdk/sdk/2.2.0/src/rp2_common/pico_runtime_init/runtime_init.c.obj
                0x1000af98                runtime_init_early_resets
 .text.runtime_init_usb_power_down
                0x1000afc4       0x20 CMakeFiles/tulip4041_module.dir/C_/Users/MeinK/.pico-sdk/sdk/2.2.0/src/rp2_common/pico_runtime_init/runtime_init.c.obj
                0x1000afc4                runtime_init_usb_power_down
 .text.runtime_init_per_core_enable_coprocessors
                0x1000afe4       0x1c CMakeFiles/tulip4041_module.dir/C_/Users/MeinK/.pico-sdk/sdk/2.2.0/src/rp2_common/pico_runtime_init/runtime_init.c.obj
                0x1000afe4                runtime_init_per_core_enable_coprocessors
 .text.runtime_init_post_clock_resets
                0x1000b000       0x20 CMakeFiles/tulip4041_module.dir/C_/Users/MeinK/.pico-sdk/sdk/2.2.0/src/rp2_common/pico_runtime_init/runtime_init.c.obj
                0x1000b000                runtime_init_post_clock_resets
 .text.runtime_init_bootrom_reset
                0x1000b020       0x12 CMakeFiles/tulip4041_module.dir/C_/Users/MeinK/.pico-sdk/sdk/2.2.0/src/rp2_common/pico_runtime_init/runtime_init.c.obj
                0x1000b020                runtime_init_bootrom_reset
 .text.runtime_init_per_core_bootrom_reset
                0x1000b032       0x12 CMakeFiles/tulip4041_module.dir/C_/Users/MeinK/.pico-sdk/sdk/2.2.0/src/rp2_common/pico_runtime_init/runtime_init.c.obj
                0x1000b032                runtime_init_per_core_bootrom_reset
 .text.runtime_init_spin_locks_reset
                0x1000b044        0x8 CMakeFiles/tulip4041_module.dir/C_/Users/MeinK/.pico-sdk/sdk/2.2.0/src/rp2_common/pico_runtime_init/runtime_init.c.obj
                0x1000b044                runtime_init_spin_locks_reset
 .text.runtime_init_install_ram_vector_table
                0x1000b04c       0x48 CMakeFiles/tulip4041_module.dir/C_/Users/MeinK/.pico-sdk/sdk/2.2.0/src/rp2_common/pico_runtime_init/runtime_init.c.obj
                0x1000b04c                runtime_init_install_ram_vector_table
 .text.start_all_ticks
                0x1000b094       0x28 CMakeFiles/tulip4041_module.dir/C_/Users/MeinK/.pico-sdk/sdk/2.2.0/src/rp2_common/pico_runtime_init/runtime_init_clocks.c.obj
 .text.runtime_init_clocks
                0x1000b0bc       0xc4 CMakeFiles/tulip4041_module.dir/C_/Users/MeinK/.pico-sdk/sdk/2.2.0/src/rp2_common/pico_runtime_init/runtime_init_clocks.c.obj
                0x1000b0bc                runtime_init_clocks
 .text.__rp2350_dcp_engaged_state_save_restore
                0x1000b180       0x3a CMakeFiles/tulip4041_module.dir/C_/Users/MeinK/.pico-sdk/sdk/2.2.0/src/rp2_common/pico_double/double_aeabi_dcp.S.obj
 *fill*         0x1000b1ba        0x2 
 .text.__wrap___aeabi_dadd
                0x1000b1bc       0x28 CMakeFiles/tulip4041_module.dir/C_/Users/MeinK/.pico-sdk/sdk/2.2.0/src/rp2_common/pico_double/double_aeabi_dcp.S.obj
                0x1000b1c4                __wrap___aeabi_dadd
 .text.__wrap___aeabi_dsub
                0x1000b1e4       0x28 CMakeFiles/tulip4041_module.dir/C_/Users/MeinK/.pico-sdk/sdk/2.2.0/src/rp2_common/pico_double/double_aeabi_dcp.S.obj
                0x1000b1ec                __wrap___aeabi_dsub
 .text.__wrap___aeabi_dmul
                0x1000b20c       0x4c CMakeFiles/tulip4041_module.dir/C_/Users/MeinK/.pico-sdk/sdk/2.2.0/src/rp2_common/pico_double/double_aeabi_dcp.S.obj
                0x1000b214                __wrap___aeabi_dmul
 .text.__wrap___aeabi_ddiv
                0x1000b258       0x9c CMakeFiles/tulip4041_module.dir/C_/Users/MeinK/.pico-sdk/sdk/2.2.0/src/rp2_common/pico_double/double_aeabi_dcp.S.obj
                0x1000b260                __wrap___aeabi_ddiv
 .text.__wrap___aeabi_d2f
                0x1000b2f4       0x1c CMakeFiles/tulip4041_module.dir/C_/Users/MeinK/.pico-sdk/sdk/2.2.0/src/rp2_common/pico_double/double_aeabi_dcp.S.obj
                0x1000b2fc                __wrap___aeabi_d2f
                0x1000b2fc                double2float
 .text.__wrap___aeabi_i2d
                0x1000b310       0x24 CMakeFiles/tulip4041_module.dir/C_/Users/MeinK/.pico-sdk/sdk/2.2.0/src/rp2_common/pico_double/double_aeabi_dcp.S.obj
                0x1000b318                int2double
                0x1000b318                __wrap___aeabi_i2d
 .text.__wrap___aeabi_ui2d
                0x1000b334       0x24 CMakeFiles/tulip4041_module.dir/C_/Users/MeinK/.pico-sdk/sdk/2.2.0/src/rp2_common/pico_double/double_aeabi_dcp.S.obj
                0x1000b33c                uint2double
                0x1000b33c                __wrap___aeabi_ui2d
 .text.__wrap___aeabi_d2iz
                0x1000b358       0x24 CMakeFiles/tulip4041_module.dir/C_/Users/MeinK/.pico-sdk/sdk/2.2.0/src/rp2_common/pico_double/double_aeabi_dcp.S.obj
                0x1000b360                double2int_z
                0x1000b360                __wrap___aeabi_d2iz
 .text.__wrap___aeabi_d2uiz
                0x1000b37c       0x24 CMakeFiles/tulip4041_module.dir/C_/Users/MeinK/.pico-sdk/sdk/2.2.0/src/rp2_common/pico_double/double_aeabi_dcp.S.obj
                0x1000b384                double2uint
                0x1000b384                __wrap___aeabi_d2uiz
                0x1000b384                double2uint_z
 .text.__wrap___aeabi_dcmpun
                0x1000b3a0       0x24 CMakeFiles/tulip4041_module.dir/C_/Users/MeinK/.pico-sdk/sdk/2.2.0/src/rp2_common/pico_double/double_aeabi_dcp.S.obj
                0x1000b3a8                __wrap___aeabi_dcmpun
 .text.__wrap___aeabi_dcmpeq
                0x1000b3c4       0x24 CMakeFiles/tulip4041_module.dir/C_/Users/MeinK/.pico-sdk/sdk/2.2.0/src/rp2_common/pico_double/double_aeabi_dcp.S.obj
                0x1000b3cc                __wrap___aeabi_dcmpeq
 .text.__wrap___aeabi_dcmplt
                0x1000b3e8       0x28 CMakeFiles/tulip4041_module.dir/C_/Users/MeinK/.pico-sdk/sdk/2.2.0/src/rp2_common/pico_double/double_aeabi_dcp.S.obj
                0x1000b3f0                __wrap___aeabi_dcmplt
 .text.__wrap___aeabi_dcmple
                0x1000b410       0x28 CMakeFiles/tulip4041_module.dir/C_/Users/MeinK/.pico-sdk/sdk/2.2.0/src/rp2_common/pico_double/double_aeabi_dcp.S.obj
                0x1000b418                __wrap___aeabi_dcmple
 .text.__wrap___aeabi_dcmpge
                0x1000b438       0x28 CMakeFiles/tulip4041_module.dir/C_/Users/MeinK/.pico-sdk/sdk/2.2.0/src/rp2_common/pico_double/double_aeabi_dcp.S.obj
                0x1000b440                __wrap___aeabi_dcmpge
 .text.__wrap___aeabi_dcmpgt
                0x1000b460       0x28 CMakeFiles/tulip4041_module.dir/C_/Users/MeinK/.pico-sdk/sdk/2.2.0/src/rp2_common/pico_double/double_aeabi_dcp.S.obj
                0x1000b468                __wrap___aeabi_dcmpgt
 .text.__wrap_conv_tod
                0x1000b488      0x20c CMakeFiles/tulip4041_module.dir/C_/Users/MeinK/.pico-sdk/sdk/2.2.0/src/rp2_common/pico_double/double_conv_m33.S.obj
                0x1000b488                __wrap___aeabi_l2d
                0x1000b488                int642double
                0x1000b48a                fix642double
                0x1000b52e                __wrap___aeabi_ul2d
                0x1000b52e                uint642double
                0x1000b530                ufix642double
                0x1000b5c4                fix2double
                0x1000b634                ufix2double
 .text.__wrap_conv_dtoi64_z
                0x1000b694       0xa0 CMakeFiles/tulip4041_module.dir/C_/Users/MeinK/.pico-sdk/sdk/2.2.0/src/rp2_common/pico_double/double_conv_m33.S.obj
                0x1000b694                __wrap___aeabi_d2lz
                0x1000b694                double2int64_z
                0x1000b696                double2fix64_z
 .text.check_alloc
                0x1000b734       0x20 CMakeFiles/tulip4041_module.dir/C_/Users/MeinK/.pico-sdk/sdk/2.2.0/src/rp2_common/pico_malloc/malloc.c.obj
 .text.__wrap_malloc
                0x1000b754       0x2c CMakeFiles/tulip4041_module.dir/C_/Users/MeinK/.pico-sdk/sdk/2.2.0/src/rp2_common/pico_malloc/malloc.c.obj
                0x1000b754                __wrap_malloc
 .text.__wrap_calloc
                0x1000b780       0x30 CMakeFiles/tulip4041_module.dir/C_/Users/MeinK/.pico-sdk/sdk/2.2.0/src/rp2_common/pico_malloc/malloc.c.obj
                0x1000b780                __wrap_calloc
 .text.__wrap_realloc
                0x1000b7b0       0x30 CMakeFiles/tulip4041_module.dir/C_/Users/MeinK/.pico-sdk/sdk/2.2.0/src/rp2_common/pico_malloc/malloc.c.obj
                0x1000b7b0                __wrap_realloc
 .text.__wrap_free
                0x1000b7e0       0x20 CMakeFiles/tulip4041_module.dir/C_/Users/MeinK/.pico-sdk/sdk/2.2.0/src/rp2_common/pico_malloc/malloc.c.obj
                0x1000b7e0                __wrap_free
 .text._out_buffer
                0x1000b800        0x8 CMakeFiles/tulip4041_module.dir/C_/Users/MeinK/.pico-sdk/sdk/2.2.0/src/rp2_common/pico_printf/printf.c.obj
 .text._out_null
                0x1000b808        0x2 CMakeFiles/tulip4041_module.dir/C_/Users/MeinK/.pico-sdk/sdk/2.2.0/src/rp2_common/pico_printf/printf.c.obj
 .text._out_fct
                0x1000b80a        0xe CMakeFiles/tulip4041_module.dir/C_/Users/MeinK/.pico-sdk/sdk/2.2.0/src/rp2_common/pico_printf/printf.c.obj
 .text._atoi    0x1000b818       0x26 CMakeFiles/tulip4041_module.dir/C_/Users/MeinK/.pico-sdk/sdk/2.2.0/src/rp2_common/pico_printf/printf.c.obj
 .text._out_rev
                0x1000b83e       0x7e CMakeFiles/tulip4041_module.dir/C_/Users/MeinK/.pico-sdk/sdk/2.2.0/src/rp2_common/pico_printf/printf.c.obj
 .text._ntoa_format
                0x1000b8bc      0x134 CMakeFiles/tulip4041_module.dir/C_/Users/MeinK/.pico-sdk/sdk/2.2.0/src/rp2_common/pico_printf/printf.c.obj
 .text._ntoa_long
                0x1000b9f0       0x94 CMakeFiles/tulip4041_module.dir/C_/Users/MeinK/.pico-sdk/sdk/2.2.0/src/rp2_common/pico_printf/printf.c.obj
 .text._ntoa_long_long
                0x1000ba84       0xc2 CMakeFiles/tulip4041_module.dir/C_/Users/MeinK/.pico-sdk/sdk/2.2.0/src/rp2_common/pico_printf/printf.c.obj
 *fill*         0x1000bb46        0x2 
 .text._etoa    0x1000bb48      0x420 CMakeFiles/tulip4041_module.dir/C_/Users/MeinK/.pico-sdk/sdk/2.2.0/src/rp2_common/pico_printf/printf.c.obj
 .text._ftoa    0x1000bf68      0x398 CMakeFiles/tulip4041_module.dir/C_/Users/MeinK/.pico-sdk/sdk/2.2.0/src/rp2_common/pico_printf/printf.c.obj
 .text._vsnprintf
                0x1000c300      0x6d8 CMakeFiles/tulip4041_module.dir/C_/Users/MeinK/.pico-sdk/sdk/2.2.0/src/rp2_common/pico_printf/printf.c.obj
 .text.__wrap_sprintf
                0x1000c9d8       0x2c CMakeFiles/tulip4041_module.dir/C_/Users/MeinK/.pico-sdk/sdk/2.2.0/src/rp2_common/pico_printf/printf.c.obj
                0x1000c9d8                __wrap_sprintf
 .text.__wrap_snprintf
                0x1000ca04       0x28 CMakeFiles/tulip4041_module.dir/C_/Users/MeinK/.pico-sdk/sdk/2.2.0/src/rp2_common/pico_printf/printf.c.obj
                0x1000ca04                __wrap_snprintf
 .text.__wrap_vsnprintf
                0x1000ca2c       0x1c CMakeFiles/tulip4041_module.dir/C_/Users/MeinK/.pico-sdk/sdk/2.2.0/src/rp2_common/pico_printf/printf.c.obj
                0x1000ca2c                __wrap_vsnprintf
 .text.vfctprintf
                0x1000ca48       0x24 CMakeFiles/tulip4041_module.dir/C_/Users/MeinK/.pico-sdk/sdk/2.2.0/src/rp2_common/pico_printf/printf.c.obj
                0x1000ca48                vfctprintf
 .text._exit    0x1000ca6c        0x4 CMakeFiles/tulip4041_module.dir/C_/Users/MeinK/.pico-sdk/sdk/2.2.0/src/rp2_common/pico_clib_interface/newlib_interface.c.obj
                0x1000ca6c                _exit
 .text._sbrk    0x1000ca70       0x34 CMakeFiles/tulip4041_module.dir/C_/Users/MeinK/.pico-sdk/sdk/2.2.0/src/rp2_common/pico_clib_interface/newlib_interface.c.obj
                0x1000ca70                _sbrk
 .text._read    0x1000caa4       0x20 CMakeFiles/tulip4041_module.dir/C_/Users/MeinK/.pico-sdk/sdk/2.2.0/src/rp2_common/pico_clib_interface/newlib_interface.c.obj
                0x1000caa4                _read
 .text._write   0x1000cac4       0x20 CMakeFiles/tulip4041_module.dir/C_/Users/MeinK/.pico-sdk/sdk/2.2.0/src/rp2_common/pico_clib_interface/newlib_interface.c.obj
                0x1000cac4                _write
 .text._close   0x1000cae4        0x6 CMakeFiles/tulip4041_module.dir/C_/Users/MeinK/.pico-sdk/sdk/2.2.0/src/rp2_common/pico_clib_interface/newlib_interface.c.obj
                0x1000cae4                _close
 .text._lseek   0x1000caea        0x6 CMakeFiles/tulip4041_module.dir/C_/Users/MeinK/.pico-sdk/sdk/2.2.0/src/rp2_common/pico_clib_interface/newlib_interface.c.obj
                0x1000caea                _lseek
 .text._fstat   0x1000caf0        0x6 CMakeFiles/tulip4041_module.dir/C_/Users/MeinK/.pico-sdk/sdk/2.2.0/src/rp2_common/pico_clib_interface/newlib_interface.c.obj
                0x1000caf0                _fstat
 .text._isatty  0x1000caf6        0xa CMakeFiles/tulip4041_module.dir/C_/Users/MeinK/.pico-sdk/sdk/2.2.0/src/rp2_common/pico_clib_interface/newlib_interface.c.obj
                0x1000caf6                _isatty
 .text.exit     0x1000cb00        0x6 CMakeFiles/tulip4041_module.dir/C_/Users/MeinK/.pico-sdk/sdk/2.2.0/src/rp2_common/pico_clib_interface/newlib_interface.c.obj
                0x1000cb00                exit
 *fill*         0x1000cb06        0x2 
 .text.__assert_func
                0x1000cb08       0x34 CMakeFiles/tulip4041_module.dir/C_/Users/MeinK/.pico-sdk/sdk/2.2.0/src/rp2_common/pico_clib_interface/newlib_interface.c.obj
                0x1000cb08                __assert_func
 .text.runtime_init
                0x1000cb3c       0x2c CMakeFiles/tulip4041_module.dir/C_/Users/MeinK/.pico-sdk/sdk/2.2.0/src/rp2_common/pico_clib_interface/newlib_interface.c.obj
                0x1000cb3c                runtime_init
 .text.stdio_out_chars_no_crlf
                0x1000cb68        0xe CMakeFiles/tulip4041_module.dir/C_/Users/MeinK/.pico-sdk/sdk/2.2.0/src/rp2_common/pico_stdio/stdio.c.obj
 *fill*         0x1000cb76        0x2 
 .text.stdio_out_chars_crlf
                0x1000cb78       0x80 CMakeFiles/tulip4041_module.dir/C_/Users/MeinK/.pico-sdk/sdk/2.2.0/src/rp2_common/pico_stdio/stdio.c.obj
 .text.stdio_stack_buffer_flush
                0x1000cbf8       0x40 CMakeFiles/tulip4041_module.dir/C_/Users/MeinK/.pico-sdk/sdk/2.2.0/src/rp2_common/pico_stdio/stdio.c.obj
 .text.stdio_buffered_printer
                0x1000cc38       0x20 CMakeFiles/tulip4041_module.dir/C_/Users/MeinK/.pico-sdk/sdk/2.2.0/src/rp2_common/pico_stdio/stdio.c.obj
 .text.stdout_serialize_begin
                0x1000cc58       0x2c CMakeFiles/tulip4041_module.dir/C_/Users/MeinK/.pico-sdk/sdk/2.2.0/src/rp2_common/pico_stdio/stdio.c.obj
                0x1000cc58                stdout_serialize_begin
 .text.stdout_serialize_end
                0x1000cc84       0x10 CMakeFiles/tulip4041_module.dir/C_/Users/MeinK/.pico-sdk/sdk/2.2.0/src/rp2_common/pico_stdio/stdio.c.obj
                0x1000cc84                stdout_serialize_end
 .text.stdio_put_string
                0x1000cc94       0x8c CMakeFiles/tulip4041_module.dir/C_/Users/MeinK/.pico-sdk/sdk/2.2.0/src/rp2_common/pico_stdio/stdio.c.obj
                0x1000cc94                stdio_put_string
 .text.stdio_get_until
                0x1000cd20       0x6c CMakeFiles/tulip4041_module.dir/C_/Users/MeinK/.pico-sdk/sdk/2.2.0/src/rp2_common/pico_stdio/stdio.c.obj
                0x1000cd20                stdio_get_until
 .text.stdio_set_driver_enabled
                0x1000cd8c       0x2c CMakeFiles/tulip4041_module.dir/C_/Users/MeinK/.pico-sdk/sdk/2.2.0/src/rp2_common/pico_stdio/stdio.c.obj
                0x1000cd8c                stdio_set_driver_enabled
 .text.stdio_flush
                0x1000cdb8       0x1c CMakeFiles/tulip4041_module.dir/C_/Users/MeinK/.pico-sdk/sdk/2.2.0/src/rp2_common/pico_stdio/stdio.c.obj
                0x1000cdb8                stdio_flush
 .text.stdio_init_all
                0x1000cdd4        0xa CMakeFiles/tulip4041_module.dir/C_/Users/MeinK/.pico-sdk/sdk/2.2.0/src/rp2_common/pico_stdio/stdio.c.obj
                0x1000cdd4                stdio_init_all
 *fill*         0x1000cdde        0x2 
 .text.stdio_getchar_timeout_us
                0x1000cde0       0x50 CMakeFiles/tulip4041_module.dir/C_/Users/MeinK/.pico-sdk/sdk/2.2.0/src/rp2_common/pico_stdio/stdio.c.obj
                0x1000cde0                stdio_getchar_timeout_us
 .text.__wrap_putchar
                0x1000ce30       0x1e CMakeFiles/tulip4041_module.dir/C_/Users/MeinK/.pico-sdk/sdk/2.2.0/src/rp2_common/pico_stdio/stdio.c.obj
                0x1000ce30                __wrap_putchar
                0x1000ce30                stdio_putchar
 .text.__wrap_puts
                0x1000ce4e       0x1e CMakeFiles/tulip4041_module.dir/C_/Users/MeinK/.pico-sdk/sdk/2.2.0/src/rp2_common/pico_stdio/stdio.c.obj
                0x1000ce4e                stdio_puts
                0x1000ce4e                __wrap_puts
 .text.__wrap_vprintf
                0x1000ce6c       0x40 CMakeFiles/tulip4041_module.dir/C_/Users/MeinK/.pico-sdk/sdk/2.2.0/src/rp2_common/pico_stdio/stdio.c.obj
                0x1000ce6c                stdio_vprintf
                0x1000ce6c                __wrap_vprintf
 .text.__wrap_printf
                0x1000ceac       0x1c CMakeFiles/tulip4041_module.dir/C_/Users/MeinK/.pico-sdk/sdk/2.2.0/src/rp2_common/pico_stdio/stdio.c.obj
                0x1000ceac                __wrap_printf
                0x1000ceac                stdio_printf
 .text.uart_putc
                0x1000cec8       0x70 CMakeFiles/tulip4041_module.dir/C_/Users/MeinK/.pico-sdk/sdk/2.2.0/src/rp2_common/pico_stdio_uart/stdio_uart.c.obj
 .text.uart_getc
                0x1000cf38       0x30 CMakeFiles/tulip4041_module.dir/C_/Users/MeinK/.pico-sdk/sdk/2.2.0/src/rp2_common/pico_stdio_uart/stdio_uart.c.obj
 .text.stdio_uart_out_chars
                0x1000cf68       0x20 CMakeFiles/tulip4041_module.dir/C_/Users/MeinK/.pico-sdk/sdk/2.2.0/src/rp2_common/pico_stdio_uart/stdio_uart.c.obj
 .text.stdio_uart_in_chars
                0x1000cf88       0x54 CMakeFiles/tulip4041_module.dir/C_/Users/MeinK/.pico-sdk/sdk/2.2.0/src/rp2_common/pico_stdio_uart/stdio_uart.c.obj
                0x1000cf88                stdio_uart_in_chars
 .text.on_uart_rx
                0x1000cfdc       0x24 CMakeFiles/tulip4041_module.dir/C_/Users/MeinK/.pico-sdk/sdk/2.2.0/src/rp2_common/pico_stdio_uart/stdio_uart.c.obj
 .text.stdio_uart_out_flush
                0x1000d000       0x14 CMakeFiles/tulip4041_module.dir/C_/Users/MeinK/.pico-sdk/sdk/2.2.0/src/rp2_common/pico_stdio_uart/stdio_uart.c.obj
 .text.stdio_uart_set_chars_available_callback
                0x1000d014       0x84 CMakeFiles/tulip4041_module.dir/C_/Users/MeinK/.pico-sdk/sdk/2.2.0/src/rp2_common/pico_stdio_uart/stdio_uart.c.obj
 .text.stdio_uart_init_full
                0x1000d098       0x50 CMakeFiles/tulip4041_module.dir/C_/Users/MeinK/.pico-sdk/sdk/2.2.0/src/rp2_common/pico_stdio_uart/stdio_uart.c.obj
                0x1000d098                stdio_uart_init_full
 .text.stdio_uart_init
                0x1000d0e8       0x30 CMakeFiles/tulip4041_module.dir/C_/Users/MeinK/.pico-sdk/sdk/2.2.0/src/rp2_common/pico_stdio_uart/stdio_uart.c.obj
                0x1000d0e8                stdio_uart_init
 .text.boot_double_tap_check
                0x1000d118       0x48 CMakeFiles/tulip4041_module.dir/C_/Users/MeinK/.pico-sdk/sdk/2.2.0/src/rp2_common/pico_bootsel_via_double_reset/pico_bootsel_via_double_reset.c.obj
 .text._retrieve_unique_id_on_boot
                0x1000d160       0x58 CMakeFiles/tulip4041_module.dir/C_/Users/MeinK/.pico-sdk/sdk/2.2.0/src/rp2_common/pico_unique_id/unique_id.c.obj
 .text.pico_get_unique_board_id
                0x1000d1b8       0x10 CMakeFiles/tulip4041_module.dir/C_/Users/MeinK/.pico-sdk/sdk/2.2.0/src/rp2_common/pico_unique_id/unique_id.c.obj
                0x1000d1b8                pico_get_unique_board_id
 .text.flash_get_unique_id
                0x1000d1c8       0x44 CMakeFiles/tulip4041_module.dir/C_/Users/MeinK/.pico-sdk/sdk/2.2.0/src/rp2_common/hardware_flash/flash.c.obj
                0x1000d1c8                flash_get_unique_id
 .text.pio_get_default_sm_config
                0x1000d20c       0x24 CMakeFiles/tulip4041_module.dir/C_/Users/MeinK/.pico-sdk/sdk/2.2.0/src/rp2_common/hardware_pio/pio.c.obj
 .text.is_gpio_compatible
                0x1000d230       0x22 CMakeFiles/tulip4041_module.dir/C_/Users/MeinK/.pico-sdk/sdk/2.2.0/src/rp2_common/hardware_pio/pio.c.obj
 .text.is_program_gpio_compatible
                0x1000d252        0xa CMakeFiles/tulip4041_module.dir/C_/Users/MeinK/.pico-sdk/sdk/2.2.0/src/rp2_common/hardware_pio/pio.c.obj
 .text.add_program_at_offset_check
                0x1000d25c       0x54 CMakeFiles/tulip4041_module.dir/C_/Users/MeinK/.pico-sdk/sdk/2.2.0/src/rp2_common/hardware_pio/pio.c.obj
 .text.add_program_at_offset
                0x1000d2b0       0x60 CMakeFiles/tulip4041_module.dir/C_/Users/MeinK/.pico-sdk/sdk/2.2.0/src/rp2_common/hardware_pio/pio.c.obj
 .text.find_offset_for_program
                0x1000d310       0x78 CMakeFiles/tulip4041_module.dir/C_/Users/MeinK/.pico-sdk/sdk/2.2.0/src/rp2_common/hardware_pio/pio.c.obj
 .text.pio_claim_unused_sm
                0x1000d388       0x38 CMakeFiles/tulip4041_module.dir/C_/Users/MeinK/.pico-sdk/sdk/2.2.0/src/rp2_common/hardware_pio/pio.c.obj
                0x1000d388                pio_claim_unused_sm
 .text.pio_add_program
                0x1000d3c0       0x30 CMakeFiles/tulip4041_module.dir/C_/Users/MeinK/.pico-sdk/sdk/2.2.0/src/rp2_common/hardware_pio/pio.c.obj
                0x1000d3c0                pio_add_program
 .text.pio_clear_instruction_memory