Archive member included to satisfy reference by file (symbol)

C:/Users/mkuipers/.pico-sdk/toolchain/13_2_Rel1/bin/../lib/gcc/arm-none-eabi/13.2.1/thumb/v8-m.main+fp/softfp\libm.a(libm_a-wf_sqrt.o)
                              CMakeFiles/tulip4041.dir/C_/Users/mkuipers/.pico-sdk/sdk/2.0.0/src/rp2_common/pico_float/float_math.c.obj (sqrtf)
C:/Users/mkuipers/.pico-sdk/toolchain/13_2_Rel1/bin/../lib/gcc/arm-none-eabi/13.2.1/thumb/v8-m.main+fp/softfp\libm.a(libm_a-ef_sqrt.o)
                              C:/Users/mkuipers/.pico-sdk/toolchain/13_2_Rel1/bin/../lib/gcc/arm-none-eabi/13.2.1/thumb/v8-m.main+fp/softfp\libm.a(libm_a-wf_sqrt.o) (__ieee754_sqrtf)
C:/Users/mkuipers/.pico-sdk/toolchain/13_2_Rel1/bin/../lib/gcc/arm-none-eabi/13.2.1/thumb/v8-m.main+fp/softfp\libgcc.a(_arm_addsubdf3.o)
                              CMakeFiles/tulip4041.dir/userinterface.cpp.obj (__aeabi_f2d)
C:/Users/mkuipers/.pico-sdk/toolchain/13_2_Rel1/bin/../lib/gcc/arm-none-eabi/13.2.1/thumb/v8-m.main+fp/softfp\libgcc.a(_aeabi_ldivmod.o)
                              CMakeFiles/tulip4041.dir/emulation.cpp.obj (__aeabi_ldivmod)
C:/Users/mkuipers/.pico-sdk/toolchain/13_2_Rel1/bin/../lib/gcc/arm-none-eabi/13.2.1/thumb/v8-m.main+fp/softfp\libgcc.a(_aeabi_uldivmod.o)
                              CMakeFiles/tulip4041.dir/C_/Users/mkuipers/.pico-sdk/sdk/2.0.0/src/rp2_common/hardware_clocks/clocks.c.obj (__aeabi_uldivmod)
C:/Users/mkuipers/.pico-sdk/toolchain/13_2_Rel1/bin/../lib/gcc/arm-none-eabi/13.2.1/thumb/v8-m.main+fp/softfp\libgcc.a(_udivmoddi4.o)
                              C:/Users/mkuipers/.pico-sdk/toolchain/13_2_Rel1/bin/../lib/gcc/arm-none-eabi/13.2.1/thumb/v8-m.main+fp/softfp\libgcc.a(_aeabi_ldivmod.o) (__udivmoddi4)
C:/Users/mkuipers/.pico-sdk/toolchain/13_2_Rel1/bin/../lib/gcc/arm-none-eabi/13.2.1/thumb/v8-m.main+fp/softfp\libgcc.a(_dvmd_tls.o)
                              C:/Users/mkuipers/.pico-sdk/toolchain/13_2_Rel1/bin/../lib/gcc/arm-none-eabi/13.2.1/thumb/v8-m.main+fp/softfp\libgcc.a(_aeabi_ldivmod.o) (__aeabi_ldiv0)
C:/Users/mkuipers/.pico-sdk/toolchain/13_2_Rel1/bin/../lib/gcc/arm-none-eabi/13.2.1/thumb/v8-m.main+fp/softfp\libg.a(libc_a-atoi.o)
                              CMakeFiles/tulip4041.dir/lib/no-OS-FatFS-SD-SDIO-SPI-RPi-Pico/src/sd_driver/sd_card.c.obj (atoi)
C:/Users/mkuipers/.pico-sdk/toolchain/13_2_Rel1/bin/../lib/gcc/arm-none-eabi/13.2.1/thumb/v8-m.main+fp/softfp\libg.a(libc_a-calloc.o)
                              CMakeFiles/tulip4041.dir/C_/Users/mkuipers/.pico-sdk/sdk/2.0.0/src/rp2_common/pico_malloc/malloc.c.obj (calloc)
C:/Users/mkuipers/.pico-sdk/toolchain/13_2_Rel1/bin/../lib/gcc/arm-none-eabi/13.2.1/thumb/v8-m.main+fp/softfp\libg.a(libc_a-callocr.o)
                              C:/Users/mkuipers/.pico-sdk/toolchain/13_2_Rel1/bin/../lib/gcc/arm-none-eabi/13.2.1/thumb/v8-m.main+fp/softfp\libg.a(libc_a-calloc.o) (_calloc_r)
C:/Users/mkuipers/.pico-sdk/toolchain/13_2_Rel1/bin/../lib/gcc/arm-none-eabi/13.2.1/thumb/v8-m.main+fp/softfp\libg.a(libc_a-malloc.o)
                              CMakeFiles/tulip4041.dir/C_/Users/mkuipers/.pico-sdk/sdk/2.0.0/src/rp2_common/pico_malloc/malloc.c.obj (malloc)
C:/Users/mkuipers/.pico-sdk/toolchain/13_2_Rel1/bin/../lib/gcc/arm-none-eabi/13.2.1/thumb/v8-m.main+fp/softfp\libg.a(libc_a-mallocr.o)
                              C:/Users/mkuipers/.pico-sdk/toolchain/13_2_Rel1/bin/../lib/gcc/arm-none-eabi/13.2.1/thumb/v8-m.main+fp/softfp\libg.a(libc_a-callocr.o) (_malloc_r)
C:/Users/mkuipers/.pico-sdk/toolchain/13_2_Rel1/bin/../lib/gcc/arm-none-eabi/13.2.1/thumb/v8-m.main+fp/softfp\libg.a(libc_a-mlock.o)
                              C:/Users/mkuipers/.pico-sdk/toolchain/13_2_Rel1/bin/../lib/gcc/arm-none-eabi/13.2.1/thumb/v8-m.main+fp/softfp\libg.a(libc_a-mallocr.o) (__malloc_lock)
C:/Users/mkuipers/.pico-sdk/toolchain/13_2_Rel1/bin/../lib/gcc/arm-none-eabi/13.2.1/thumb/v8-m.main+fp/softfp\libg.a(libc_a-mstats.o)
                              CMakeFiles/tulip4041.dir/userinterface.cpp.obj (mallinfo)
C:/Users/mkuipers/.pico-sdk/toolchain/13_2_Rel1/bin/../lib/gcc/arm-none-eabi/13.2.1/thumb/v8-m.main+fp/softfp\libg.a(libc_a-realloc.o)
                              CMakeFiles/tulip4041.dir/C_/Users/mkuipers/.pico-sdk/sdk/2.0.0/src/rp2_common/pico_malloc/malloc.c.obj (realloc)
C:/Users/mkuipers/.pico-sdk/toolchain/13_2_Rel1/bin/../lib/gcc/arm-none-eabi/13.2.1/thumb/v8-m.main+fp/softfp\libg.a(libc_a-reallocr.o)
                              C:/Users/mkuipers/.pico-sdk/toolchain/13_2_Rel1/bin/../lib/gcc/arm-none-eabi/13.2.1/thumb/v8-m.main+fp/softfp\libg.a(libc_a-realloc.o) (_realloc_r)
C:/Users/mkuipers/.pico-sdk/toolchain/13_2_Rel1/bin/../lib/gcc/arm-none-eabi/13.2.1/thumb/v8-m.main+fp/softfp\libg.a(libc_a-strtol.o)
                              C:/Users/mkuipers/.pico-sdk/toolchain/13_2_Rel1/bin/../lib/gcc/arm-none-eabi/13.2.1/thumb/v8-m.main+fp/softfp\libg.a(libc_a-atoi.o) (_strtol_r)
[...]
Memory Configuration

Name             Origin             Length             Attributes
FLASH            0x10000000         0x00400000         xr
RAM              0x20000000         0x00080000         xrw
SCRATCH_X        0x20080000         0x00001000         xrw
SCRATCH_Y        0x20081000         0x00001000         xrw
*default*        0x00000000         0xffffffff

Linker script and memory map

LOAD C:/Users/mkuipers/.pico-sdk/toolchain/13_2_Rel1/bin/../lib/gcc/arm-none-eabi/13.2.1/thumb/v8-m.main+fp/softfp/crti.o
LOAD C:/Users/mkuipers/.pico-sdk/toolchain/13_2_Rel1/bin/../lib/gcc/arm-none-eabi/13.2.1/thumb/v8-m.main+fp/softfp/crtbegin.o
LOAD C:/Users/mkuipers/.pico-sdk/toolchain/13_2_Rel1/bin/../lib/gcc/arm-none-eabi/13.2.1/thumb/v8-m.main+fp/softfp/crt0.o

.flash_begin    0x10000000        0x0
                0x10000000                        __flash_binary_start = .

.text           0x10000000    0x1971c
                0x10000000                        __logical_binary_start = .
 *(.vectors)
 .vectors       0x10000000      0x124 CMakeFiles/tulip4041.dir/C_/Users/mkuipers/.pico-sdk/sdk/2.0.0/src/rp2_common/pico_crt0/crt0.S.obj
                0x10000000                __vectors
                0x10000000                __VECTOR_TABLE
                0x10000110                __default_isrs_start
                0x10000110                isr_invalid
                0x10000112                NMI_Handler
                0x10000116                SVC_Handler
                0x10000118                PendSV_Handler
                0x1000011a                SysTick_Handler
                0x1000011c                isr_irq45
                0x1000011c                isr_irq27
                0x1000011c                isr_irq32
                0x1000011c                isr_irq31
                0x1000011c                isr_irq5
                0x1000011c                isr_irq11
                0x1000011c                isr_irq23
                0x1000011c                isr_irq48
                0x1000011c                isr_irq35
                0x1000011c                isr_irq18
                0x1000011c                isr_irq50
                0x1000011c                isr_irq40
                0x1000011c                isr_irq28
                0x1000011c                isr_irq43
                0x1000011c                isr_irq36
                0x1000011c                isr_irq41
                0x1000011c                isr_irq0
                0x1000011c                isr_irq6
                0x1000011c                __unhandled_user_irq
                0x1000011c                isr_irq12
                0x1000011c                isr_irq37
                0x1000011c                isr_irq42
                0x1000011c                isr_irq22
                0x1000011c                isr_irq30
                0x1000011c                isr_irq17
                0x1000011c                isr_irq38
                0x1000011c                isr_irq14
                0x1000011c                isr_irq13
                0x1000011c                isr_irq2
                0x1000011c                isr_irq10
                0x1000011c                isr_irq8
                0x1000011c                isr_irq19
                0x1000011c                isr_irq24
                0x1000011c                isr_irq46
                0x1000011c                isr_irq1
                0x1000011c                isr_irq47
                0x1000011c                isr_irq51
                0x1000011c                isr_irq7
                0x1000011c                isr_irq21
                0x1000011c                isr_irq39
                0x1000011c                isr_irq20
                0x1000011c                isr_irq15
                0x1000011c                isr_irq25
                0x1000011c                isr_irq34
                0x1000011c                isr_irq49
                0x1000011c                isr_irq4
                0x1000011c                isr_irq16
                0x1000011c                isr_irq44
                0x1000011c                isr_irq29
                0x1000011c                isr_irq26
                0x1000011c                __default_isrs_end
                0x1000011c                isr_irq33
                0x1000011c                isr_irq3
                0x1000011c                isr_irq9
                0x10000122                unhandled_user_irq_num_in_r0
 *(.binary_info_header)
 .binary_info_header
                0x10000124       0x14 CMakeFiles/tulip4041.dir/C_/Users/mkuipers/.pico-sdk/sdk/2.0.0/src/rp2_common/pico_crt0/crt0.S.obj
                0x10000138                        __binary_info_header_end = .
 *(.embedded_block)
 .embedded_block
                0x10000138       0x14 CMakeFiles/tulip4041.dir/C_/Users/mkuipers/.pico-sdk/sdk/2.0.0/src/rp2_common/pico_crt0/crt0.S.obj
                0x1000014c                        __embedded_block_end = .
 *(.reset)
 .reset         0x1000014c       0xa0 CMakeFiles/tulip4041.dir/C_/Users/mkuipers/.pico-sdk/sdk/2.0.0/src/rp2_common/pico_crt0/crt0.S.obj
                0x1000014c                _entry_point
 *(.init)
 .init          0x100001ec        0x4 C:/Users/mkuipers/.pico-sdk/toolchain/13_2_Rel1/bin/../lib/gcc/arm-none-eabi/13.2.1/thumb/v8-m.main+fp/softfp/crti.o
                0x100001ec                _init
 *libgcc.a:cmse_nonsecure_call.o()
 *(EXCLUDE_FILE(*libm.a: *libc.a:*lib_a-mem*.o *libgcc.a:) .text*)
 .text.register_tm_clones
                0x100001f0       0x28 C:/Users/mkuipers/.pico-sdk/toolchain/13_2_Rel1/bin/../lib/gcc/arm-none-eabi/13.2.1/thumb/v8-m.main+fp/softfp/crtbegin.o
 .text.frame_dummy
                0x10000218       0x24 C:/Users/mkuipers/.pico-sdk/toolchain/13_2_Rel1/bin/../lib/gcc/arm-none-eabi/13.2.1/thumb/v8-m.main+fp/softfp/crtbegin.o
 .text._ZN9GSettings11set_defaultEv
                0x1000023c       0x80 CMakeFiles/tulip4041.dir/tulip4041.cpp.obj
                0x1000023c                GSettings::set_default()
 .text._ZN9GSettings4saveEv
                0x100002bc       0x34 CMakeFiles/tulip4041.dir/tulip4041.cpp.obj
                0x100002bc                GSettings::save()
 .text._ZN9GSettings8retrieveEv
                0x100002f0       0x34 CMakeFiles/tulip4041.dir/tulip4041.cpp.obj
                0x100002f0                GSettings::retrieve()
 .text.main     0x10000324       0xec CMakeFiles/tulip4041.dir/tulip4041.cpp.obj
                0x10000324                main
 .text._Z12rom_checksumv
                0x10000410       0x34 CMakeFiles/tulip4041.dir/userinterface.cpp.obj
                0x10000410                rom_checksum()
 .text._Z8power_onv
                0x10000444        0x8 CMakeFiles/tulip4041.dir/userinterface.cpp.obj
                0x10000444                power_on()
 .text._Z11sdcard_testv
                0x1000044c        0x8 CMakeFiles/tulip4041.dir/userinterface.cpp.obj
                0x1000044c                sdcard_test()
 .text.toggle_trace
                0x10000454       0x30 CMakeFiles/tulip4041.dir/userinterface.cpp.obj
                0x10000454                toggle_trace
 .text._Z13toggle_traceov
                0x10000484       0x30 CMakeFiles/tulip4041.dir/userinterface.cpp.obj
                0x10000484                toggle_traceo()
 .text.toggle_disasm
                0x100004b4       0x30 CMakeFiles/tulip4041.dir/userinterface.cpp.obj
                0x100004b4                toggle_disasm
 .text._Z9set_breakv
                0x100004e4       0x34 CMakeFiles/tulip4041.dir/userinterface.cpp.obj
                0x100004e4                set_break()
 .text._Z7print_fv
                0x10000518       0x18 CMakeFiles/tulip4041.dir/userinterface.cpp.obj
                0x10000518                print_f()
 .text._Z10print_busyv
                0x10000530       0x2c CMakeFiles/tulip4041.dir/userinterface.cpp.obj
                0x10000530                print_busy()
 .text._Z10print_idlev
                0x1000055c       0x34 CMakeFiles/tulip4041.dir/userinterface.cpp.obj
                0x1000055c                print_idle()
 .text._Z11print_emptyv
                0x10000590       0x34 CMakeFiles/tulip4041.dir/userinterface.cpp.obj
                0x10000590                print_empty()
 .text._Z9print_batv
                0x100005c4       0x34 CMakeFiles/tulip4041.dir/userinterface.cpp.obj
                0x100005c4                print_bat()
 .text._Z11print_paperv
                0x100005f8       0x34 CMakeFiles/tulip4041.dir/userinterface.cpp.obj
                0x100005f8                print_paper()
 .text._Z5rom_fv
                0x1000062c       0x18 CMakeFiles/tulip4041.dir/userinterface.cpp.obj
                0x1000062c                rom_f()
 .text._Z6file_fv
                0x10000644       0x24 CMakeFiles/tulip4041.dir/userinterface.cpp.obj
                0x10000644                file_f()
 .text._Z12rp2040_resetv
                0x10000668       0x20 CMakeFiles/tulip4041.dir/userinterface.cpp.obj
                0x10000668                rp2040_reset()
 .text._Z14rp2040_bootselv
                0x10000688       0x20 CMakeFiles/tulip4041.dir/userinterface.cpp.obj
                0x10000688                rp2040_bootsel()
 .text._Z9pico_VBUSv
                0x100006a8       0x28 CMakeFiles/tulip4041.dir/userinterface.cpp.obj
                0x100006a8                pico_VBUS()
 .text._Z9print_manv
                0x100006d0       0x1c CMakeFiles/tulip4041.dir/userinterface.cpp.obj
                0x100006d0                print_man()
 .text._Z11print_tracev
                0x100006ec       0x20 CMakeFiles/tulip4041.dir/userinterface.cpp.obj
                0x100006ec                print_trace()
 .text._Z10print_normv
                0x1000070c       0x20 CMakeFiles/tulip4041.dir/userinterface.cpp.obj
                0x1000070c                print_norm()
 .text._Z9print_advv
                0x1000072c       0x2c CMakeFiles/tulip4041.dir/userinterface.cpp.obj
                0x1000072c                print_adv()
 .text._Z11print_printv
                0x10000758       0x2c CMakeFiles/tulip4041.dir/userinterface.cpp.obj
                0x10000758                print_print()
 .text._Z9rom_checkv
                0x10000784       0x20 CMakeFiles/tulip4041.dir/userinterface.cpp.obj
                0x10000784                rom_check()
 .text._Z10rom_set_flv
                0x100007a4       0x44 CMakeFiles/tulip4041.dir/userinterface.cpp.obj
                0x100007a4                rom_set_fl()
 .text._Z10rom_set_frv
                0x100007e8       0x44 CMakeFiles/tulip4041.dir/userinterface.cpp.obj
                0x100007e8                rom_set_fr()
 .text._Z9rom_pr_env
                0x1000082c       0x78 CMakeFiles/tulip4041.dir/userinterface.cpp.obj
                0x1000082c                rom_pr_en()
 .text._Z11rom_mappingv
                0x100008a4       0x4c CMakeFiles/tulip4041.dir/userinterface.cpp.obj
                0x100008a4                rom_mapping()
 .text._Z7rom_offv
                0x100008f0       0x4c CMakeFiles/tulip4041.dir/userinterface.cpp.obj
                0x100008f0                rom_off()
 .text._Z12rp2040_sleepv
                0x1000093c       0x18 CMakeFiles/tulip4041.dir/userinterface.cpp.obj
                0x1000093c                rp2040_sleep()
 .text._Z13hp41_shutdownv
                0x10000954       0x14 CMakeFiles/tulip4041.dir/userinterface.cpp.obj
                0x10000954                hp41_shutdown()
 .text._Z12print_statusv
                0x10000968      0x144 CMakeFiles/tulip4041.dir/userinterface.cpp.obj
                0x10000968                print_status()
 .text._Z8rom_helpv
                0x10000aac       0x54 CMakeFiles/tulip4041.dir/userinterface.cpp.obj
                0x10000aac                rom_help()
 .text.pio_welcome
                0x10000b00        0x8 CMakeFiles/tulip4041.dir/userinterface.cpp.obj
                0x10000b00                pio_welcome
 .text._Z7rom_hexv
                0x10000b08       0x84 CMakeFiles/tulip4041.dir/userinterface.cpp.obj
                0x10000b08                rom_hex()
 .text._Z8rom_hexlv
                0x10000b8c       0x50 CMakeFiles/tulip4041.dir/userinterface.cpp.obj
                0x10000b8c                rom_hexl()
 .text._Z8rom_downv
                0x10000bdc       0xa4 CMakeFiles/tulip4041.dir/userinterface.cpp.obj
                0x10000bdc                rom_down()
 .text._Z9ident_cdcv
                0x10000c80       0x70 CMakeFiles/tulip4041.dir/userinterface.cpp.obj
                0x10000c80                ident_cdc()
 .text._Z11serial_helpv
                0x10000cf0       0x50 CMakeFiles/tulip4041.dir/userinterface.cpp.obj
                0x10000cf0                serial_help()
 .text._Z10print_helpv
                0x10000d40       0x50 CMakeFiles/tulip4041.dir/userinterface.cpp.obj
                0x10000d40                print_help()
 .text._Z11rom_programv
                0x10000d90       0xd4 CMakeFiles/tulip4041.dir/userinterface.cpp.obj
                0x10000d90                rom_program()
 .text._Z12getTotalHeapv
                0x10000e64       0x10 CMakeFiles/tulip4041.dir/userinterface.cpp.obj
                0x10000e64                getTotalHeap()
 .text._Z11getFreeHeapv
                0x10000e74       0x18 CMakeFiles/tulip4041.dir/userinterface.cpp.obj
                0x10000e74                getFreeHeap()
 .text.welcome  0x10000e8c       0x8c CMakeFiles/tulip4041.dir/userinterface.cpp.obj
                0x10000e8c                welcome
 .text.uif_status
                0x10000f18       0xf0 CMakeFiles/tulip4041.dir/userinterface.cpp.obj
                0x10000f18                uif_status
 .text.uif_pio_status
                0x10001008        0x8 CMakeFiles/tulip4041.dir/userinterface.cpp.obj
                0x10001008                uif_pio_status
 .text.uif_cdc_status
                0x10001010       0x84 CMakeFiles/tulip4041.dir/userinterface.cpp.obj
                0x10001010                uif_cdc_status
 .text.uif_cdc_ident
                0x10001094       0x74 CMakeFiles/tulip4041.dir/userinterface.cpp.obj
                0x10001094                uif_cdc_ident
 .text.uif_reboot
                0x10001108       0x44 CMakeFiles/tulip4041.dir/userinterface.cpp.obj
                0x10001108                uif_reboot
 .text.uif_bootsel
                0x1000114c       0x44 CMakeFiles/tulip4041.dir/userinterface.cpp.obj
                0x1000114c                uif_bootsel
 .text.uif_blink
                0x10001190       0x26 CMakeFiles/tulip4041.dir/userinterface.cpp.obj
                0x10001190                uif_blink
 *fill*         0x100011b6        0x2 
 .text._Z11uif_pwo_lowv
                0x100011b8       0x20 CMakeFiles/tulip4041.dir/userinterface.cpp.obj
                0x100011b8                uif_pwo_low()
 .text.uif_calcreset
                0x100011d8       0x14 CMakeFiles/tulip4041.dir/userinterface.cpp.obj
                0x100011d8                uif_calcreset
 .text.uif_poweron
                0x100011ec       0x1c CMakeFiles/tulip4041.dir/userinterface.cpp.obj
                0x100011ec                uif_poweron
 .text.uif_configinit
                0x10001208       0x20 CMakeFiles/tulip4041.dir/userinterface.cpp.obj
                0x10001208                uif_configinit
 .text.uif_configlist
                0x10001228       0x38 CMakeFiles/tulip4041.dir/userinterface.cpp.obj
                0x10001228                uif_configlist
 .text.uif_dir  0x10001260        0x8 CMakeFiles/tulip4041.dir/userinterface.cpp.obj
                0x10001260                uif_dir
 .text.uif_sdcard_status
                0x10001268        0x8 CMakeFiles/tulip4041.dir/userinterface.cpp.obj
                0x10001268                uif_sdcard_status
 .text.uif_sdcard_mount
                0x10001270        0x8 CMakeFiles/tulip4041.dir/userinterface.cpp.obj
                0x10001270                uif_sdcard_mount
 .text.uif_sdcard_unmount
                0x10001278        0x8 CMakeFiles/tulip4041.dir/userinterface.cpp.obj
                0x10001278                uif_sdcard_unmount
 .text.uif_sdcard_mounted
                0x10001280        0x8 CMakeFiles/tulip4041.dir/userinterface.cpp.obj
                0x10001280                uif_sdcard_mounted
 .text.uif_sdcard_eject
                0x10001288        0x8 CMakeFiles/tulip4041.dir/userinterface.cpp.obj
                0x10001288                uif_sdcard_eject
 .text.uif_sdcard_connect
                0x10001290        0x8 CMakeFiles/tulip4041.dir/userinterface.cpp.obj
                0x10001290                uif_sdcard_connect
 .text._Z8uif_listv
                0x10001298       0x5c CMakeFiles/tulip4041.dir/userinterface.cpp.obj
                0x10001298                uif_list()
 .text.uif_plug
                0x100012f4       0x6c CMakeFiles/tulip4041.dir/userinterface.cpp.obj
                0x100012f4                uif_plug
 .text.uif_unplug
                0x10001360       0x64 CMakeFiles/tulip4041.dir/userinterface.cpp.obj
                0x10001360                uif_unplug
 .text.uif_printer
                0x100013c4      0x310 CMakeFiles/tulip4041.dir/userinterface.cpp.obj
                0x100013c4                uif_printer
 *fill*         0x100016d4        0x4 
 .text.uif_xmem
                0x100016d8      0x148 CMakeFiles/tulip4041.dir/userinterface.cpp.obj
                0x100016d8                uif_xmem
 .text.uif_tracer
                0x10001820      0x1b8 CMakeFiles/tulip4041.dir/userinterface.cpp.obj
                0x10001820                uif_tracer
 .text._Z13file_downloadv
                0x100019d8       0xa4 CMakeFiles/tulip4041.dir/userinterface.cpp.obj
                0x100019d8                file_download()
 .text._Z12fill_summaryv
                0x10001a7c       0xe0 CMakeFiles/tulip4041.dir/userinterface.cpp.obj
                0x10001a7c                fill_summary()
 .text._Z8rom_namev
                0x10001b5c       0x6c CMakeFiles/tulip4041.dir/userinterface.cpp.obj
                0x10001b5c                rom_name()
 .text._Z8rom_listv
                0x10001bc8       0xf4 CMakeFiles/tulip4041.dir/userinterface.cpp.obj
                0x10001bc8                rom_list()
 .text._Z9rom_digiti
                0x10001cbc       0x34 CMakeFiles/tulip4041.dir/userinterface.cpp.obj
                0x10001cbc                rom_digit(int)
 .text._Z8wandcodei
                0x10001cf0      0x1a4 CMakeFiles/tulip4041.dir/userinterface.cpp.obj
                0x10001cf0                wandcode(int)
 .text.serial_loop
                0x10001e94      0x10c CMakeFiles/tulip4041.dir/userinterface.cpp.obj
                0x10001e94                serial_loop
 .text.queue_get_level
                0x10001fa0       0x40 CMakeFiles/tulip4041.dir/emulation.cpp.obj
 .text.pio_report
                0x10001fe0      0x180 CMakeFiles/tulip4041.dir/emulation.cpp.obj
                0x10001fe0                pio_report
 .text.uif_pio_report
                0x10002160       0xe0 CMakeFiles/tulip4041.dir/emulation.cpp.obj
                0x10002160                uif_pio_report
 .text.pio_init
                0x10002240      0x5a4 CMakeFiles/tulip4041.dir/emulation.cpp.obj
                0x10002240                pio_init
 .text.cycles   0x100027e4        0xc CMakeFiles/tulip4041.dir/emulation.cpp.obj
                0x100027e4                cycles
 .text.wakemeup_41
                0x100027f0       0x88 CMakeFiles/tulip4041.dir/emulation.cpp.obj
                0x100027f0                wakemeup_41
 .text.shutdown_41
                0x10002878       0x34 CMakeFiles/tulip4041.dir/emulation.cpp.obj
                0x10002878                shutdown_41
 .text.send_ir_frame
                0x100028ac       0x2c CMakeFiles/tulip4041.dir/emulation.cpp.obj
                0x100028ac                send_ir_frame
 .text.setflag_FI0
                0x100028d8       0x1c CMakeFiles/tulip4041.dir/emulation.cpp.obj
                0x100028d8                setflag_FI0
 .text.InitEmulation
                0x100028f4       0x14 CMakeFiles/tulip4041.dir/emulation.cpp.obj
                0x100028f4                InitEmulation
 .text.PowerMode_task
                0x10002908      0x100 CMakeFiles/tulip4041.dir/emulation.cpp.obj
                0x10002908                PowerMode_task
 .text.init_spi_fram
                0x10002a08       0x40 CMakeFiles/tulip4041.dir/fram.c.obj
                0x10002a08                init_spi_fram
 .text.onDirCLI
                0x10002a48       0x20 CMakeFiles/tulip4041.dir/cli-binding.c.obj
                0x10002a48                onDirCLI
 .text.writeCharToCLI
                0x10002a68       0x1a CMakeFiles/tulip4041.dir/cli-binding.c.obj
                0x10002a68                writeCharToCLI
 *fill*         0x10002a82        0x2 
 .text.getCliPointer
                0x10002a84        0xc CMakeFiles/tulip4041.dir/cli-binding.c.obj
                0x10002a84                getCliPointer
 .text.cli_printf
                0x10002a90       0x5c CMakeFiles/tulip4041.dir/cli-binding.c.obj
                0x10002a90                cli_printf
 .text.onSystemCLI
                0x10002aec       0xa8 CMakeFiles/tulip4041.dir/cli-binding.c.obj
                0x10002aec                onSystemCLI
 .text.onSDCardCLI
                0x10002b94       0x8c CMakeFiles/tulip4041.dir/cli-binding.c.obj
                0x10002b94                onSDCardCLI
 .text.onPlugCLI
                0x10002c20       0x68 CMakeFiles/tulip4041.dir/cli-binding.c.obj
                0x10002c20                onPlugCLI
 .text.onUnPlugCLI
                0x10002c88       0x68 CMakeFiles/tulip4041.dir/cli-binding.c.obj
                0x10002c88                onUnPlugCLI
 .text.onPrinterCLI
                0x10002cf0       0x68 CMakeFiles/tulip4041.dir/cli-binding.c.obj
                0x10002cf0                onPrinterCLI
 .text.onXMEMCLI
                0x10002d58       0x98 CMakeFiles/tulip4041.dir/cli-binding.c.obj
                0x10002d58                onXMEMCLI
 .text.onTracerCLI
                0x10002df0       0x5c CMakeFiles/tulip4041.dir/cli-binding.c.obj
                0x10002df0                onTracerCLI
 .text.onClearCLI
                0x10002e4c       0x10 CMakeFiles/tulip4041.dir/cli-binding.c.obj
                0x10002e4c                onClearCLI
 .text.onLed    0x10002e5c       0x68 CMakeFiles/tulip4041.dir/cli-binding.c.obj
                0x10002e5c                onLed
 .text.receiveCLIchar
                0x10002ec4       0x24 CMakeFiles/tulip4041.dir/cli-binding.c.obj
                0x10002ec4                receiveCLIchar
 .text.runCLI   0x10002ee8       0x40 CMakeFiles/tulip4041.dir/cli-binding.c.obj
                0x10002ee8                runCLI
 .text.initCliBinding
                0x10002f28      0x22c CMakeFiles/tulip4041.dir/cli-binding.c.obj
                0x10002f28                initCliBinding
 .text.onCharInput
                0x10003154       0x2e CMakeFiles/tulip4041.dir/embedded_cli.c.obj
 .text.isControlChar
                0x10003182       0x30 CMakeFiles/tulip4041.dir/embedded_cli.c.obj
 .text.isDisplayableChar
                0x100031b2        0xe CMakeFiles/tulip4041.dir/embedded_cli.c.obj
 .text.fifoBufAvailable
                0x100031c0       0x1a CMakeFiles/tulip4041.dir/embedded_cli.c.obj
 .text.fifoBufPop
                0x100031da       0x24 CMakeFiles/tulip4041.dir/embedded_cli.c.obj
 .text.fifoBufPush
                0x100031fe       0x30 CMakeFiles/tulip4041.dir/embedded_cli.c.obj
 .text.getTokenPosition
                0x1000322e       0x44 CMakeFiles/tulip4041.dir/embedded_cli.c.obj
 .text.writeToOutput
                0x10003272       0x22 CMakeFiles/tulip4041.dir/embedded_cli.c.obj
 .text.printBindingHelp
                0x10003294       0x28 CMakeFiles/tulip4041.dir/embedded_cli.c.obj
 .text.onUnknownCommand
                0x100032bc       0x34 CMakeFiles/tulip4041.dir/embedded_cli.c.obj
 .text.clearCurrentLine
                0x100032f0       0x38 CMakeFiles/tulip4041.dir/embedded_cli.c.obj
 .text.getAutocompletedCommand
                0x10003328       0xc2 CMakeFiles/tulip4041.dir/embedded_cli.c.obj
 .text.printLiveAutocompletion
                0x100033ea       0x88 CMakeFiles/tulip4041.dir/embedded_cli.c.obj
 *fill*         0x10003472        0x2 
 .text.onAutocompleteRequest
                0x10003474       0xb4 CMakeFiles/tulip4041.dir/embedded_cli.c.obj
 .text.embeddedCliDefaultConfig
                0x10003528       0x2c CMakeFiles/tulip4041.dir/embedded_cli.c.obj
                0x10003528                embeddedCliDefaultConfig
 .text.embeddedCliRequiredSize
                0x10003554       0x30 CMakeFiles/tulip4041.dir/embedded_cli.c.obj
                0x10003554                embeddedCliRequiredSize
 .text.embeddedCliReceiveChar
                0x10003584       0x1c CMakeFiles/tulip4041.dir/embedded_cli.c.obj
                0x10003584                embeddedCliReceiveChar
 .text.embeddedCliAddBinding
                0x100035a0       0x46 CMakeFiles/tulip4041.dir/embedded_cli.c.obj
                0x100035a0                embeddedCliAddBinding
 *fill*         0x100035e6        0x2 
 .text.initInternalBindings
                0x100035e8       0x34 CMakeFiles/tulip4041.dir/embedded_cli.c.obj
 .text.embeddedCliNew
                0x1000361c       0xc4 CMakeFiles/tulip4041.dir/embedded_cli.c.obj
                0x1000361c                embeddedCliNew
 .text.embeddedCliPrint
                0x100036e0       0x5c CMakeFiles/tulip4041.dir/embedded_cli.c.obj
                0x100036e0                embeddedCliPrint
 .text.embeddedCliTokenizeArgs
                0x1000373c       0x74 CMakeFiles/tulip4041.dir/embedded_cli.c.obj
                0x1000373c                embeddedCliTokenizeArgs
 .text.embeddedCliGetToken
                0x100037b0       0x18 CMakeFiles/tulip4041.dir/embedded_cli.c.obj
                0x100037b0                embeddedCliGetToken
 .text.historyGet
                0x100037c8       0x1a CMakeFiles/tulip4041.dir/embedded_cli.c.obj
 *fill*         0x100037e2        0x2 
 .text.navigateHistory
                0x100037e4       0x7c CMakeFiles/tulip4041.dir/embedded_cli.c.obj
 .text.onEscapedInput
                0x10003860       0x34 CMakeFiles/tulip4041.dir/embedded_cli.c.obj
 .text.embeddedCliGetTokenVariable
                0x10003894       0x18 CMakeFiles/tulip4041.dir/embedded_cli.c.obj
                0x10003894                embeddedCliGetTokenVariable
 .text.historyRemove
                0x100038ac       0x5e CMakeFiles/tulip4041.dir/embedded_cli.c.obj
 .text.historyPut
                0x1000390a       0x6e CMakeFiles/tulip4041.dir/embedded_cli.c.obj
 .text.parseCommand
                0x10003978      0x144 CMakeFiles/tulip4041.dir/embedded_cli.c.obj
 .text.onControlInput
                0x10003abc       0x9c CMakeFiles/tulip4041.dir/embedded_cli.c.obj
 .text.embeddedCliProcess
                0x10003b58       0xb4 CMakeFiles/tulip4041.dir/embedded_cli.c.obj
                0x10003b58                embeddedCliProcess
 .text.embeddedCliGetTokenCount
                0x10003c0c       0x2a CMakeFiles/tulip4041.dir/embedded_cli.c.obj
                0x10003c0c                embeddedCliGetTokenCount
 *fill*         0x10003c36        0x2 
 .text.onHelp   0x10003c38      0x108 CMakeFiles/tulip4041.dir/embedded_cli.c.obj
 .text._ZL14wait_for_writeim
                0x10003d40       0x1c CMakeFiles/tulip4041.dir/cdc_helper.cpp.obj
 .text.cdc_flush
                0x10003d5c        0xa CMakeFiles/tulip4041.dir/cdc_helper.cpp.obj
                0x10003d5c                cdc_flush
 .text.cdc_connected
                0x10003d66        0xa CMakeFiles/tulip4041.dir/cdc_helper.cpp.obj
                0x10003d66                cdc_connected
 .text.cdc_sendbuf
                0x10003d70       0x1a CMakeFiles/tulip4041.dir/cdc_helper.cpp.obj
                0x10003d70                cdc_sendbuf
 .text.cdc_send_printport
                0x10003d8a       0x20 CMakeFiles/tulip4041.dir/cdc_helper.cpp.obj
                0x10003d8a                cdc_send_printport
 .text.cdc_send_char
                0x10003daa       0x1a CMakeFiles/tulip4041.dir/cdc_helper.cpp.obj
                0x10003daa                cdc_send_char
 .text.cdc_send_char_flush
                0x10003dc4       0x20 CMakeFiles/tulip4041.dir/cdc_helper.cpp.obj
                0x10003dc4                cdc_send_char_flush
 .text.cdc_read_byte
                0x10003de4       0x28 CMakeFiles/tulip4041.dir/cdc_helper.cpp.obj
                0x10003de4                cdc_read_byte
 .text.cdc_read_char
                0x10003e0c       0x26 CMakeFiles/tulip4041.dir/cdc_helper.cpp.obj
                0x10003e0c                cdc_read_char
 .text.cdc_available
                0x10003e32        0xa CMakeFiles/tulip4041.dir/cdc_helper.cpp.obj
                0x10003e32                cdc_available
 .text.cdc_send_string
                0x10003e3c       0x30 CMakeFiles/tulip4041.dir/cdc_helper.cpp.obj
                0x10003e3c                cdc_send_string
 .text._Z41__static_initialization_and_destruction_0v
                0x10003e6c       0x18 CMakeFiles/tulip4041.dir/globalsettings.cpp.obj
 .text._GLOBAL__sub_I_globsetting
                0x10003e84        0x8 CMakeFiles/tulip4041.dir/globalsettings.cpp.obj
 .text.tud_descriptor_device_cb
                0x10003e8c        0x8 CMakeFiles/tulip4041.dir/usb-descriptors.cpp.obj
                0x10003e8c                tud_descriptor_device_cb
 .text.tud_descriptor_configuration_cb
                0x10003e94        0x8 CMakeFiles/tulip4041.dir/usb-descriptors.cpp.obj
                0x10003e94                tud_descriptor_configuration_cb
 .text.tud_descriptor_string_cb
                0x10003e9c       0x4c CMakeFiles/tulip4041.dir/usb-descriptors.cpp.obj
                0x10003e9c                tud_descriptor_string_cb
 .text.usbd_serial_init
                0x10003ee8       0x50 CMakeFiles/tulip4041.dir/usb-descriptors.cpp.obj
                0x10003ee8                usbd_serial_init
 .text.queue_get_level
                0x10003f38       0x42 CMakeFiles/tulip4041.dir/tracer.cpp.obj
 .text.queue_init
                0x10003f7a       0x1a CMakeFiles/tulip4041.dir/tracer.cpp.obj
 .text.TraceBuffer_init
                0x10003f94       0x14 CMakeFiles/tulip4041.dir/tracer.cpp.obj
                0x10003f94                TraceBuffer_init
 .text._Z10HPIL_instrt
                0x10003fa8       0xac CMakeFiles/tulip4041.dir/tracer.cpp.obj
                0x10003fa8                HPIL_instr(unsigned short)
 .text.Trace_task
                0x10004054      0x7c0 CMakeFiles/tulip4041.dir/tracer.cpp.obj
                0x10004054                Trace_task
 .text.sd_get_num
                0x10004814        0x4 CMakeFiles/tulip4041.dir/hw_config.c.obj
                0x10004814                sd_get_num
 .text.sd_get_by_num
                0x10004818       0x34 CMakeFiles/tulip4041.dir/hw_config.c.obj
                0x10004818                sd_get_by_num
 .text.uart_putc
                0x1000484c       0x70 CMakeFiles/tulip4041.dir/peripherals.cpp.obj
 .text.uart_puts
                0x100048bc       0x54 CMakeFiles/tulip4041.dir/peripherals.cpp.obj
 .text.queue_get_level
                0x10004910       0x42 CMakeFiles/tulip4041.dir/peripherals.cpp.obj
 .text.queue_init
                0x10004952       0x1a CMakeFiles/tulip4041.dir/peripherals.cpp.obj
 .text.gpio_toggle
                0x1000496c       0x18 CMakeFiles/tulip4041.dir/peripherals.cpp.obj
                0x1000496c                gpio_toggle
 .text.serialport_init
                0x10004984       0x40 CMakeFiles/tulip4041.dir/peripherals.cpp.obj
                0x10004984                serialport_init
 .text.bus_init
                0x100049c4       0xec CMakeFiles/tulip4041.dir/peripherals.cpp.obj
                0x100049c4                bus_init
 .text.WandBuffer_init
                0x10004ab0       0x18 CMakeFiles/tulip4041.dir/peripherals.cpp.obj
                0x10004ab0                WandBuffer_init
 .text._Z6parityh
                0x10004ac8       0x12 CMakeFiles/tulip4041.dir/peripherals.cpp.obj
                0x10004ac8                parity(unsigned char)
 .text._Z23calculate_frame_payloadh
                0x10004ada       0x42 CMakeFiles/tulip4041.dir/peripherals.cpp.obj
                0x10004ada                calculate_frame_payload(unsigned char)
 .text._Z15construct_framet
                0x10004b1c       0x28 CMakeFiles/tulip4041.dir/peripherals.cpp.obj
                0x10004b1c                construct_frame(unsigned short)
 .text.PrintBuffer_init
                0x10004b44       0x14 CMakeFiles/tulip4041.dir/peripherals.cpp.obj
                0x10004b44                PrintBuffer_init
 .text.Print_task
                0x10004b58       0x98 CMakeFiles/tulip4041.dir/peripherals.cpp.obj
                0x10004b58                Print_task
 .text.getIL_mnemonic
                0x10004bf0       0x38 CMakeFiles/tulip4041.dir/peripherals.cpp.obj
                0x10004bf0                getIL_mnemonic
 .text._Z10HPIL_scopetbb
                0x10004c28       0xc4 CMakeFiles/tulip4041.dir/peripherals.cpp.obj
                0x10004c28                HPIL_scope(unsigned short, bool, bool)
 .text._Z12PILBox_scopethhb
                0x10004cec       0xd4 CMakeFiles/tulip4041.dir/peripherals.cpp.obj
                0x10004cec                PILBox_scope(unsigned short, unsigned char, unsigned char, bool)
 .text.HPIL_init
                0x10004dc0       0x40 CMakeFiles/tulip4041.dir/peripherals.cpp.obj
                0x10004dc0                HPIL_init
 .text._Z16PILBox_sendframet
                0x10004e00       0xa0 CMakeFiles/tulip4041.dir/peripherals.cpp.obj
                0x10004e00                PILBox_sendframe(unsigned short)
 .text._Z16PILBox_revcframev
                0x10004ea0      0x120 CMakeFiles/tulip4041.dir/peripherals.cpp.obj
                0x10004ea0                PILBox_revcframe()
 .text._Z14HPIL_SendFramet
                0x10004fc0       0x24 CMakeFiles/tulip4041.dir/peripherals.cpp.obj
                0x10004fc0                HPIL_SendFrame(unsigned short)
 .text._Z16HPIL_AutoIDYTaskv
                0x10004fe4       0x58 CMakeFiles/tulip4041.dir/peripherals.cpp.obj
                0x10004fe4                HPIL_AutoIDYTask()
 .text._Z14HPIL_RecvFramet
                0x1000503c       0x70 CMakeFiles/tulip4041.dir/peripherals.cpp.obj
                0x1000503c                HPIL_RecvFrame(unsigned short)
 .text.HPIL_task
                0x100050ac      0x220 CMakeFiles/tulip4041.dir/peripherals.cpp.obj
                0x100050ac                HPIL_task
 .text._ZL14fs_type_stringi
                0x100052cc       0x38 CMakeFiles/tulip4041.dir/sdcard.cpp.obj
 .text.put_out_error_message
                0x10005304       0x1c CMakeFiles/tulip4041.dir/sdcard.cpp.obj
                0x10005304                put_out_error_message
 .text.put_out_info_message
                0x10005320       0x1c CMakeFiles/tulip4041.dir/sdcard.cpp.obj
                0x10005320                put_out_info_message
 .text.sdcard_init
                0x1000533c        0x8 CMakeFiles/tulip4041.dir/sdcard.cpp.obj
                0x1000533c                sdcard_init
 .text.sd_mounted
                0x10005344       0x34 CMakeFiles/tulip4041.dir/sdcard.cpp.obj
                0x10005344                sd_mounted
 .text.sd_mount
                0x10005378       0x80 CMakeFiles/tulip4041.dir/sdcard.cpp.obj
                0x10005378                sd_mount
 .text.sd_mount_s
                0x100053f8       0x54 CMakeFiles/tulip4041.dir/sdcard.cpp.obj
                0x100053f8                sd_mount_s
 .text.sd_unmount
                0x1000544c       0x58 CMakeFiles/tulip4041.dir/sdcard.cpp.obj
                0x1000544c                sd_unmount
 .text.sd_dir   0x100054a4       0xfc CMakeFiles/tulip4041.dir/sdcard.cpp.obj
                0x100054a4                sd_dir
 .text.sd_sect_count
                0x100055a0       0x48 CMakeFiles/tulip4041.dir/sdcard.cpp.obj
                0x100055a0                sd_sect_count
 .text.sd_status
                0x100055e8      0x274 CMakeFiles/tulip4041.dir/sdcard.cpp.obj
                0x100055e8                sd_status
 .text.usb_sd_eject
                0x1000585c        0xc CMakeFiles/tulip4041.dir/msc_device_disk.c.obj
                0x1000585c                usb_sd_eject
 .text.usb_sd_connect
                0x10005868        0xc CMakeFiles/tulip4041.dir/msc_device_disk.c.obj
                0x10005868                usb_sd_connect
 .text.tud_mount_cb
                0x10005874       0x14 CMakeFiles/tulip4041.dir/msc_device_disk.c.obj
                0x10005874                tud_mount_cb
 .text.tud_umount_cb
                0x10005888       0x10 CMakeFiles/tulip4041.dir/msc_device_disk.c.obj
                0x10005888                tud_umount_cb
 .text.tud_suspend_cb
                0x10005898        0x2 CMakeFiles/tulip4041.dir/msc_device_disk.c.obj
                0x10005898                tud_suspend_cb
 .text.tud_resume_cb
                0x1000589a        0x2 CMakeFiles/tulip4041.dir/msc_device_disk.c.obj
                0x1000589a                tud_resume_cb
 .text.tud_msc_inquiry_cb
                0x1000589c       0x64 CMakeFiles/tulip4041.dir/msc_device_disk.c.obj
                0x1000589c                tud_msc_inquiry_cb
 .text.tud_msc_test_unit_ready_cb
                0x10005900       0x20 CMakeFiles/tulip4041.dir/msc_device_disk.c.obj
                0x10005900                tud_msc_test_unit_ready_cb
 .text.tud_msc_capacity_cb
                0x10005920       0x3c CMakeFiles/tulip4041.dir/msc_device_disk.c.obj
                0x10005920                tud_msc_capacity_cb
 .text.tud_msc_start_stop_cb
                0x1000595c       0x28 CMakeFiles/tulip4041.dir/msc_device_disk.c.obj
                0x1000595c                tud_msc_start_stop_cb
 .text.tud_msc_read10_cb
                0x10005984       0x24 CMakeFiles/tulip4041.dir/msc_device_disk.c.obj
                0x10005984                tud_msc_read10_cb
 .text.tud_msc_is_writable_cb
                0x100059a8        0x4 CMakeFiles/tulip4041.dir/msc_device_disk.c.obj
                0x100059a8                tud_msc_is_writable_cb
 .text.tud_msc_write10_cb
                0x100059ac       0x24 CMakeFiles/tulip4041.dir/msc_device_disk.c.obj
                0x100059ac                tud_msc_write10_cb
 .text.tud_msc_scsi_cb
                0x100059d0       0x12 CMakeFiles/tulip4041.dir/msc_device_disk.c.obj
                0x100059d0                tud_msc_scsi_cb
 *fill*         0x100059e2        0x2 
 .text.gpio_set_function
                0x100059e4       0x38 CMakeFiles/tulip4041.dir/C_/Users/mkuipers/.pico-sdk/sdk/2.0.0/src/rp2_common/hardware_gpio/gpio.c.obj
                0x100059e4                gpio_set_function
 .text.gpio_set_pulls
                0x10005a1c       0x38 CMakeFiles/tulip4041.dir/C_/Users/mkuipers/.pico-sdk/sdk/2.0.0/src/rp2_common/hardware_gpio/gpio.c.obj
                0x10005a1c                gpio_set_pulls
 .text.gpio_set_input_hysteresis_enabled
                0x10005a54       0x28 CMakeFiles/tulip4041.dir/C_/Users/mkuipers/.pico-sdk/sdk/2.0.0/src/rp2_common/hardware_gpio/gpio.c.obj
                0x10005a54                gpio_set_input_hysteresis_enabled
 .text.gpio_set_slew_rate
                0x10005a7c       0x1c CMakeFiles/tulip4041.dir/C_/Users/mkuipers/.pico-sdk/sdk/2.0.0/src/rp2_common/hardware_gpio/gpio.c.obj
                0x10005a7c                gpio_set_slew_rate
 .text.gpio_set_drive_strength
                0x10005a98       0x20 CMakeFiles/tulip4041.dir/C_/Users/mkuipers/.pico-sdk/sdk/2.0.0/src/rp2_common/hardware_gpio/gpio.c.obj
                0x10005a98                gpio_set_drive_strength
 .text.gpio_set_irq_callback
                0x10005ab8       0x44 CMakeFiles/tulip4041.dir/C_/Users/mkuipers/.pico-sdk/sdk/2.0.0/src/rp2_common/hardware_gpio/gpio.c.obj
                0x10005ab8                gpio_set_irq_callback
 .text.gpio_acknowledge_irq
                0x10005afc       0x18 CMakeFiles/tulip4041.dir/C_/Users/mkuipers/.pico-sdk/sdk/2.0.0/src/rp2_common/hardware_gpio/gpio.c.obj
                0x10005afc                gpio_acknowledge_irq
 .text._gpio_set_irq_enabled
                0x10005b14       0x2e CMakeFiles/tulip4041.dir/C_/Users/mkuipers/.pico-sdk/sdk/2.0.0/src/rp2_common/hardware_gpio/gpio.c.obj
 *fill*         0x10005b42        0x2 
 .text.gpio_set_irq_enabled
                0x10005b44       0x60 CMakeFiles/tulip4041.dir/C_/Users/mkuipers/.pico-sdk/sdk/2.0.0/src/rp2_common/hardware_gpio/gpio.c.obj
                0x10005b44                gpio_set_irq_enabled
 .text.gpio_set_irq_enabled_with_callback
                0x10005ba4       0x26 CMakeFiles/tulip4041.dir/C_/Users/mkuipers/.pico-sdk/sdk/2.0.0/src/rp2_common/hardware_gpio/gpio.c.obj
                0x10005ba4                gpio_set_irq_enabled_with_callback
 *fill*         0x10005bca        0x2 
 .text.gpio_default_irq_handler
                0x10005bcc       0x80 CMakeFiles/tulip4041.dir/C_/Users/mkuipers/.pico-sdk/sdk/2.0.0/src/rp2_common/hardware_gpio/gpio.c.obj
 .text.gpio_init
                0x10005c4c       0x16 CMakeFiles/tulip4041.dir/C_/Users/mkuipers/.pico-sdk/sdk/2.0.0/src/rp2_common/hardware_gpio/gpio.c.obj
                0x10005c4c                gpio_init
 .text.gpio_deinit
                0x10005c62        0xa CMakeFiles/tulip4041.dir/C_/Users/mkuipers/.pico-sdk/sdk/2.0.0/src/rp2_common/hardware_gpio/gpio.c.obj
                0x10005c62                gpio_deinit
 .text.panic    0x10005c6c       0x30 CMakeFiles/tulip4041.dir/C_/Users/mkuipers/.pico-sdk/sdk/2.0.0/src/rp2_common/pico_platform_panic/panic.c.obj
                0x10005c6c                panic
 .text.hw_claim_lock
                0x10005c9c       0x24 CMakeFiles/tulip4041.dir/C_/Users/mkuipers/.pico-sdk/sdk/2.0.0/src/common/hardware_claim/claim.c.obj
                0x10005c9c                hw_claim_lock
 .text.hw_claim_unlock
                0x10005cc0       0x14 CMakeFiles/tulip4041.dir/C_/Users/mkuipers/.pico-sdk/sdk/2.0.0/src/common/hardware_claim/claim.c.obj
                0x10005cc0                hw_claim_unlock
 .text.hw_claim_or_assert
                0x10005cd4       0x32 CMakeFiles/tulip4041.dir/C_/Users/mkuipers/.pico-sdk/sdk/2.0.0/src/common/hardware_claim/claim.c.obj
                0x10005cd4                hw_claim_or_assert
 .text.hw_claim_unused_from_range
                0x10005d06       0x4e CMakeFiles/tulip4041.dir/C_/Users/mkuipers/.pico-sdk/sdk/2.0.0/src/common/hardware_claim/claim.c.obj
                0x10005d06                hw_claim_unused_from_range
 .text.next_striped_spin_lock_num
                0x10005d54       0x1c CMakeFiles/tulip4041.dir/C_/Users/mkuipers/.pico-sdk/sdk/2.0.0/src/rp2_common/hardware_sync/sync.c.obj
                0x10005d54                next_striped_spin_lock_num
 .text.spin_lock_claim_unused
                0x10005d70       0x24 CMakeFiles/tulip4041.dir/C_/Users/mkuipers/.pico-sdk/sdk/2.0.0/src/rp2_common/hardware_sync/sync.c.obj
                0x10005d70                spin_lock_claim_unused
 .text.spinlock_set_extexclall
                0x10005d94        0xe CMakeFiles/tulip4041.dir/C_/Users/mkuipers/.pico-sdk/sdk/2.0.0/src/rp2_common/hardware_sync_spin_lock/sync_spin_lock.c.obj
 *fill*         0x10005da2        0x2 
 .text.spin_locks_reset
                0x10005da4       0x1c CMakeFiles/tulip4041.dir/C_/Users/mkuipers/.pico-sdk/sdk/2.0.0/src/rp2_common/hardware_sync_spin_lock/sync_spin_lock.c.obj
                0x10005da4                spin_locks_reset
 .text.set_raw_irq_handler_and_unlock
                0x10005dc0       0x24 CMakeFiles/tulip4041.dir/C_/Users/mkuipers/.pico-sdk/sdk/2.0.0/src/rp2_common/hardware_irq/irq.c.obj
 .text.nvic_ipr0
                0x10005de4        0x8 CMakeFiles/tulip4041.dir/C_/Users/mkuipers/.pico-sdk/sdk/2.0.0/src/rp2_common/hardware_irq/irq.c.obj
 .text.runtime_init_per_core_irq_priorities
                0x10005dec       0x1a CMakeFiles/tulip4041.dir/C_/Users/mkuipers/.pico-sdk/sdk/2.0.0/src/rp2_common/hardware_irq/irq.c.obj
                0x10005dec                runtime_init_per_core_irq_priorities
 *fill*         0x10005e06        0x2 
 .text.resolve_j_16
                0x10005e08       0x40 CMakeFiles/tulip4041.dir/C_/Users/mkuipers/.pico-sdk/sdk/2.0.0/src/rp2_common/hardware_irq/irq.c.obj
 .text.make_j_16
                0x10005e48       0x3c CMakeFiles/tulip4041.dir/C_/Users/mkuipers/.pico-sdk/sdk/2.0.0/src/rp2_common/hardware_irq/irq.c.obj
 .text.insert_bl_32
                0x10005e84       0x3c CMakeFiles/tulip4041.dir/C_/Users/mkuipers/.pico-sdk/sdk/2.0.0/src/rp2_common/hardware_irq/irq.c.obj
 .text.irq_is_enabled
                0x10005ec0       0x20 CMakeFiles/tulip4041.dir/C_/Users/mkuipers/.pico-sdk/sdk/2.0.0/src/rp2_common/hardware_irq/irq.c.obj
                0x10005ec0                irq_is_enabled
 .text.irq_set_mask_n_enabled
                0x10005ee0       0x20 CMakeFiles/tulip4041.dir/C_/Users/mkuipers/.pico-sdk/sdk/2.0.0/src/rp2_common/hardware_irq/irq.c.obj
                0x10005ee0                irq_set_mask_n_enabled
 .text.irq_set_enabled
                0x10005f00       0x14 CMakeFiles/tulip4041.dir/C_/Users/mkuipers/.pico-sdk/sdk/2.0.0/src/rp2_common/hardware_irq/irq.c.obj
                0x10005f00                irq_set_enabled
 .text.irq_get_vtable_handler
                0x10005f14       0x10 CMakeFiles/tulip4041.dir/C_/Users/mkuipers/.pico-sdk/sdk/2.0.0/src/rp2_common/hardware_irq/irq.c.obj
                0x10005f14                irq_get_vtable_handler
 .text.irq_set_exclusive_handler
                0x10005f24       0x60 CMakeFiles/tulip4041.dir/C_/Users/mkuipers/.pico-sdk/sdk/2.0.0/src/rp2_common/hardware_irq/irq.c.obj
                0x10005f24                irq_set_exclusive_handler
 .text.irq_add_shared_handler
                0x10005f84      0x234 CMakeFiles/tulip4041.dir/C_/Users/mkuipers/.pico-sdk/sdk/2.0.0/src/rp2_common/hardware_irq/irq.c.obj
                0x10005f84                irq_add_shared_handler
 .text.irq_remove_handler
                0x100061b8      0x178 CMakeFiles/tulip4041.dir/C_/Users/mkuipers/.pico-sdk/sdk/2.0.0/src/rp2_common/hardware_irq/irq.c.obj
                0x100061b8                irq_remove_handler
 .text.irq_add_tail_to_free_list
                0x10006330       0xf8 CMakeFiles/tulip4041.dir/C_/Users/mkuipers/.pico-sdk/sdk/2.0.0/src/rp2_common/hardware_irq/irq.c.obj
                0x10006330                irq_add_tail_to_free_list
 .text.lock_init
                0x10006428        0xc CMakeFiles/tulip4041.dir/C_/Users/mkuipers/.pico-sdk/sdk/2.0.0/src/common/pico_sync/lock_core.c.obj
                0x10006428                lock_init
 .text.mutex_init
                0x10006434       0x1a CMakeFiles/tulip4041.dir/C_/Users/mkuipers/.pico-sdk/sdk/2.0.0/src/common/pico_sync/mutex.c.obj
                0x10006434                mutex_init
 .text.recursive_mutex_init
                0x1000644e       0x1e CMakeFiles/tulip4041.dir/C_/Users/mkuipers/.pico-sdk/sdk/2.0.0/src/common/pico_sync/mutex.c.obj
                0x1000644e                recursive_mutex_init
 .text.runtime_init_mutex
                0x1000646c       0x4c CMakeFiles/tulip4041.dir/C_/Users/mkuipers/.pico-sdk/sdk/2.0.0/src/common/pico_sync/mutex.c.obj
                0x1000646c                runtime_init_mutex
 .text.critical_section_init_with_lock_num
                0x100064b8       0x10 CMakeFiles/tulip4041.dir/C_/Users/mkuipers/.pico-sdk/sdk/2.0.0/src/common/pico_sync/critical_section.c.obj
                0x100064b8                critical_section_init_with_lock_num
 .text.critical_section_init
                0x100064c8       0x14 CMakeFiles/tulip4041.dir/C_/Users/mkuipers/.pico-sdk/sdk/2.0.0/src/common/pico_sync/critical_section.c.obj
                0x100064c8                critical_section_init
 .text.ta_from_current_irq
                0x100064dc       0x24 CMakeFiles/tulip4041.dir/C_/Users/mkuipers/.pico-sdk/sdk/2.0.0/src/common/pico_time/time.c.obj
 .text.make_alarm_id
                0x10006500        0x6 CMakeFiles/tulip4041.dir/C_/Users/mkuipers/.pico-sdk/sdk/2.0.0/src/common/pico_time/time.c.obj
 *fill*         0x10006506        0x2 
 .text.sleep_until_callback
                0x10006508       0x3c CMakeFiles/tulip4041.dir/C_/Users/mkuipers/.pico-sdk/sdk/2.0.0/src/common/pico_time/time.c.obj
 .text.alarm_pool_irq_handler
                0x10006544      0x2c0 CMakeFiles/tulip4041.dir/C_/Users/mkuipers/.pico-sdk/sdk/2.0.0/src/common/pico_time/time.c.obj
 .text.ta_enable_irq_handler
                0x10006804       0x38 CMakeFiles/tulip4041.dir/C_/Users/mkuipers/.pico-sdk/sdk/2.0.0/src/common/pico_time/time.c.obj
 .text.alarm_pool_post_alloc_init
                0x1000683c       0x7c CMakeFiles/tulip4041.dir/C_/Users/mkuipers/.pico-sdk/sdk/2.0.0/src/common/pico_time/time.c.obj
 .text.alarm_pool_get_default
                0x100068b8       0x28 CMakeFiles/tulip4041.dir/C_/Users/mkuipers/.pico-sdk/sdk/2.0.0/src/common/pico_time/time.c.obj
                0x100068b8                alarm_pool_get_default
 .text.alarm_pool_add_alarm_at_force_in_context
                0x100068e0       0xc0 CMakeFiles/tulip4041.dir/C_/Users/mkuipers/.pico-sdk/sdk/2.0.0/src/common/pico_time/time.c.obj
                0x100068e0                alarm_pool_add_alarm_at_force_in_context
 .text.alarm_pool_add_alarm_at
                0x100069a0       0x38 CMakeFiles/tulip4041.dir/C_/Users/mkuipers/.pico-sdk/sdk/2.0.0/src/common/pico_time/time.c.obj
                0x100069a0                alarm_pool_add_alarm_at
 .text.add_alarm_at
                0x100069d8       0x26 CMakeFiles/tulip4041.dir/C_/Users/mkuipers/.pico-sdk/sdk/2.0.0/src/common/pico_time/time.c.obj
 .text.alarm_pool_cancel_alarm
                0x100069fe       0x72 CMakeFiles/tulip4041.dir/C_/Users/mkuipers/.pico-sdk/sdk/2.0.0/src/common/pico_time/time.c.obj
                0x100069fe                alarm_pool_cancel_alarm
 .text.cancel_alarm
                0x10006a70       0x10 CMakeFiles/tulip4041.dir/C_/Users/mkuipers/.pico-sdk/sdk/2.0.0/src/common/pico_time/time.c.obj
 .text.sleep_until
                0x10006a80       0xc4 CMakeFiles/tulip4041.dir/C_/Users/mkuipers/.pico-sdk/sdk/2.0.0/src/common/pico_time/time.c.obj
                0x10006a80                sleep_until
 .text.sleep_us
                0x10006b44       0x24 CMakeFiles/tulip4041.dir/C_/Users/mkuipers/.pico-sdk/sdk/2.0.0/src/common/pico_time/time.c.obj
                0x10006b44                sleep_us
 .text.sleep_ms
                0x10006b68       0x28 CMakeFiles/tulip4041.dir/C_/Users/mkuipers/.pico-sdk/sdk/2.0.0/src/common/pico_time/time.c.obj
                0x10006b68                sleep_ms
 .text.best_effort_wfe_or_timeout
                0x10006b90       0xc4 CMakeFiles/tulip4041.dir/C_/Users/mkuipers/.pico-sdk/sdk/2.0.0/src/common/pico_time/time.c.obj
                0x10006b90                best_effort_wfe_or_timeout
 .text.alarm_pool_get_default_timer
                0x10006c54        0x8 CMakeFiles/tulip4041.dir/C_/Users/mkuipers/.pico-sdk/sdk/2.0.0/src/common/pico_time/time.c.obj
                0x10006c54                alarm_pool_get_default_timer
 .text.runtime_init_default_alarm_pool
                0x10006c5c       0x34 CMakeFiles/tulip4041.dir/C_/Users/mkuipers/.pico-sdk/sdk/2.0.0/src/common/pico_time/time.c.obj
                0x10006c5c                runtime_init_default_alarm_pool
 .text.timer_hardware_alarm_claim
                0x10006c90       0x24 CMakeFiles/tulip4041.dir/C_/Users/mkuipers/.pico-sdk/sdk/2.0.0/src/rp2_common/hardware_timer/timer.c.obj
                0x10006c90                timer_hardware_alarm_claim
 .text.timer_time_us_64
                0x10006cb4       0x10 CMakeFiles/tulip4041.dir/C_/Users/mkuipers/.pico-sdk/sdk/2.0.0/src/rp2_common/hardware_timer/timer.c.obj
                0x10006cb4                timer_time_us_64
 .text.timer_busy_wait_until
                0x10006cc4       0x1a CMakeFiles/tulip4041.dir/C_/Users/mkuipers/.pico-sdk/sdk/2.0.0/src/rp2_common/hardware_timer/timer.c.obj
                0x10006cc4                timer_busy_wait_until
 .text.timer_busy_wait_us
                0x10006cde       0x28 CMakeFiles/tulip4041.dir/C_/Users/mkuipers/.pico-sdk/sdk/2.0.0/src/rp2_common/hardware_timer/timer.c.obj
                0x10006cde                timer_busy_wait_us
 *fill*         0x10006d06        0x2 
 .text.time_us_64
                0x10006d08       0x10 CMakeFiles/tulip4041.dir/C_/Users/mkuipers/.pico-sdk/sdk/2.0.0/src/rp2_common/hardware_timer/timer.c.obj
                0x10006d08                time_us_64
 .text.busy_wait_us
                0x10006d18       0x14 CMakeFiles/tulip4041.dir/C_/Users/mkuipers/.pico-sdk/sdk/2.0.0/src/rp2_common/hardware_timer/timer.c.obj
                0x10006d18                busy_wait_us
 .text.busy_wait_until
                0x10006d2c       0x14 CMakeFiles/tulip4041.dir/C_/Users/mkuipers/.pico-sdk/sdk/2.0.0/src/rp2_common/hardware_timer/timer.c.obj
                0x10006d2c                busy_wait_until
 .text.element_ptr
                0x10006d40       0x2c CMakeFiles/tulip4041.dir/C_/Users/mkuipers/.pico-sdk/sdk/2.0.0/src/common/pico_util/queue.c.obj
 .text.queue_add_internal
                0x10006d6c       0x94 CMakeFiles/tulip4041.dir/C_/Users/mkuipers/.pico-sdk/sdk/2.0.0/src/common/pico_util/queue.c.obj
 .text.queue_remove_internal
                0x10006e00       0x94 CMakeFiles/tulip4041.dir/C_/Users/mkuipers/.pico-sdk/sdk/2.0.0/src/common/pico_util/queue.c.obj
 .text.queue_init_with_spinlock
                0x10006e94       0x24 CMakeFiles/tulip4041.dir/C_/Users/mkuipers/.pico-sdk/sdk/2.0.0/src/common/pico_util/queue.c.obj
                0x10006e94                queue_init_with_spinlock
 .text.queue_try_add
                0x10006eb8        0xa CMakeFiles/tulip4041.dir/C_/Users/mkuipers/.pico-sdk/sdk/2.0.0/src/common/pico_util/queue.c.obj
                0x10006eb8                queue_try_add
 .text.queue_try_remove
                0x10006ec2        0xa CMakeFiles/tulip4041.dir/C_/Users/mkuipers/.pico-sdk/sdk/2.0.0/src/common/pico_util/queue.c.obj
                0x10006ec2                queue_try_remove
 .text.queue_remove_blocking
                0x10006ecc        0xa CMakeFiles/tulip4041.dir/C_/Users/mkuipers/.pico-sdk/sdk/2.0.0/src/common/pico_util/queue.c.obj
                0x10006ecc                queue_remove_blocking
 *fill*         0x10006ed6        0x2 
 .text.uart_unreset
                0x10006ed8       0x2c CMakeFiles/tulip4041.dir/C_/Users/mkuipers/.pico-sdk/sdk/2.0.0/src/rp2_common/hardware_uart/uart.c.obj
 .text.uart_disable_before_lcr_write
                0x10006f04       0x40 CMakeFiles/tulip4041.dir/C_/Users/mkuipers/.pico-sdk/sdk/2.0.0/src/rp2_common/hardware_uart/uart.c.obj
 .text.uart_write_lcr_bits_masked
                0x10006f44       0x1c CMakeFiles/tulip4041.dir/C_/Users/mkuipers/.pico-sdk/sdk/2.0.0/src/rp2_common/hardware_uart/uart.c.obj
 .text.uart_set_baudrate
                0x10006f60       0x52 CMakeFiles/tulip4041.dir/C_/Users/mkuipers/.pico-sdk/sdk/2.0.0/src/rp2_common/hardware_uart/uart.c.obj
                0x10006f60                uart_set_baudrate
 *fill*         0x10006fb2        0x2 
 .text.uart_set_translate_crlf
                0x10006fb4       0x24 CMakeFiles/tulip4041.dir/C_/Users/mkuipers/.pico-sdk/sdk/2.0.0/src/rp2_common/hardware_uart/uart.c.obj
                0x10006fb4                uart_set_translate_crlf
 .text.uart_init
                0x10006fd8       0x5c CMakeFiles/tulip4041.dir/C_/Users/mkuipers/.pico-sdk/sdk/2.0.0/src/rp2_common/hardware_uart/uart.c.obj
                0x10006fd8                uart_init
 .text.clock_configure_internal
                0x10007034       0xb8 CMakeFiles/tulip4041.dir/C_/Users/mkuipers/.pico-sdk/sdk/2.0.0/src/rp2_common/hardware_clocks/clocks.c.obj
 .text.clock_configure
                0x100070ec       0x64 CMakeFiles/tulip4041.dir/C_/Users/mkuipers/.pico-sdk/sdk/2.0.0/src/rp2_common/hardware_clocks/clocks.c.obj
                0x100070ec                clock_configure
 .text.clock_configure_undivided
                0x10007150       0x12 CMakeFiles/tulip4041.dir/C_/Users/mkuipers/.pico-sdk/sdk/2.0.0/src/rp2_common/hardware_clocks/clocks.c.obj
                0x10007150                clock_configure_undivided
 *fill*         0x10007162        0x2 
 .text.clock_get_hz
                0x10007164        0xc CMakeFiles/tulip4041.dir/C_/Users/mkuipers/.pico-sdk/sdk/2.0.0/src/rp2_common/hardware_clocks/clocks.c.obj
                0x10007164                clock_get_hz
 .text.pll_init
                0x10007170      0x108 CMakeFiles/tulip4041.dir/C_/Users/mkuipers/.pico-sdk/sdk/2.0.0/src/rp2_common/hardware_pll/pll.c.obj
                0x10007170                pll_init
 .text.watchdog_update
                0x10007278       0x14 CMakeFiles/tulip4041.dir/C_/Users/mkuipers/.pico-sdk/sdk/2.0.0/src/rp2_common/hardware_watchdog/watchdog.c.obj
                0x10007278                watchdog_update
 .text._watchdog_enable
                0x1000728c       0x6c CMakeFiles/tulip4041.dir/C_/Users/mkuipers/.pico-sdk/sdk/2.0.0/src/rp2_common/hardware_watchdog/watchdog.c.obj
                0x1000728c                _watchdog_enable
 .text.watchdog_enable
                0x100072f8       0x18 CMakeFiles/tulip4041.dir/C_/Users/mkuipers/.pico-sdk/sdk/2.0.0/src/rp2_common/hardware_watchdog/watchdog.c.obj
                0x100072f8                watchdog_enable
 .text.tick_start
                0x10007310       0x1c CMakeFiles/tulip4041.dir/C_/Users/mkuipers/.pico-sdk/sdk/2.0.0/src/rp2_common/hardware_ticks/ticks.c.obj
                0x10007310                tick_start
 .text.xosc_init
                0x1000732c       0x28 CMakeFiles/tulip4041.dir/C_/Users/mkuipers/.pico-sdk/sdk/2.0.0/src/rp2_common/hardware_xosc/xosc.c.obj
                0x1000732c                xosc_init
 .text.runtime_run_initializers_from
                0x10007354       0x18 CMakeFiles/tulip4041.dir/C_/Users/mkuipers/.pico-sdk/sdk/2.0.0/src/rp2_common/pico_runtime/runtime.c.obj
 .text.first_per_core_initializer
                0x1000736c        0x2 CMakeFiles/tulip4041.dir/C_/Users/mkuipers/.pico-sdk/sdk/2.0.0/src/rp2_common/pico_runtime/runtime.c.obj
 *fill*         0x1000736e        0x2 
 .text.runtime_run_initializers
                0x10007370       0x10 CMakeFiles/tulip4041.dir/C_/Users/mkuipers/.pico-sdk/sdk/2.0.0/src/rp2_common/pico_runtime/runtime.c.obj
                0x10007370                runtime_run_initializers
 .text.runtime_run_per_core_initializers
                0x10007380       0x10 CMakeFiles/tulip4041.dir/C_/Users/mkuipers/.pico-sdk/sdk/2.0.0/src/rp2_common/pico_runtime/runtime.c.obj
                0x10007380                runtime_run_per_core_initializers
 .text.runtime_init_early_resets
                0x10007390       0x2c CMakeFiles/tulip4041.dir/C_/Users/mkuipers/.pico-sdk/sdk/2.0.0/src/rp2_common/pico_runtime_init/runtime_init.c.obj
                0x10007390                runtime_init_early_resets
 .text.runtime_init_usb_power_down
                0x100073bc       0x20 CMakeFiles/tulip4041.dir/C_/Users/mkuipers/.pico-sdk/sdk/2.0.0/src/rp2_common/pico_runtime_init/runtime_init.c.obj
                0x100073bc                runtime_init_usb_power_down
 .text.runtime_init_per_core_enable_coprocessors
                0x100073dc       0x1c CMakeFiles/tulip4041.dir/C_/Users/mkuipers/.pico-sdk/sdk/2.0.0/src/rp2_common/pico_runtime_init/runtime_init.c.obj
                0x100073dc                runtime_init_per_core_enable_coprocessors
 .text.runtime_init_post_clock_resets
                0x100073f8       0x20 CMakeFiles/tulip4041.dir/C_/Users/mkuipers/.pico-sdk/sdk/2.0.0/src/rp2_common/pico_runtime_init/runtime_init.c.obj
                0x100073f8                runtime_init_post_clock_resets
 .text.runtime_init_bootrom_reset
                0x10007418       0x12 CMakeFiles/tulip4041.dir/C_/Users/mkuipers/.pico-sdk/sdk/2.0.0/src/rp2_common/pico_runtime_init/runtime_init.c.obj
                0x10007418                runtime_init_bootrom_reset
 .text.runtime_init_per_core_bootrom_reset
                0x1000742a       0x12 CMakeFiles/tulip4041.dir/C_/Users/mkuipers/.pico-sdk/sdk/2.0.0/src/rp2_common/pico_runtime_init/runtime_init.c.obj
                0x1000742a                runtime_init_per_core_bootrom_reset
 .text.runtime_init_spin_locks_reset
                0x1000743c        0x8 CMakeFiles/tulip4041.dir/C_/Users/mkuipers/.pico-sdk/sdk/2.0.0/src/rp2_common/pico_runtime_init/runtime_init.c.obj
                0x1000743c                runtime_init_spin_locks_reset
 .text.runtime_init_install_ram_vector_table
                0x10007444       0x20 CMakeFiles/tulip4041.dir/C_/Users/mkuipers/.pico-sdk/sdk/2.0.0/src/rp2_common/pico_runtime_init/runtime_init.c.obj
                0x10007444                runtime_init_install_ram_vector_table
 .text.start_all_ticks
                0x10007464       0x28 CMakeFiles/tulip4041.dir/C_/Users/mkuipers/.pico-sdk/sdk/2.0.0/src/rp2_common/pico_runtime_init/runtime_init_clocks.c.obj
 .text.runtime_init_clocks
                0x1000748c       0xc4 CMakeFiles/tulip4041.dir/C_/Users/mkuipers/.pico-sdk/sdk/2.0.0/src/rp2_common/pico_runtime_init/runtime_init_clocks.c.obj
                0x1000748c                runtime_init_clocks
 .text.rom_reboot
                0x10007550       0x4e CMakeFiles/tulip4041.dir/C_/Users/mkuipers/.pico-sdk/sdk/2.0.0/src/rp2_common/pico_bootrom/bootrom.c.obj
 .text.rom_func_lookup
                0x1000759e       0x2c CMakeFiles/tulip4041.dir/C_/Users/mkuipers/.pico-sdk/sdk/2.0.0/src/rp2_common/pico_bootrom/bootrom.c.obj
                0x1000759e                rom_func_lookup
 .text.rom_reset_usb_boot
                0x100075ca       0x1e CMakeFiles/tulip4041.dir/C_/Users/mkuipers/.pico-sdk/sdk/2.0.0/src/rp2_common/pico_bootrom/bootrom.c.obj
                0x100075ca                rom_reset_usb_boot
 .text.runtime_init_bootrom_locking_enable
                0x100075e8       0x14 CMakeFiles/tulip4041.dir/C_/Users/mkuipers/.pico-sdk/sdk/2.0.0/src/rp2_common/pico_bootrom/bootrom_lock.c.obj
                0x100075e8                runtime_init_bootrom_locking_enable
 .text.boot_locks_reset
                0x100075fc       0x20 CMakeFiles/tulip4041.dir/C_/Users/mkuipers/.pico-sdk/sdk/2.0.0/src/rp2_common/hardware_boot_lock/boot_lock.c.obj
                0x100075fc                boot_locks_reset
 .text.runtime_init_boot_locks_reset
                0x1000761c        0x8 CMakeFiles/tulip4041.dir/C_/Users/mkuipers/.pico-sdk/sdk/2.0.0/src/rp2_common/hardware_boot_lock/boot_lock.c.obj
                0x1000761c                runtime_init_boot_locks_reset
 .text.__rp2350_dcp_engaged_state_save_restore
                0x10007624       0x3a CMakeFiles/tulip4041.dir/C_/Users/mkuipers/.pico-sdk/sdk/2.0.0/src/rp2_common/pico_double/double_aeabi_dcp.S.obj
 *fill*         0x1000765e        0x2 
 .text.__wrap___aeabi_dadd
                0x10007660       0x28 CMakeFiles/tulip4041.dir/C_/Users/mkuipers/.pico-sdk/sdk/2.0.0/src/rp2_common/pico_double/double_aeabi_dcp.S.obj
                0x10007668                __wrap___aeabi_dadd
 .text.__wrap___aeabi_dsub
                0x10007688       0x28 CMakeFiles/tulip4041.dir/C_/Users/mkuipers/.pico-sdk/sdk/2.0.0/src/rp2_common/pico_double/double_aeabi_dcp.S.obj
                0x10007690                __wrap___aeabi_dsub
 .text.__wrap___aeabi_dmul
                0x100076b0       0x4c CMakeFiles/tulip4041.dir/C_/Users/mkuipers/.pico-sdk/sdk/2.0.0/src/rp2_common/pico_double/double_aeabi_dcp.S.obj
                0x100076b8                __wrap___aeabi_dmul
 .text.__wrap___aeabi_ddiv
                0x100076fc       0x9c CMakeFiles/tulip4041.dir/C_/Users/mkuipers/.pico-sdk/sdk/2.0.0/src/rp2_common/pico_double/double_aeabi_dcp.S.obj
                0x10007704                __wrap___aeabi_ddiv
 .text.__wrap___aeabi_d2f
                0x10007798       0x1c CMakeFiles/tulip4041.dir/C_/Users/mkuipers/.pico-sdk/sdk/2.0.0/src/rp2_common/pico_double/double_aeabi_dcp.S.obj
                0x100077a0                __wrap___aeabi_d2f
 .text.__wrap___aeabi_i2d
                0x100077b4       0x24 CMakeFiles/tulip4041.dir/C_/Users/mkuipers/.pico-sdk/sdk/2.0.0/src/rp2_common/pico_double/double_aeabi_dcp.S.obj
                0x100077bc                __wrap___aeabi_i2d
 .text.__wrap___aeabi_ui2d
                0x100077d8       0x24 CMakeFiles/tulip4041.dir/C_/Users/mkuipers/.pico-sdk/sdk/2.0.0/src/rp2_common/pico_double/double_aeabi_dcp.S.obj
                0x100077e0                __wrap___aeabi_ui2d
 .text.__wrap___aeabi_d2iz
                0x100077fc       0x24 CMakeFiles/tulip4041.dir/C_/Users/mkuipers/.pico-sdk/sdk/2.0.0/src/rp2_common/pico_double/double_aeabi_dcp.S.obj
                0x10007804                __wrap___aeabi_d2iz
 .text.__wrap___aeabi_d2uiz
                0x10007820       0x24 CMakeFiles/tulip4041.dir/C_/Users/mkuipers/.pico-sdk/sdk/2.0.0/src/rp2_common/pico_double/double_aeabi_dcp.S.obj
                0x10007828                __wrap___aeabi_d2uiz
 .text.__wrap___aeabi_dcmpun
                0x10007844       0x24 CMakeFiles/tulip4041.dir/C_/Users/mkuipers/.pico-sdk/sdk/2.0.0/src/rp2_common/pico_double/double_aeabi_dcp.S.obj
                0x1000784c                __wrap___aeabi_dcmpun
 .text.__wrap___aeabi_dcmpeq
                0x10007868       0x24 CMakeFiles/tulip4041.dir/C_/Users/mkuipers/.pico-sdk/sdk/2.0.0/src/rp2_common/pico_double/double_aeabi_dcp.S.obj
                0x10007870                __wrap___aeabi_dcmpeq
 .text.__wrap___aeabi_dcmplt
                0x1000788c       0x28 CMakeFiles/tulip4041.dir/C_/Users/mkuipers/.pico-sdk/sdk/2.0.0/src/rp2_common/pico_double/double_aeabi_dcp.S.obj
                0x10007894                __wrap___aeabi_dcmplt
 .text.__wrap___aeabi_dcmple
                0x100078b4       0x28 CMakeFiles/tulip4041.dir/C_/Users/mkuipers/.pico-sdk/sdk/2.0.0/src/rp2_common/pico_double/double_aeabi_dcp.S.obj
                0x100078bc                __wrap___aeabi_dcmple
 .text.__wrap___aeabi_dcmpge
                0x100078dc       0x28 CMakeFiles/tulip4041.dir/C_/Users/mkuipers/.pico-sdk/sdk/2.0.0/src/rp2_common/pico_double/double_aeabi_dcp.S.obj
                0x100078e4                __wrap___aeabi_dcmpge
 .text.__wrap___aeabi_dcmpgt
                0x10007904       0x28 CMakeFiles/tulip4041.dir/C_/Users/mkuipers/.pico-sdk/sdk/2.0.0/src/rp2_common/pico_double/double_aeabi_dcp.S.obj
                0x1000790c                __wrap___aeabi_dcmpgt
 .text.__wrap_conv_tod
                0x1000792c      0x20c CMakeFiles/tulip4041.dir/C_/Users/mkuipers/.pico-sdk/sdk/2.0.0/src/rp2_common/pico_double/double_conv_m33.S.obj
                0x1000792c                __wrap___aeabi_l2d
                0x1000792c                int642double
                0x1000792e                fix642double
                0x100079d2                __wrap___aeabi_ul2d
                0x100079d2                uint642double
                0x100079d4                ufix642double
                0x10007a68                fix2double
                0x10007ad8                ufix2double
 .text.__wrap_conv_dtoi64
                0x10007b38       0xa0 CMakeFiles/tulip4041.dir/C_/Users/mkuipers/.pico-sdk/sdk/2.0.0/src/rp2_common/pico_double/double_conv_m33.S.obj
                0x10007b38                __wrap___aeabi_d2lz
                0x10007b38                double2int64_z
                0x10007b3a                double2fix64_z
 .text.check_alloc
                0x10007bd8       0x20 CMakeFiles/tulip4041.dir/C_/Users/mkuipers/.pico-sdk/sdk/2.0.0/src/rp2_common/pico_malloc/malloc.c.obj
 .text.__wrap_malloc
                0x10007bf8       0x2c CMakeFiles/tulip4041.dir/C_/Users/mkuipers/.pico-sdk/sdk/2.0.0/src/rp2_common/pico_malloc/malloc.c.obj
                0x10007bf8                __wrap_malloc
 .text.__wrap_calloc
                0x10007c24       0x30 CMakeFiles/tulip4041.dir/C_/Users/mkuipers/.pico-sdk/sdk/2.0.0/src/rp2_common/pico_malloc/malloc.c.obj
                0x10007c24                __wrap_calloc
 .text.__wrap_realloc
                0x10007c54       0x30 CMakeFiles/tulip4041.dir/C_/Users/mkuipers/.pico-sdk/sdk/2.0.0/src/rp2_common/pico_malloc/malloc.c.obj
                0x10007c54                __wrap_realloc
 .text.__wrap_free
                0x10007c84       0x20 CMakeFiles/tulip4041.dir/C_/Users/mkuipers/.pico-sdk/sdk/2.0.0/src/rp2_common/pico_malloc/malloc.c.obj
                0x10007c84                __wrap_free
 .text._out_buffer
                0x10007ca4        0x8 CMakeFiles/tulip4041.dir/C_/Users/mkuipers/.pico-sdk/sdk/2.0.0/src/rp2_common/pico_printf/printf.c.obj
 .text._out_null
                0x10007cac        0x2 CMakeFiles/tulip4041.dir/C_/Users/mkuipers/.pico-sdk/sdk/2.0.0/src/rp2_common/pico_printf/printf.c.obj
 .text._out_fct
                0x10007cae        0xe CMakeFiles/tulip4041.dir/C_/Users/mkuipers/.pico-sdk/sdk/2.0.0/src/rp2_common/pico_printf/printf.c.obj
 .text._atoi    0x10007cbc       0x26 CMakeFiles/tulip4041.dir/C_/Users/mkuipers/.pico-sdk/sdk/2.0.0/src/rp2_common/pico_printf/printf.c.obj
 .text._out_rev
                0x10007ce2       0x7e CMakeFiles/tulip4041.dir/C_/Users/mkuipers/.pico-sdk/sdk/2.0.0/src/rp2_common/pico_printf/printf.c.obj
 .text._ntoa_format
                0x10007d60      0x136 CMakeFiles/tulip4041.dir/C_/Users/mkuipers/.pico-sdk/sdk/2.0.0/src/rp2_common/pico_printf/printf.c.obj
 .text._ntoa_long
                0x10007e96       0x94 CMakeFiles/tulip4041.dir/C_/Users/mkuipers/.pico-sdk/sdk/2.0.0/src/rp2_common/pico_printf/printf.c.obj
 .text._ntoa_long_long
                0x10007f2a       0xc2 CMakeFiles/tulip4041.dir/C_/Users/mkuipers/.pico-sdk/sdk/2.0.0/src/rp2_common/pico_printf/printf.c.obj
 *fill*         0x10007fec        0x4 
 .text._etoa    0x10007ff0      0x41c CMakeFiles/tulip4041.dir/C_/Users/mkuipers/.pico-sdk/sdk/2.0.0/src/rp2_common/pico_printf/printf.c.obj
 *fill*         0x1000840c        0x4 
 .text._ftoa    0x10008410      0x398 CMakeFiles/tulip4041.dir/C_/Users/mkuipers/.pico-sdk/sdk/2.0.0/src/rp2_common/pico_printf/printf.c.obj
 .text._vsnprintf
                0x100087a8      0x6d0 CMakeFiles/tulip4041.dir/C_/Users/mkuipers/.pico-sdk/sdk/2.0.0/src/rp2_common/pico_printf/printf.c.obj
 .text.__wrap_sprintf
                0x10008e78       0x2c CMakeFiles/tulip4041.dir/C_/Users/mkuipers/.pico-sdk/sdk/2.0.0/src/rp2_common/pico_printf/printf.c.obj
                0x10008e78                __wrap_sprintf
 .text.__wrap_snprintf
                0x10008ea4       0x28 CMakeFiles/tulip4041.dir/C_/Users/mkuipers/.pico-sdk/sdk/2.0.0/src/rp2_common/pico_printf/printf.c.obj
                0x10008ea4                __wrap_snprintf
 .text.__wrap_vsnprintf
                0x10008ecc       0x1c CMakeFiles/tulip4041.dir/C_/Users/mkuipers/.pico-sdk/sdk/2.0.0/src/rp2_common/pico_printf/printf.c.obj
                0x10008ecc                __wrap_vsnprintf
 .text.vfctprintf
                0x10008ee8       0x24 CMakeFiles/tulip4041.dir/C_/Users/mkuipers/.pico-sdk/sdk/2.0.0/src/rp2_common/pico_printf/printf.c.obj
                0x10008ee8                vfctprintf
 .text._exit    0x10008f0c        0x4 CMakeFiles/tulip4041.dir/C_/Users/mkuipers/.pico-sdk/sdk/2.0.0/src/rp2_common/pico_clib_interface/newlib_interface.c.obj
                0x10008f0c                _exit
 .text._sbrk    0x10008f10       0x34 CMakeFiles/tulip4041.dir/C_/Users/mkuipers/.pico-sdk/sdk/2.0.0/src/rp2_common/pico_clib_interface/newlib_interface.c.obj
                0x10008f10                _sbrk
 .text._read    0x10008f44       0x20 CMakeFiles/tulip4041.dir/C_/Users/mkuipers/.pico-sdk/sdk/2.0.0/src/rp2_common/pico_clib_interface/newlib_interface.c.obj
                0x10008f44                _read
 .text._write   0x10008f64       0x20 CMakeFiles/tulip4041.dir/C_/Users/mkuipers/.pico-sdk/sdk/2.0.0/src/rp2_common/pico_clib_interface/newlib_interface.c.obj
                0x10008f64                _write
 .text._close   0x10008f84        0x6 CMakeFiles/tulip4041.dir/C_/Users/mkuipers/.pico-sdk/sdk/2.0.0/src/rp2_common/pico_clib_interface/newlib_interface.c.obj
                0x10008f84                _close
 .text._lseek   0x10008f8a        0x6 CMakeFiles/tulip4041.dir/C_/Users/mkuipers/.pico-sdk/sdk/2.0.0/src/rp2_common/pico_clib_interface/newlib_interface.c.obj
                0x10008f8a                _lseek
 .text._fstat   0x10008f90        0x6 CMakeFiles/tulip4041.dir/C_/Users/mkuipers/.pico-sdk/sdk/2.0.0/src/rp2_common/pico_clib_interface/newlib_interface.c.obj
                0x10008f90                _fstat
 .text._isatty  0x10008f96        0xa CMakeFiles/tulip4041.dir/C_/Users/mkuipers/.pico-sdk/sdk/2.0.0/src/rp2_common/pico_clib_interface/newlib_interface.c.obj
                0x10008f96                _isatty
 .text.exit     0x10008fa0        0x6 CMakeFiles/tulip4041.dir/C_/Users/mkuipers/.pico-sdk/sdk/2.0.0/src/rp2_common/pico_clib_interface/newlib_interface.c.obj
                0x10008fa0                exit
 *fill*         0x10008fa6        0x2 
 .text.__assert_func
                0x10008fa8       0x34 CMakeFiles/tulip4041.dir/C_/Users/mkuipers/.pico-sdk/sdk/2.0.0/src/rp2_common/pico_clib_interface/newlib_interface.c.obj
                0x10008fa8                __assert_func
 .text.runtime_init
                0x10008fdc       0x2c CMakeFiles/tulip4041.dir/C_/Users/mkuipers/.pico-sdk/sdk/2.0.0/src/rp2_common/pico_clib_interface/newlib_interface.c.obj
                0x10008fdc                runtime_init
 .text.stdio_out_chars_no_crlf
                0x10009008        0xe CMakeFiles/tulip4041.dir/C_/Users/mkuipers/.pico-sdk/sdk/2.0.0/src/rp2_common/pico_stdio/stdio.c.obj
 *fill*         0x10009016        0x2 
 .text.stdio_out_chars_crlf
                0x10009018       0x80 CMakeFiles/tulip4041.dir/C_/Users/mkuipers/.pico-sdk/sdk/2.0.0/src/rp2_common/pico_stdio/stdio.c.obj
 .text.stdio_stack_buffer_flush
                0x10009098       0x40 CMakeFiles/tulip4041.dir/C_/Users/mkuipers/.pico-sdk/sdk/2.0.0/src/rp2_common/pico_stdio/stdio.c.obj
 .text.stdio_buffered_printer
                0x100090d8       0x20 CMakeFiles/tulip4041.dir/C_/Users/mkuipers/.pico-sdk/sdk/2.0.0/src/rp2_common/pico_stdio/stdio.c.obj
 .text.stdout_serialize_begin
                0x100090f8       0x2c CMakeFiles/tulip4041.dir/C_/Users/mkuipers/.pico-sdk/sdk/2.0.0/src/rp2_common/pico_stdio/stdio.c.obj
                0x100090f8                stdout_serialize_begin
 .text.stdout_serialize_end
                0x10009124       0x10 CMakeFiles/tulip4041.dir/C_/Users/mkuipers/.pico-sdk/sdk/2.0.0/src/rp2_common/pico_stdio/stdio.c.obj
                0x10009124                stdout_serialize_end
 .text.stdio_put_string
                0x10009134       0x8c CMakeFiles/tulip4041.dir/C_/Users/mkuipers/.pico-sdk/sdk/2.0.0/src/rp2_common/pico_stdio/stdio.c.obj
                0x10009134                stdio_put_string
 .text.stdio_get_until
                0x100091c0       0x6c CMakeFiles/tulip4041.dir/C_/Users/mkuipers/.pico-sdk/sdk/2.0.0/src/rp2_common/pico_stdio/stdio.c.obj
                0x100091c0                stdio_get_until
 .text.stdio_set_driver_enabled
                0x1000922c       0x28 CMakeFiles/tulip4041.dir/C_/Users/mkuipers/.pico-sdk/sdk/2.0.0/src/rp2_common/pico_stdio/stdio.c.obj
                0x1000922c                stdio_set_driver_enabled
 .text.stdio_flush
                0x10009254       0x1c CMakeFiles/tulip4041.dir/C_/Users/mkuipers/.pico-sdk/sdk/2.0.0/src/rp2_common/pico_stdio/stdio.c.obj
                0x10009254                stdio_flush
 .text.stdio_init_all
                0x10009270        0xa CMakeFiles/tulip4041.dir/C_/Users/mkuipers/.pico-sdk/sdk/2.0.0/src/rp2_common/pico_stdio/stdio.c.obj
                0x10009270                stdio_init_all
 *fill*         0x1000927a        0x2 
 .text.stdio_getchar_timeout_us
                0x1000927c       0x50 CMakeFiles/tulip4041.dir/C_/Users/mkuipers/.pico-sdk/sdk/2.0.0/src/rp2_common/pico_stdio/stdio.c.obj
                0x1000927c                stdio_getchar_timeout_us
 .text.__wrap_putchar
                0x100092cc       0x1e CMakeFiles/tulip4041.dir/C_/Users/mkuipers/.pico-sdk/sdk/2.0.0/src/rp2_common/pico_stdio/stdio.c.obj
                0x100092cc                __wrap_putchar
                0x100092cc                stdio_putchar
 .text.__wrap_puts
                0x100092ea       0x1e CMakeFiles/tulip4041.dir/C_/Users/mkuipers/.pico-sdk/sdk/2.0.0/src/rp2_common/pico_stdio/stdio.c.obj
                0x100092ea                stdio_puts
                0x100092ea                __wrap_puts
 .text.__wrap_vprintf
                0x10009308       0x3c CMakeFiles/tulip4041.dir/C_/Users/mkuipers/.pico-sdk/sdk/2.0.0/src/rp2_common/pico_stdio/stdio.c.obj
                0x10009308                stdio_vprintf
                0x10009308                __wrap_vprintf
 .text.__wrap_printf
                0x10009344       0x1c CMakeFiles/tulip4041.dir/C_/Users/mkuipers/.pico-sdk/sdk/2.0.0/src/rp2_common/pico_stdio/stdio.c.obj
                0x10009344                __wrap_printf
                0x10009344                stdio_printf
 .text.uart_putc
                0x10009360       0x70 CMakeFiles/tulip4041.dir/C_/Users/mkuipers/.pico-sdk/sdk/2.0.0/src/rp2_common/pico_stdio_uart/stdio_uart.c.obj
 .text.uart_getc
                0x100093d0       0x30 CMakeFiles/tulip4041.dir/C_/Users/mkuipers/.pico-sdk/sdk/2.0.0/src/rp2_common/pico_stdio_uart/stdio_uart.c.obj
 .text.stdio_uart_out_chars
                0x10009400       0x20 CMakeFiles/tulip4041.dir/C_/Users/mkuipers/.pico-sdk/sdk/2.0.0/src/rp2_common/pico_stdio_uart/stdio_uart.c.obj
 .text.stdio_uart_in_chars
                0x10009420       0x54 CMakeFiles/tulip4041.dir/C_/Users/mkuipers/.pico-sdk/sdk/2.0.0/src/rp2_common/pico_stdio_uart/stdio_uart.c.obj
                0x10009420                stdio_uart_in_chars
 .text.on_uart_rx
                0x10009474       0x24 CMakeFiles/tulip4041.dir/C_/Users/mkuipers/.pico-sdk/sdk/2.0.0/src/rp2_common/pico_stdio_uart/stdio_uart.c.obj
 .text.stdio_uart_out_flush
                0x10009498       0x10 CMakeFiles/tulip4041.dir/C_/Users/mkuipers/.pico-sdk/sdk/2.0.0/src/rp2_common/pico_stdio_uart/stdio_uart.c.obj
 .text.stdio_uart_set_chars_available_callback
                0x100094a8       0x80 CMakeFiles/tulip4041.dir/C_/Users/mkuipers/.pico-sdk/sdk/2.0.0/src/rp2_common/pico_stdio_uart/stdio_uart.c.obj
 .text.stdio_uart_init_full
                0x10009528       0x50 CMakeFiles/tulip4041.dir/C_/Users/mkuipers/.pico-sdk/sdk/2.0.0/src/rp2_common/pico_stdio_uart/stdio_uart.c.obj
                0x10009528                stdio_uart_init_full
 .text.stdio_uart_init
                0x10009578       0x30 CMakeFiles/tulip4041.dir/C_/Users/mkuipers/.pico-sdk/sdk/2.0.0/src/rp2_common/pico_stdio_uart/stdio_uart.c.obj
                0x10009578                stdio_uart_init
 .text.pio_get_default_sm_config
                0x100095a8       0x24 CMakeFiles/tulip4041.dir/C_/Users/mkuipers/.pico-sdk/sdk/2.0.0/src/rp2_common/hardware_pio/pio.c.obj
 .text.is_gpio_compatible
                0x100095cc       0x24 CMakeFiles/tulip4041.dir/C_/Users/mkuipers/.pico-sdk/sdk/2.0.0/src/rp2_common/hardware_pio/pio.c.obj
 .text.is_program_gpio_compatible
                0x100095f0        0xa CMakeFiles/tulip4041.dir/C_/Users/mkuipers/.pico-sdk/sdk/2.0.0/src/rp2_common/hardware_pio/pio.c.obj
 *fill*         0x100095fa        0x2 
 .text.add_program_at_offset_check
                0x100095fc       0x54 CMakeFiles/tulip4041.dir/C_/Users/mkuipers/.pico-sdk/sdk/2.0.0/src/rp2_common/hardware_pio/pio.c.obj
 .text.add_program_at_offset
                0x10009650       0x60 CMakeFiles/tulip4041.dir/C_/Users/mkuipers/.pico-sdk/sdk/2.0.0/src/rp2_common/hardware_pio/pio.c.obj
 .text.find_offset_for_program
                0x100096b0       0x78 CMakeFiles/tulip4041.dir/C_/Users/mkuipers/.pico-sdk/sdk/2.0.0/src/rp2_common/hardware_pio/pio.c.obj
 .text.pio_claim_unused_sm
                0x10009728       0x38 CMakeFiles/tulip4041.dir/C_/Users/mkuipers/.pico-sdk/sdk/2.0.0/src/rp2_common/hardware_pio/pio.c.obj
                0x10009728                pio_claim_unused_sm
 .text.pio_add_program
                0x10009760       0x30 CMakeFiles/tulip4041.dir/C_/Users/mkuipers/.pico-sdk/sdk/2.0.0/src/rp2_common/hardware_pio/pio.c.obj
                0x10009760                pio_add_program
 .text.pio_clear_instruction_memory
                0x10009790       0x38 CMakeFiles/tulip4041.dir/C_/Users/mkuipers/.pico-sdk/sdk/2.0.0/src/rp2_common/hardware_pio/pio.c.obj
                0x10009790                pio_clear_instruction_memory
 .text.pio_sm_set_consecutive_pindirs
                0x100097c8       0x9e CMakeFiles/tulip4041.dir/C_/Users/mkuipers/.pico-sdk/sdk/2.0.0/src/rp2_common/hardware_pio/pio.c.obj
                0x100097c8                pio_sm_set_consecutive_pindirs
 .text.pio_sm_init
                0x10009866       0xac CMakeFiles/tulip4041.dir/C_/Users/mkuipers/.pico-sdk/sdk/2.0.0/src/rp2_common/hardware_pio/pio.c.obj
                0x10009866                pio_sm_init
 .text.flash_get_unique_id
                0x10009912       0x46 CMakeFiles/tulip4041.dir/C_/Users/mkuipers/.pico-sdk/sdk/2.0.0/src/rp2_common/hardware_flash/flash.c.obj
                0x10009912                flash_get_unique_id
 .text.spi_unreset
                0x10009958       0x2c CMakeFiles/tulip4041.dir/C_/Users/mkuipers/.pico-sdk/sdk/2.0.0/src/rp2_common/hardware_spi/spi.c.obj
 .text.spi_set_baudrate
                0x10009984       0x7e CMakeFiles/tulip4041.dir/C_/Users/mkuipers/.pico-sdk/sdk/2.0.0/src/rp2_common/hardware_spi/spi.c.obj
                0x10009984                spi_set_baudrate
 *fill*         0x10009a02        0x2 
 .text.spi_init
                0x10009a04       0x68 CMakeFiles/tulip4041.dir/C_/Users/mkuipers/.pico-sdk/sdk/2.0.0/src/rp2_common/hardware_spi/spi.c.obj
                0x10009a04                spi_init
 .text.dma_channel_claim
                0x10009a6c       0x18 CMakeFiles/tulip4041.dir/C_/Users/mkuipers/.pico-sdk/sdk/2.0.0/src/rp2_common/hardware_dma/dma.c.obj
                0x10009a6c                dma_channel_claim
 .text.dma_claim_unused_channel
                0x10009a84       0x24 CMakeFiles/tulip4041.dir/C_/Users/mkuipers/.pico-sdk/sdk/2.0.0/src/rp2_common/hardware_dma/dma.c.obj
                0x10009a84                dma_claim_unused_channel
 .text.core1_trampoline
                0x10009aa8        0x2 CMakeFiles/tulip4041.dir/C_/Users/mkuipers/.pico-sdk/sdk/2.0.0/src/rp2_common/pico_multicore/multicore.c.obj
 .text.core1_wrapper
                0x10009aaa        0xc CMakeFiles/tulip4041.dir/C_/Users/mkuipers/.pico-sdk/sdk/2.0.0/src/rp2_common/pico_multicore/multicore.c.obj
                0x10009aaa                core1_wrapper
 .text.multicore_fifo_push_blocking
                0x10009ab6       0x16 CMakeFiles/tulip4041.dir/C_/Users/mkuipers/.pico-sdk/sdk/2.0.0/src/rp2_common/pico_multicore/multicore.c.obj
                0x10009ab6                multicore_fifo_push_blocking
 .text.multicore_fifo_pop_blocking
                0x10009acc       0x18 CMakeFiles/tulip4041.dir/C_/Users/mkuipers/.pico-sdk/sdk/2.0.0/src/rp2_common/pico_multicore/multicore.c.obj
                0x10009acc                multicore_fifo_pop_blocking
 .text.multicore_launch_core1_raw
                0x10009ae4       0x7a CMakeFiles/tulip4041.dir/C_/Users/mkuipers/.pico-sdk/sdk/2.0.0/src/rp2_common/pico_multicore/multicore.c.obj
                0x10009ae4                multicore_launch_core1_raw
 *fill*         0x10009b5e        0x2 
 .text.multicore_launch_core1_with_stack
                0x10009b60       0x50 CMakeFiles/tulip4041.dir/C_/Users/mkuipers/.pico-sdk/sdk/2.0.0/src/rp2_common/pico_multicore/multicore.c.obj
                0x10009b60                multicore_launch_core1_with_stack
 .text.multicore_launch_core1
                0x10009bb0       0x24 CMakeFiles/tulip4041.dir/C_/Users/mkuipers/.pico-sdk/sdk/2.0.0/src/rp2_common/pico_multicore/multicore.c.obj
                0x10009bb0                multicore_launch_core1
 .text._hw_endpoint_alloc
                0x10009bd4       0x74 CMakeFiles/tulip4041.dir/C_/Users/mkuipers/.pico-sdk/sdk/2.0.0/lib/tinyusb/src/portable/raspberrypi/rp2040/dcd_rp2040.c.obj
 .text.hw_endpoint_init
                0x10009c48       0xb4 CMakeFiles/tulip4041.dir/C_/Users/mkuipers/.pico-sdk/sdk/2.0.0/lib/tinyusb/src/portable/raspberrypi/rp2040/dcd_rp2040.c.obj
 .text.hw_endpoint_xfer
                0x10009cfc       0x1c CMakeFiles/tulip4041.dir/C_/Users/mkuipers/.pico-sdk/sdk/2.0.0/lib/tinyusb/src/portable/raspberrypi/rp2040/dcd_rp2040.c.obj
 .text.dcd_int_enable
                0x10009d18       0x28 CMakeFiles/tulip4041.dir/C_/Users/mkuipers/.pico-sdk/sdk/2.0.0/lib/tinyusb/src/portable/raspberrypi/rp2040/dcd_rp2040.c.obj
                0x10009d18                dcd_int_enable
 .text.dcd_set_address
                0x10009d40       0x2c CMakeFiles/tulip4041.dir/C_/Users/mkuipers/.pico-sdk/sdk/2.0.0/lib/tinyusb/src/portable/raspberrypi/rp2040/dcd_rp2040.c.obj
                0x10009d40                dcd_set_address
 .text.dcd_connect
                0x10009d6c       0x10 CMakeFiles/tulip4041.dir/C_/Users/mkuipers/.pico-sdk/sdk/2.0.0/lib/tinyusb/src/portable/raspberrypi/rp2040/dcd_rp2040.c.obj
                0x10009d6c                dcd_connect
 .text.dcd_init
                0x10009d7c       0x80 CMakeFiles/tulip4041.dir/C_/Users/mkuipers/.pico-sdk/sdk/2.0.0/lib/tinyusb/src/portable/raspberrypi/rp2040/dcd_rp2040.c.obj
                0x10009d7c                dcd_init
 .text.dcd_sof_enable
                0x10009dfc       0x1c CMakeFiles/tulip4041.dir/C_/Users/mkuipers/.pico-sdk/sdk/2.0.0/lib/tinyusb/src/portable/raspberrypi/rp2040/dcd_rp2040.c.obj
                0x10009dfc                dcd_sof_enable
 .text.dcd_edpt0_status_complete
                0x10009e18       0x20 CMakeFiles/tulip4041.dir/C_/Users/mkuipers/.pico-sdk/sdk/2.0.0/lib/tinyusb/src/portable/raspberrypi/rp2040/dcd_rp2040.c.obj
                0x10009e18                dcd_edpt0_status_complete
 .text.dcd_edpt_open
                0x10009e38       0x38 CMakeFiles/tulip4041.dir/C_/Users/mkuipers/.pico-sdk/sdk/2.0.0/lib/tinyusb/src/portable/raspberrypi/rp2040/dcd_rp2040.c.obj
                0x10009e38                dcd_edpt_open
 .text.dcd_edpt_close_all
                0x10009e70        0x8 CMakeFiles/tulip4041.dir/C_/Users/mkuipers/.pico-sdk/sdk/2.0.0/lib/tinyusb/src/portable/raspberrypi/rp2040/dcd_rp2040.c.obj
                0x10009e70                dcd_edpt_close_all
 .text.dcd_edpt_xfer
                0x10009e78       0x2c CMakeFiles/tulip4041.dir/C_/Users/mkuipers/.pico-sdk/sdk/2.0.0/lib/tinyusb/src/portable/raspberrypi/rp2040/dcd_rp2040.c.obj
                0x10009e78                dcd_edpt_xfer
 .text.dcd_edpt_stall
                0x10009ea4       0x38 CMakeFiles/tulip4041.dir/C_/Users/mkuipers/.pico-sdk/sdk/2.0.0/lib/tinyusb/src/portable/raspberrypi/rp2040/dcd_rp2040.c.obj
                0x10009ea4                dcd_edpt_stall
 .text.dcd_edpt_clear_stall
                0x10009edc       0x28 CMakeFiles/tulip4041.dir/C_/Users/mkuipers/.pico-sdk/sdk/2.0.0/lib/tinyusb/src/portable/raspberrypi/rp2040/dcd_rp2040.c.obj
                0x10009edc                dcd_edpt_clear_stall
 .text.unaligned_memcpy
                0x10009f04       0x14 CMakeFiles/tulip4041.dir/C_/Users/mkuipers/.pico-sdk/sdk/2.0.0/lib/tinyusb/src/portable/raspberrypi/rp2040/rp2040_usb.c.obj
 .text.rp2040_usb_init
                0x10009f18       0x40 CMakeFiles/tulip4041.dir/C_/Users/mkuipers/.pico-sdk/sdk/2.0.0/lib/tinyusb/src/portable/raspberrypi/rp2040/rp2040_usb.c.obj
                0x10009f18                rp2040_usb_init
 .text.hw_endpoint_xfer_start
                0x10009f58       0x58 CMakeFiles/tulip4041.dir/C_/Users/mkuipers/.pico-sdk/sdk/2.0.0/lib/tinyusb/src/portable/raspberrypi/rp2040/rp2040_usb.c.obj
                0x10009f58                hw_endpoint_xfer_start
 .text.critical_section_enter_blocking
                0x10009fb0       0x26 CMakeFiles/tulip4041.dir/C_/Users/mkuipers/.pico-sdk/sdk/2.0.0/lib/tinyusb/src/device/usbd.c.obj
 .text.tud_vendor_control_xfer_cb
                0x10009fd6        0x4 CMakeFiles/tulip4041.dir/C_/Users/mkuipers/.pico-sdk/sdk/2.0.0/lib/tinyusb/src/device/usbd.c.obj
                0x10009fd6                tud_vendor_control_xfer_cb
 *fill*         0x10009fda        0x2 
 .text.configuration_reset
                0x10009fdc       0x90 CMakeFiles/tulip4041.dir/C_/Users/mkuipers/.pico-sdk/sdk/2.0.0/lib/tinyusb/src/device/usbd.c.obj
 .text.usbd_reset
                0x1000a06c        0xc CMakeFiles/tulip4041.dir/C_/Users/mkuipers/.pico-sdk/sdk/2.0.0/lib/tinyusb/src/device/usbd.c.obj
 .text.invoke_class_control
                0x1000a078       0x1a CMakeFiles/tulip4041.dir/C_/Users/mkuipers/.pico-sdk/sdk/2.0.0/lib/tinyusb/src/device/usbd.c.obj
 *fill*         0x1000a092        0x2 
 .text.process_set_config
                0x1000a094      0x1cc CMakeFiles/tulip4041.dir/C_/Users/mkuipers/.pico-sdk/sdk/2.0.0/lib/tinyusb/src/device/usbd.c.obj
 .text.tud_event_hook_cb
                0x1000a260        0x2 CMakeFiles/tulip4041.dir/C_/Users/mkuipers/.pico-sdk/sdk/2.0.0/lib/tinyusb/src/device/usbd.c.obj
                0x1000a260                tud_event_hook_cb
 .text.tud_sof_cb
                0x1000a262        0x2 CMakeFiles/tulip4041.dir/C_/Users/mkuipers/.pico-sdk/sdk/2.0.0/lib/tinyusb/src/device/usbd.c.obj
                0x1000a262                tud_sof_cb
 .text.tud_descriptor_bos_cb
                0x1000a264        0x4 CMakeFiles/tulip4041.dir/C_/Users/mkuipers/.pico-sdk/sdk/2.0.0/lib/tinyusb/src/device/usbd.c.obj
                0x1000a264                tud_descriptor_bos_cb
 .text.tud_descriptor_device_qualifier_cb
                0x1000a268        0x4 CMakeFiles/tulip4041.dir/C_/Users/mkuipers/.pico-sdk/sdk/2.0.0/lib/tinyusb/src/device/usbd.c.obj
                0x1000a268                tud_descriptor_device_qualifier_cb
 .text.tud_descriptor_other_speed_configuration_cb
                0x1000a26c        0x4 CMakeFiles/tulip4041.dir/C_/Users/mkuipers/.pico-sdk/sdk/2.0.0/lib/tinyusb/src/device/usbd.c.obj
                0x1000a26c                tud_descriptor_other_speed_configuration_cb
 .text.process_get_descriptor
                0x1000a270       0xf8 CMakeFiles/tulip4041.dir/C_/Users/mkuipers/.pico-sdk/sdk/2.0.0/lib/tinyusb/src/device/usbd.c.obj
 .text.tud_mounted
                0x1000a368       0x10 CMakeFiles/tulip4041.dir/C_/Users/mkuipers/.pico-sdk/sdk/2.0.0/lib/tinyusb/src/device/usbd.c.obj
                0x1000a368                tud_mounted
 .text.tud_suspended
                0x1000a378       0x10 CMakeFiles/tulip4041.dir/C_/Users/mkuipers/.pico-sdk/sdk/2.0.0/lib/tinyusb/src/device/usbd.c.obj
                0x1000a378                tud_suspended
 .text.tud_inited
                0x1000a388       0x10 CMakeFiles/tulip4041.dir/C_/Users/mkuipers/.pico-sdk/sdk/2.0.0/lib/tinyusb/src/device/usbd.c.obj
                0x1000a388                tud_inited
 .text.tud_init
                0x1000a398       0xe4 CMakeFiles/tulip4041.dir/C_/Users/mkuipers/.pico-sdk/sdk/2.0.0/lib/tinyusb/src/device/usbd.c.obj
                0x1000a398                tud_init
 .text.usbd_edpt_open
                0x1000a47c       0x7c CMakeFiles/tulip4041.dir/C_/Users/mkuipers/.pico-sdk/sdk/2.0.0/lib/tinyusb/src/device/usbd.c.obj
                0x1000a47c                usbd_edpt_open
 .text.usbd_open_edpt_pair
                0x1000a4f8       0xa4 CMakeFiles/tulip4041.dir/C_/Users/mkuipers/.pico-sdk/sdk/2.0.0/lib/tinyusb/src/device/usbd.c.obj
                0x1000a4f8                usbd_open_edpt_pair
 .text.usbd_edpt_claim
                0x1000a59c       0x28 CMakeFiles/tulip4041.dir/C_/Users/mkuipers/.pico-sdk/sdk/2.0.0/lib/tinyusb/src/device/usbd.c.obj
                0x1000a59c                usbd_edpt_claim
 .text.usbd_edpt_release
                0x1000a5c4       0x28 CMakeFiles/tulip4041.dir/C_/Users/mkuipers/.pico-sdk/sdk/2.0.0/lib/tinyusb/src/device/usbd.c.obj
                0x1000a5c4                usbd_edpt_release
 .text.usbd_edpt_xfer
                0x1000a5ec       0x90 CMakeFiles/tulip4041.dir/C_/Users/mkuipers/.pico-sdk/sdk/2.0.0/lib/tinyusb/src/device/usbd.c.obj
                0x1000a5ec                usbd_edpt_xfer
 .text.usbd_edpt_busy
                0x1000a67c       0x1c CMakeFiles/tulip4041.dir/C_/Users/mkuipers/.pico-sdk/sdk/2.0.0/lib/tinyusb/src/device/usbd.c.obj
                0x1000a67c                usbd_edpt_busy
 .text.usbd_edpt_stall
                0x1000a698       0x3c CMakeFiles/tulip4041.dir/C_/Users/mkuipers/.pico-sdk/sdk/2.0.0/lib/tinyusb/src/device/usbd.c.obj
                0x1000a698                usbd_edpt_stall
 .text.usbd_edpt_clear_stall
                0x1000a6d4       0x3c CMakeFiles/tulip4041.dir/C_/Users/mkuipers/.pico-sdk/sdk/2.0.0/lib/tinyusb/src/device/usbd.c.obj
                0x1000a6d4                usbd_edpt_clear_stall
 .text.usbd_edpt_stalled
                0x1000a710       0x1c CMakeFiles/tulip4041.dir/C_/Users/mkuipers/.pico-sdk/sdk/2.0.0/lib/tinyusb/src/device/usbd.c.obj
                0x1000a710                usbd_edpt_stalled
 .text.process_control_request
                0x1000a72c      0x404 CMakeFiles/tulip4041.dir/C_/Users/mkuipers/.pico-sdk/sdk/2.0.0/lib/tinyusb/src/device/usbd.c.obj
 .text.tud_task_ext
                0x1000ab30      0x238 CMakeFiles/tulip4041.dir/C_/Users/mkuipers/.pico-sdk/sdk/2.0.0/lib/tinyusb/src/device/usbd.c.obj
                0x1000ab30                tud_task_ext
 .text._status_stage_xact
                0x1000ad68       0x1a CMakeFiles/tulip4041.dir/C_/Users/mkuipers/.pico-sdk/sdk/2.0.0/lib/tinyusb/src/device/usbd_control.c.obj
 *fill*         0x1000ad82        0x2 
 .text._data_stage_xact
                0x1000ad84       0x5c CMakeFiles/tulip4041.dir/C_/Users/mkuipers/.pico-sdk/sdk/2.0.0/lib/tinyusb/src/device/usbd_control.c.obj
 .text.tud_control_status
                0x1000ade0       0x28 CMakeFiles/tulip4041.dir/C_/Users/mkuipers/.pico-sdk/sdk/2.0.0/lib/tinyusb/src/device/usbd_control.c.obj
                0x1000ade0                tud_control_status
 .text.tud_control_xfer