Archive member included to satisfy reference by file (symbol)

C:/Users/MeinK/.pico-sdk/toolchain/14_2_Rel1/bin/../lib/gcc/arm-none-eabi/14.2.1/thumb/v8-m.main+fp/softfp\libm.a(libm_a-wf_sqrt.o)
                              CMakeFiles/tulip4041_devboard.dir/C_/Users/MeinK/.pico-sdk/sdk/2.2.0/src/rp2_common/pico_float/float_math.c.obj (sqrtf)
C:/Users/MeinK/.pico-sdk/toolchain/14_2_Rel1/bin/../lib/gcc/arm-none-eabi/14.2.1/thumb/v8-m.main+fp/softfp\libm.a(libm_a-ef_sqrt.o)
                              C:/Users/MeinK/.pico-sdk/toolchain/14_2_Rel1/bin/../lib/gcc/arm-none-eabi/14.2.1/thumb/v8-m.main+fp/softfp\libm.a(libm_a-wf_sqrt.o) (__ieee754_sqrtf)
C:/Users/MeinK/.pico-sdk/toolchain/14_2_Rel1/bin/../lib/gcc/arm-none-eabi/14.2.1/thumb/v8-m.main+fp/softfp\libgcc.a(_arm_addsubdf3.o)
                              CMakeFiles/tulip4041_devboard.dir/userinterface.cpp.obj (__aeabi_f2d)
C:/Users/MeinK/.pico-sdk/toolchain/14_2_Rel1/bin/../lib/gcc/arm-none-eabi/14.2.1/thumb/v8-m.main+fp/softfp\libgcc.a(_aeabi_ldivmod.o)
                              CMakeFiles/tulip4041_devboard.dir/emulation.cpp.obj (__aeabi_ldivmod)
C:/Users/MeinK/.pico-sdk/toolchain/14_2_Rel1/bin/../lib/gcc/arm-none-eabi/14.2.1/thumb/v8-m.main+fp/softfp\libgcc.a(_aeabi_uldivmod.o)
                              CMakeFiles/tulip4041_devboard.dir/C_/Users/MeinK/.pico-sdk/sdk/2.2.0/src/rp2_common/hardware_clocks/clocks.c.obj (__aeabi_uldivmod)
C:/Users/MeinK/.pico-sdk/toolchain/14_2_Rel1/bin/../lib/gcc/arm-none-eabi/14.2.1/thumb/v8-m.main+fp/softfp\libgcc.a(_udivmoddi4.o)
                              C:/Users/MeinK/.pico-sdk/toolchain/14_2_Rel1/bin/../lib/gcc/arm-none-eabi/14.2.1/thumb/v8-m.main+fp/softfp\libgcc.a(_aeabi_ldivmod.o) (__udivmoddi4)
C:/Users/MeinK/.pico-sdk/toolchain/14_2_Rel1/bin/../lib/gcc/arm-none-eabi/14.2.1/thumb/v8-m.main+fp/softfp\libgcc.a(_dvmd_tls.o)
                              C:/Users/MeinK/.pico-sdk/toolchain/14_2_Rel1/bin/../lib/gcc/arm-none-eabi/14.2.1/thumb/v8-m.main+fp/softfp\libgcc.a(_aeabi_ldivmod.o) (__aeabi_ldiv0)
C:/Users/MeinK/.pico-sdk/toolchain/14_2_Rel1/bin/../lib/gcc/arm-none-eabi/14.2.1/thumb/v8-m.main+fp/softfp\libg.a(libc_a-atoi.o)
                              CMakeFiles/tulip4041_devboard.dir/lib/no-OS-FatFS-SD-SDIO-SPI-RPi-Pico/src/sd_driver/sd_card.c.obj (atoi)
C:/Users/MeinK/.pico-sdk/toolchain/14_2_Rel1/bin/../lib/gcc/arm-none-eabi/14.2.1/thumb/v8-m.main+fp/softfp\libg.a(libc_a-calloc.o)
                              CMakeFiles/tulip4041_devboard.dir/C_/Users/MeinK/.pico-sdk/sdk/2.2.0/src/rp2_common/pico_malloc/malloc.c.obj (calloc)
C:/Users/MeinK/.pico-sdk/toolchain/14_2_Rel1/bin/../lib/gcc/arm-none-eabi/14.2.1/thumb/v8-m.main+fp/softfp\libg.a(libc_a-callocr.o)
                              C:/Users/MeinK/.pico-sdk/toolchain/14_2_Rel1/bin/../lib/gcc/arm-none-eabi/14.2.1/thumb/v8-m.main+fp/softfp\libg.a(libc_a-calloc.o) (_calloc_r)
C:/Users/MeinK/.pico-sdk/toolchain/14_2_Rel1/bin/../lib/gcc/arm-none-eabi/14.2.1/thumb/v8-m.main+fp/softfp\libg.a(libc_a-malloc.o)
                              CMakeFiles/tulip4041_devboard.dir/C_/Users/MeinK/.pico-sdk/sdk/2.2.0/src/rp2_common/pico_malloc/malloc.c.obj (malloc)
C:/Users/MeinK/.pico-sdk/toolchain/14_2_Rel1/bin/../lib/gcc/arm-none-eabi/14.2.1/thumb/v8-m.main+fp/softfp\libg.a(libc_a-mallocr.o)
                              C:/Users/MeinK/.pico-sdk/toolchain/14_2_Rel1/bin/../lib/gcc/arm-none-eabi/14.2.1/thumb/v8-m.main+fp/softfp\libg.a(libc_a-callocr.o) (_malloc_r)
C:/Users/MeinK/.pico-sdk/toolchain/14_2_Rel1/bin/../lib/gcc/arm-none-eabi/14.2.1/thumb/v8-m.main+fp/softfp\libg.a(libc_a-mlock.o)
                              C:/Users/MeinK/.pico-sdk/toolchain/14_2_Rel1/bin/../lib/gcc/arm-none-eabi/14.2.1/thumb/v8-m.main+fp/softfp\libg.a(libc_a-mallocr.o) (__malloc_lock)
C:/Users/MeinK/.pico-sdk/toolchain/14_2_Rel1/bin/../lib/gcc/arm-none-eabi/14.2.1/thumb/v8-m.main+fp/softfp\libg.a(libc_a-mstats.o)
                              CMakeFiles/tulip4041_devboard.dir/userinterface.cpp.obj (mallinfo)
C:/Users/MeinK/.pico-sdk/toolchain/14_2_Rel1/bin/../lib/gcc/arm-none-eabi/14.2.1/thumb/v8-m.main+fp/softfp\libg.a(libc_a-realloc.o)
                              CMakeFiles/tulip4041_devboard.dir/C_/Users/MeinK/.pico-sdk/sdk/2.2.0/src/rp2_common/pico_malloc/malloc.c.obj (realloc)
C:/Users/MeinK/.pico-sdk/toolchain/14_2_Rel1/bin/../lib/gcc/arm-none-eabi/14.2.1/thumb/v8-m.main+fp/softfp\libg.a(libc_a-reallocr.o)
                              C:/Users/MeinK/.pico-sdk/toolchain/14_2_Rel1/bin/../lib/gcc/arm-none-eabi/14.2.1/thumb/v8-m.main+fp/softfp\libg.a(libc_a-realloc.o) (_realloc_r)
C:/Users/MeinK/.pico-sdk/toolchain/14_2_Rel1/bin/../lib/gcc/arm-none-eabi/14.2.1/thumb/v8-m.main+fp/softfp\libg.a(libc_a-strtol.o)
                              C:/Users/MeinK/.pico-sdk/toolchain/14_2_Rel1/bin/../lib/gcc/arm-none-eabi/14.2.1/thumb/v8-m.main+fp/softfp\libg.a(libc_a-atoi.o) (_strtol_r)
[...]
Memory Configuration

Name             Origin             Length             Attributes
FLASH            0x10000000         0x00400000         xr
RAM              0x20000000         0x00080000         xrw
SCRATCH_X        0x20080000         0x00001000         xrw
SCRATCH_Y        0x20081000         0x00001000         xrw
*default*        0x00000000         0xffffffff

Linker script and memory map

LOAD C:/Users/MeinK/.pico-sdk/toolchain/14_2_Rel1/bin/../lib/gcc/arm-none-eabi/14.2.1/thumb/v8-m.main+fp/softfp/crti.o
LOAD C:/Users/MeinK/.pico-sdk/toolchain/14_2_Rel1/bin/../lib/gcc/arm-none-eabi/14.2.1/thumb/v8-m.main+fp/softfp/crtbegin.o
LOAD C:/Users/MeinK/.pico-sdk/toolchain/14_2_Rel1/bin/../lib/gcc/arm-none-eabi/14.2.1/thumb/v8-m.main+fp/softfp/crt0.o

.flash_begin    0x10000000        0x0
                0x10000000                        __flash_binary_start = .

.text           0x10000000    0x20208
                0x10000000                        __logical_binary_start = .
 *(.vectors)
 .vectors       0x10000000      0x124 CMakeFiles/tulip4041_devboard.dir/C_/Users/MeinK/.pico-sdk/sdk/2.2.0/src/rp2_common/pico_crt0/crt0.S.obj
                0x10000000                __VECTOR_TABLE
                0x10000000                __vectors
                0x10000110                TIMER1_IRQ_1_Handler
                0x10000110                TRNG_IRQ_Handler
                0x10000110                isr_irq49
                0x10000110                PLL_SYS_IRQ_Handler
                0x10000110                TIMER0_IRQ_1_Handler
                0x10000110                TIMER1_IRQ_2_Handler
                0x10000110                IO_IRQ_BANK0_Handler
                0x10000110                TIMER0_IRQ_3_Handler
                0x10000110                PIO0_IRQ_0_Handler
                0x10000110                USBCTRL_IRQ_Handler
                0x10000110                SPI1_IRQ_Handler
                0x10000110                POWMAN_IRQ_POW_Handler
                0x10000110                DMA_IRQ_2_Handler
                0x10000110                PIO1_IRQ_1_Handler
                0x10000110                POWMAN_IRQ_TIMER_Handler
                0x10000110                DMA_IRQ_1_Handler
                0x10000110                SIO_IRQ_FIFO_Handler
                0x10000110                UsageFault_Handler
                0x10000110                PLL_USB_IRQ_Handler
                0x10000110                TIMER0_IRQ_2_Handler
                0x10000110                __unhandled_user_irq
                0x10000110                IO_IRQ_BANK0_NS_Handler
                0x10000110                isr_irq48
                0x10000110                PIO2_IRQ_1_Handler
                0x10000110                PWM_IRQ_WRAP_0_Handler
                0x10000110                isr_irq50
                0x10000110                TIMER1_IRQ_0_Handler
                0x10000110                isr_irq40
                0x10000110                SPI0_IRQ_Handler
                0x10000110                PWM_IRQ_WRAP_1_Handler
                0x10000110                SIO_IRQ_BELL_Handler
                0x10000110                isr_irq41
                0x10000110                OTP_IRQ_Handler
                0x10000110                BusFault_Handler
                0x10000110                IO_IRQ_QSPI_NS_Handler
                0x10000110                PIO0_IRQ_1_Handler
                0x10000110                I2C0_IRQ_Handler
                0x10000110                SIO_IRQ_FIFO_NS_Handler
                0x10000110                SecureFault_Handler
                0x10000110                SIO_IRQ_BELL_NS_Handler
                0x10000110                SIO_IRQ_MTIMECMP_Handler
                0x10000110                I2C1_IRQ_Handler
                0x10000110                __vectors_end
                0x10000110                UART1_IRQ_Handler
                0x10000110                __default_isrs_start
                0x10000110                DMA_IRQ_0_Handler
                0x10000110                CLOCKS_IRQ_Handler
                0x10000110                PIO1_IRQ_0_Handler
                0x10000110                MemManage_Handler
                0x10000110                TIMER0_IRQ_0_Handler
                0x10000110                PIO2_IRQ_0_Handler
                0x10000110                isr_irq46
                0x10000110                ADC_IRQ_FIFO_Handler
                0x10000110                isr_irq47
                0x10000110                isr_irq51
                0x10000110                IO_IRQ_QSPI_Handler
                0x10000110                TIMER1_IRQ_3_Handler
                0x10000110                UART0_IRQ_Handler
                0x10000110                DMA_IRQ_3_Handler
                0x10000116                unhandled_user_irq_num_in_r0
                0x10000118                isr_invalid
                0x1000011a                NMI_Handler
                0x1000011e                SVC_Handler
                0x10000120                PendSV_Handler
                0x10000122                SysTick_Handler
                0x10000124                __default_isrs_end
 *(.binary_info_header)
 .binary_info_header
                0x10000124       0x14 CMakeFiles/tulip4041_devboard.dir/C_/Users/MeinK/.pico-sdk/sdk/2.2.0/src/rp2_common/pico_crt0/crt0.S.obj
                0x10000138                        __binary_info_header_end = .
 *(.embedded_block)
 .embedded_block
                0x10000138       0x14 CMakeFiles/tulip4041_devboard.dir/C_/Users/MeinK/.pico-sdk/sdk/2.2.0/src/rp2_common/pico_crt0/crt0.S.obj
                0x1000014c                        __embedded_block_end = .
 *(.reset)
 .reset         0x1000014c       0x98 CMakeFiles/tulip4041_devboard.dir/C_/Users/MeinK/.pico-sdk/sdk/2.2.0/src/rp2_common/pico_crt0/crt0.S.obj
                0x1000014c                _entry_point
 *(.init)
 .init          0x100001e4        0x4 C:/Users/MeinK/.pico-sdk/toolchain/14_2_Rel1/bin/../lib/gcc/arm-none-eabi/14.2.1/thumb/v8-m.main+fp/softfp/crti.o
                0x100001e4                _init
 SORT_BY_NAME(REVERSE(*libgcc.a:cmse_nonsecure_call.o))()
 *(EXCLUDE_FILE(*libm.a: *libc.a:*lib_a-mem*.o *libgcc.a:) .text*)
 .text.register_tm_clones
                0x100001e8       0x28 C:/Users/MeinK/.pico-sdk/toolchain/14_2_Rel1/bin/../lib/gcc/arm-none-eabi/14.2.1/thumb/v8-m.main+fp/softfp/crtbegin.o
 .text.frame_dummy
                0x10000210       0x24 C:/Users/MeinK/.pico-sdk/toolchain/14_2_Rel1/bin/../lib/gcc/arm-none-eabi/14.2.1/thumb/v8-m.main+fp/softfp/crtbegin.o
 .text.set_sys_clock_khz
                0x10000234       0x38 CMakeFiles/tulip4041_devboard.dir/tulip4041.cpp.obj
 .text._ZN9GSettings11set_defaultEv
                0x1000026c       0x90 CMakeFiles/tulip4041_devboard.dir/tulip4041.cpp.obj
                0x1000026c                GSettings::set_default()
 .text._ZN9GSettings4saveEv
                0x100002fc       0x34 CMakeFiles/tulip4041_devboard.dir/tulip4041.cpp.obj
                0x100002fc                GSettings::save()
 .text._ZN9GSettings8retrieveEv
                0x10000330       0x34 CMakeFiles/tulip4041_devboard.dir/tulip4041.cpp.obj
                0x10000330                GSettings::retrieve()
 .text.main     0x10000364      0x128 CMakeFiles/tulip4041_devboard.dir/tulip4041.cpp.obj
                0x10000364                main
 .text.rom_func_otp_access
                0x1000048c       0x5c CMakeFiles/tulip4041_devboard.dir/ffmanager.cpp.obj
 .text.otp_write_serial
                0x100004e8       0xcc CMakeFiles/tulip4041_devboard.dir/ffmanager.cpp.obj
                0x100004e8                otp_write_serial
 .text.otp_read_serial
                0x100005b4       0x74 CMakeFiles/tulip4041_devboard.dir/ffmanager.cpp.obj
                0x100005b4                otp_read_serial
 .text.ff_delay500
                0x10000628       0x26 CMakeFiles/tulip4041_devboard.dir/ffmanager.cpp.obj
                0x10000628                ff_delay500
 *fill*         0x1000064e        0x2 
 .text.ff_nuke  0x10000650       0x4c CMakeFiles/tulip4041_devboard.dir/ffmanager.cpp.obj
                0x10000650                ff_nuke
 .text.ff_erased
                0x1000069c       0x38 CMakeFiles/tulip4041_devboard.dir/ffmanager.cpp.obj
                0x1000069c                ff_erased
 .text.ff_init  0x100006d4       0x7c CMakeFiles/tulip4041_devboard.dir/ffmanager.cpp.obj
                0x100006d4                ff_init
 .text.ff_isinited
                0x10000750       0x14 CMakeFiles/tulip4041_devboard.dir/ffmanager.cpp.obj
                0x10000750                ff_isinited
 .text.ff_show  0x10000764       0xb0 CMakeFiles/tulip4041_devboard.dir/ffmanager.cpp.obj
                0x10000764                ff_show
 .text.ff_findfree
                0x10000814       0x88 CMakeFiles/tulip4041_devboard.dir/ffmanager.cpp.obj
                0x10000814                ff_findfree
 .text.ff_lastfree
                0x1000089c       0x30 CMakeFiles/tulip4041_devboard.dir/ffmanager.cpp.obj
                0x1000089c                ff_lastfree
 .text.ff_findfile
                0x100008cc       0x3e CMakeFiles/tulip4041_devboard.dir/ffmanager.cpp.obj
                0x100008cc                ff_findfile
 *fill*         0x1000090a        0x2 
 .text.ff_write
                0x1000090c       0x68 CMakeFiles/tulip4041_devboard.dir/ffmanager.cpp.obj
                0x1000090c                ff_write
 .text.ff_erase
                0x10000974       0xbc CMakeFiles/tulip4041_devboard.dir/ffmanager.cpp.obj
                0x10000974                ff_erase
 .text.ff_erase_block
                0x10000a30       0x30 CMakeFiles/tulip4041_devboard.dir/ffmanager.cpp.obj
                0x10000a30                ff_erase_block
 .text.ff_program_block
                0x10000a60       0x30 CMakeFiles/tulip4041_devboard.dir/ffmanager.cpp.obj
                0x10000a60                ff_program_block
 .text.ff_erased_block
                0x10000a90       0x38 CMakeFiles/tulip4041_devboard.dir/ffmanager.cpp.obj
                0x10000a90                ff_erased_block
 .text._Z12rom_checksumv
                0x10000ac8       0x34 CMakeFiles/tulip4041_devboard.dir/userinterface.cpp.obj
                0x10000ac8                rom_checksum()
 .text._Z8power_onv
                0x10000afc        0x8 CMakeFiles/tulip4041_devboard.dir/userinterface.cpp.obj
                0x10000afc                power_on()
 .text.toggle_trace
                0x10000b04       0x30 CMakeFiles/tulip4041_devboard.dir/userinterface.cpp.obj
                0x10000b04                toggle_trace
 .text._Z13toggle_traceov
                0x10000b34       0x30 CMakeFiles/tulip4041_devboard.dir/userinterface.cpp.obj
                0x10000b34                toggle_traceo()
 .text.toggle_disasm
                0x10000b64       0x30 CMakeFiles/tulip4041_devboard.dir/userinterface.cpp.obj
                0x10000b64                toggle_disasm
 .text._Z9set_breakv
                0x10000b94       0x34 CMakeFiles/tulip4041_devboard.dir/userinterface.cpp.obj
                0x10000b94                set_break()
 .text._Z7print_fv
                0x10000bc8       0x18 CMakeFiles/tulip4041_devboard.dir/userinterface.cpp.obj
                0x10000bc8                print_f()
 .text._Z10print_busyv
                0x10000be0       0x2c CMakeFiles/tulip4041_devboard.dir/userinterface.cpp.obj
                0x10000be0                print_busy()
 .text._Z10print_idlev
                0x10000c0c       0x34 CMakeFiles/tulip4041_devboard.dir/userinterface.cpp.obj
                0x10000c0c                print_idle()
 .text._Z11print_emptyv
                0x10000c40       0x34 CMakeFiles/tulip4041_devboard.dir/userinterface.cpp.obj
                0x10000c40                print_empty()
 .text._Z9print_batv
                0x10000c74       0x34 CMakeFiles/tulip4041_devboard.dir/userinterface.cpp.obj
                0x10000c74                print_bat()
 .text._Z11print_paperv
                0x10000ca8       0x34 CMakeFiles/tulip4041_devboard.dir/userinterface.cpp.obj
                0x10000ca8                print_paper()
 .text._Z5rom_fv
                0x10000cdc       0x18 CMakeFiles/tulip4041_devboard.dir/userinterface.cpp.obj
                0x10000cdc                rom_f()
 .text._Z6file_fv
                0x10000cf4       0x24 CMakeFiles/tulip4041_devboard.dir/userinterface.cpp.obj
                0x10000cf4                file_f()
 .text._Z9pico_VBUSv
                0x10000d18       0x28 CMakeFiles/tulip4041_devboard.dir/userinterface.cpp.obj
                0x10000d18                pico_VBUS()
 .text._Z12rp2040_resetv
                0x10000d40       0x20 CMakeFiles/tulip4041_devboard.dir/userinterface.cpp.obj
                0x10000d40                rp2040_reset()
 .text._Z14rp2040_bootselv
                0x10000d60       0x20 CMakeFiles/tulip4041_devboard.dir/userinterface.cpp.obj
                0x10000d60                rp2040_bootsel()
 .text._Z11sdcard_testv
                0x10000d80        0x8 CMakeFiles/tulip4041_devboard.dir/userinterface.cpp.obj
                0x10000d80                sdcard_test()
 .text._Z9print_manv
                0x10000d88       0x1c CMakeFiles/tulip4041_devboard.dir/userinterface.cpp.obj
                0x10000d88                print_man()
 .text._Z11print_tracev
                0x10000da4       0x20 CMakeFiles/tulip4041_devboard.dir/userinterface.cpp.obj
                0x10000da4                print_trace()
 .text._Z10print_normv
                0x10000dc4       0x20 CMakeFiles/tulip4041_devboard.dir/userinterface.cpp.obj
                0x10000dc4                print_norm()
 .text._Z9print_advv
                0x10000de4       0x2c CMakeFiles/tulip4041_devboard.dir/userinterface.cpp.obj
                0x10000de4                print_adv()
 .text._Z11print_printv
                0x10000e10       0x2c CMakeFiles/tulip4041_devboard.dir/userinterface.cpp.obj
                0x10000e10                print_print()
 .text._Z9rom_checkv
                0x10000e3c       0x20 CMakeFiles/tulip4041_devboard.dir/userinterface.cpp.obj
                0x10000e3c                rom_check()
 .text._Z10rom_set_flv
                0x10000e5c       0x44 CMakeFiles/tulip4041_devboard.dir/userinterface.cpp.obj
                0x10000e5c                rom_set_fl()
 .text._Z10rom_set_frv
                0x10000ea0       0x44 CMakeFiles/tulip4041_devboard.dir/userinterface.cpp.obj
                0x10000ea0                rom_set_fr()
 .text._Z9rom_pr_env
                0x10000ee4       0x78 CMakeFiles/tulip4041_devboard.dir/userinterface.cpp.obj
                0x10000ee4                rom_pr_en()
 .text._Z11rom_mappingv
                0x10000f5c       0x4c CMakeFiles/tulip4041_devboard.dir/userinterface.cpp.obj
                0x10000f5c                rom_mapping()
 .text._Z7rom_offv
                0x10000fa8       0x4c CMakeFiles/tulip4041_devboard.dir/userinterface.cpp.obj
                0x10000fa8                rom_off()
 .text._Z12rp2040_sleepv
                0x10000ff4       0x10 CMakeFiles/tulip4041_devboard.dir/userinterface.cpp.obj
                0x10000ff4                rp2040_sleep()
 .text._Z13hp41_shutdownv
                0x10001004       0x14 CMakeFiles/tulip4041_devboard.dir/userinterface.cpp.obj
                0x10001004                hp41_shutdown()
 .text._Z12print_statusv
                0x10001018      0x144 CMakeFiles/tulip4041_devboard.dir/userinterface.cpp.obj
                0x10001018                print_status()
 .text._Z8rom_helpv
                0x1000115c       0x54 CMakeFiles/tulip4041_devboard.dir/userinterface.cpp.obj
                0x1000115c                rom_help()
 .text.pio_welcome
                0x100011b0        0x8 CMakeFiles/tulip4041_devboard.dir/userinterface.cpp.obj
                0x100011b0                pio_welcome
 .text._Z7rom_hexv
                0x100011b8       0x84 CMakeFiles/tulip4041_devboard.dir/userinterface.cpp.obj
                0x100011b8                rom_hex()
 .text._Z8rom_hexlv
                0x1000123c       0x50 CMakeFiles/tulip4041_devboard.dir/userinterface.cpp.obj
                0x1000123c                rom_hexl()
 .text._Z8rom_downv
                0x1000128c       0xa4 CMakeFiles/tulip4041_devboard.dir/userinterface.cpp.obj
                0x1000128c                rom_down()
 .text._Z9ident_cdcv
                0x10001330       0x70 CMakeFiles/tulip4041_devboard.dir/userinterface.cpp.obj
                0x10001330                ident_cdc()
 .text._Z11serial_helpv
                0x100013a0       0x50 CMakeFiles/tulip4041_devboard.dir/userinterface.cpp.obj
                0x100013a0                serial_help()
 .text._Z10print_helpv
                0x100013f0       0x50 CMakeFiles/tulip4041_devboard.dir/userinterface.cpp.obj
                0x100013f0                print_help()
 .text._Z11rom_programv
                0x10001440       0xd4 CMakeFiles/tulip4041_devboard.dir/userinterface.cpp.obj
                0x10001440                rom_program()
 .text._ZN8CModules8clearAllEv
                0x10001514       0x88 CMakeFiles/tulip4041_devboard.dir/userinterface.cpp.obj
                0x10001514                CModules::clearAll()
 .text._ZN8CModules4plugEiitm
                0x1000159c       0x58 CMakeFiles/tulip4041_devboard.dir/userinterface.cpp.obj
                0x1000159c                CModules::plug(int, int, unsigned short, unsigned long)
 .text._ZN8CModules13plug_embeddedEiitPKt
                0x100015f4       0x98 CMakeFiles/tulip4041_devboard.dir/userinterface.cpp.obj
                0x100015f4                CModules::plug_embedded(int, int, unsigned short, unsigned short const*)
 .text._ZN8CModules6unplugEii
                0x1000168c       0x60 CMakeFiles/tulip4041_devboard.dir/userinterface.cpp.obj
                0x1000168c                CModules::unplug(int, int)
 .text._ZN8CModules10setCommentEiiPKc
                0x100016ec       0x4e CMakeFiles/tulip4041_devboard.dir/userinterface.cpp.obj
                0x100016ec                CModules::setComment(int, int, char const*)
 .text._ZN8CModules10isReservedEi
                0x1000173a       0x64 CMakeFiles/tulip4041_devboard.dir/userinterface.cpp.obj
                0x1000173a                CModules::isReserved(int)
 .text._ZN8CModules6isUsedEii
                0x1000179e       0x38 CMakeFiles/tulip4041_devboard.dir/userinterface.cpp.obj
                0x1000179e                CModules::isUsed(int, int)
 *fill*         0x100017d6        0x2 
 .text._ZN8CModules11init_rommapEv
                0x100017d8       0x40 CMakeFiles/tulip4041_devboard.dir/userinterface.cpp.obj
                0x100017d8                CModules::init_rommap()
 .text._ZN8CModules4saveEv
                0x10001818       0x30 CMakeFiles/tulip4041_devboard.dir/userinterface.cpp.obj
                0x10001818                CModules::save()
 .text._ZN8CModules11getRevisionEiiPc
                0x10001848       0x98 CMakeFiles/tulip4041_devboard.dir/userinterface.cpp.obj
                0x10001848                CModules::getRevision(int, int, char*)
 .text._ZN8CModules8dumpPageEi
                0x100018e0       0x68 CMakeFiles/tulip4041_devboard.dir/userinterface.cpp.obj
                0x100018e0                CModules::dumpPage(int)
 .text._Z12getTotalHeapv
                0x10001948       0x10 CMakeFiles/tulip4041_devboard.dir/userinterface.cpp.obj
                0x10001948                getTotalHeap()
 .text._Z11getFreeHeapv
                0x10001958       0x18 CMakeFiles/tulip4041_devboard.dir/userinterface.cpp.obj
                0x10001958                getFreeHeap()
 .text._Z16uif_delay_canceli
                0x10001970       0x3c CMakeFiles/tulip4041_devboard.dir/userinterface.cpp.obj
                0x10001970                uif_delay_cancel(int)
 .text.measure_freqs
                0x100019ac       0x94 CMakeFiles/tulip4041_devboard.dir/userinterface.cpp.obj
                0x100019ac                measure_freqs
 .text.welcome  0x10001a40       0x60 CMakeFiles/tulip4041_devboard.dir/userinterface.cpp.obj
                0x10001a40                welcome
 .text.uif_status
                0x10001aa0      0x338 CMakeFiles/tulip4041_devboard.dir/userinterface.cpp.obj
                0x10001aa0                uif_status
 .text.uif_pio_status
                0x10001dd8        0x8 CMakeFiles/tulip4041_devboard.dir/userinterface.cpp.obj
                0x10001dd8                uif_pio_status
 .text.uif_cdc_status
                0x10001de0       0x84 CMakeFiles/tulip4041_devboard.dir/userinterface.cpp.obj
                0x10001de0                uif_cdc_status
 .text.uif_cdc_ident
                0x10001e64       0x74 CMakeFiles/tulip4041_devboard.dir/userinterface.cpp.obj
                0x10001e64                uif_cdc_ident
 .text.uif_reboot
                0x10001ed8       0x48 CMakeFiles/tulip4041_devboard.dir/userinterface.cpp.obj
                0x10001ed8                uif_reboot
 .text.uif_bootsel
                0x10001f20       0x48 CMakeFiles/tulip4041_devboard.dir/userinterface.cpp.obj
                0x10001f20                uif_bootsel
 .text.uif_blink
                0x10001f68       0x50 CMakeFiles/tulip4041_devboard.dir/userinterface.cpp.obj
                0x10001f68                uif_blink
 .text._Z11uif_pwo_lowv
                0x10001fb8       0x20 CMakeFiles/tulip4041_devboard.dir/userinterface.cpp.obj
                0x10001fb8                uif_pwo_low()
 .text.uif_calcreset
                0x10001fd8       0x14 CMakeFiles/tulip4041_devboard.dir/userinterface.cpp.obj
                0x10001fd8                uif_calcreset
 .text.uif_poweron
                0x10001fec       0x1c CMakeFiles/tulip4041_devboard.dir/userinterface.cpp.obj
                0x10001fec                uif_poweron
 .text.uif_configinit
                0x10002008       0x20 CMakeFiles/tulip4041_devboard.dir/userinterface.cpp.obj
                0x10002008                uif_configinit
 .text.uif_configlist
                0x10002028       0x38 CMakeFiles/tulip4041_devboard.dir/userinterface.cpp.obj
                0x10002028                uif_configlist
 .text.uif_owner
                0x10002060       0xf8 CMakeFiles/tulip4041_devboard.dir/userinterface.cpp.obj
                0x10002060                uif_owner
 .text.uif_serial
                0x10002158      0x138 CMakeFiles/tulip4041_devboard.dir/userinterface.cpp.obj
                0x10002158                uif_serial
 .text.uif_gpio_status
                0x10002290       0x4c CMakeFiles/tulip4041_devboard.dir/userinterface.cpp.obj
                0x10002290                uif_gpio_status
 .text.uif_dir  0x100022dc        0x8 CMakeFiles/tulip4041_devboard.dir/userinterface.cpp.obj
                0x100022dc                uif_dir
 .text.uif_sdcard_status
                0x100022e4        0x8 CMakeFiles/tulip4041_devboard.dir/userinterface.cpp.obj
                0x100022e4                uif_sdcard_status
 .text.uif_sdcard_mount
                0x100022ec        0x8 CMakeFiles/tulip4041_devboard.dir/userinterface.cpp.obj
                0x100022ec                uif_sdcard_mount
 .text.uif_sdcard_unmount
                0x100022f4        0x8 CMakeFiles/tulip4041_devboard.dir/userinterface.cpp.obj
                0x100022f4                uif_sdcard_unmount
 .text.uif_sdcard_mounted
                0x100022fc        0x8 CMakeFiles/tulip4041_devboard.dir/userinterface.cpp.obj
                0x100022fc                uif_sdcard_mounted
 .text.uif_sdcard_eject
                0x10002304        0x8 CMakeFiles/tulip4041_devboard.dir/userinterface.cpp.obj
                0x10002304                uif_sdcard_eject
 .text.uif_sdcard_connect
                0x1000230c        0x8 CMakeFiles/tulip4041_devboard.dir/userinterface.cpp.obj
                0x1000230c                uif_sdcard_connect
 .text._Z16compare_openfileP3FILm
                0x10002314       0xac CMakeFiles/tulip4041_devboard.dir/userinterface.cpp.obj
                0x10002314                compare_openfile(FIL*, unsigned long)
 .text._Z11import_filePKci
                0x100023c0      0x454 CMakeFiles/tulip4041_devboard.dir/userinterface.cpp.obj
                0x100023c0                import_file(char const*, int)
 .text._Z14uif_import_allPKci
                0x10002814      0x1e0 CMakeFiles/tulip4041_devboard.dir/userinterface.cpp.obj
                0x10002814                uif_import_all(char const*, int)
 .text.uif_import
                0x100029f4       0x34 CMakeFiles/tulip4041_devboard.dir/userinterface.cpp.obj
                0x100029f4                uif_import
 .text._Z14ShowROMDetailsPt
                0x10002a28      0x118 CMakeFiles/tulip4041_devboard.dir/userinterface.cpp.obj
                0x10002a28                ShowROMDetails(unsigned short*)
 .text._Z11ShowROMDumpPt
                0x10002b40       0xcc CMakeFiles/tulip4041_devboard.dir/userinterface.cpp.obj
                0x10002b40                ShowROMDump(unsigned short*)
 .text._Z10getfrombinPvt
                0x10002c0c       0x3c CMakeFiles/tulip4041_devboard.dir/userinterface.cpp.obj
                0x10002c0c                getfrombin(void*, unsigned short)
 .text._Z14ShowMODDetailsP18ModuleFileHeader_t
                0x10002c48      0x1b8 CMakeFiles/tulip4041_devboard.dir/userinterface.cpp.obj
                0x10002c48                ShowMODDetails(ModuleFileHeader_t*)
 .text._Z11ShowMODDumpP18ModuleFileHeader_t
                0x10002e00      0x108 CMakeFiles/tulip4041_devboard.dir/userinterface.cpp.obj
                0x10002e00                ShowMODDump(ModuleFileHeader_t*)
 .text.uif_rtc  0x10002f08      0x1bc CMakeFiles/tulip4041_devboard.dir/userinterface.cpp.obj
                0x10002f08                uif_rtc
 .text.uif_list
                0x100030c4      0x1d8 CMakeFiles/tulip4041_devboard.dir/userinterface.cpp.obj
                0x100030c4                uif_list
 .text._Z7LoadMODP18ModuleMetaHeader_t
                0x1000329c      0x614 CMakeFiles/tulip4041_devboard.dir/userinterface.cpp.obj
                0x1000329c                LoadMOD(ModuleMetaHeader_t*)
 .text.uif_plug
                0x100038b0      0x428 CMakeFiles/tulip4041_devboard.dir/userinterface.cpp.obj
                0x100038b0                uif_plug
 .text.uif_unplug
                0x10003cd8      0x1a0 CMakeFiles/tulip4041_devboard.dir/userinterface.cpp.obj
                0x10003cd8                uif_unplug
 .text.uif_reserve
                0x10003e78      0x2a4 CMakeFiles/tulip4041_devboard.dir/userinterface.cpp.obj
                0x10003e78                uif_reserve
 .text.uif_cat  0x1000411c      0x3a8 CMakeFiles/tulip4041_devboard.dir/userinterface.cpp.obj
                0x1000411c                uif_cat
 .text.uif_emulate
                0x100044c4      0x1b4 CMakeFiles/tulip4041_devboard.dir/userinterface.cpp.obj
                0x100044c4                uif_emulate
 .text.uif_delete
                0x10004678       0xa8 CMakeFiles/tulip4041_devboard.dir/userinterface.cpp.obj
                0x10004678                uif_delete
 .text.uif_printer
                0x10004720      0x368 CMakeFiles/tulip4041_devboard.dir/userinterface.cpp.obj
                0x10004720                uif_printer
 .text.uif_xmem
                0x10004a88      0x148 CMakeFiles/tulip4041_devboard.dir/userinterface.cpp.obj
                0x10004a88                uif_xmem
 .text.uif_tracer
                0x10004bd0      0x2c4 CMakeFiles/tulip4041_devboard.dir/userinterface.cpp.obj
                0x10004bd0                uif_tracer
 .text.uif_flash
                0x10004e94      0x1a8 CMakeFiles/tulip4041_devboard.dir/userinterface.cpp.obj
                0x10004e94                uif_flash
 .text.uif_fram
                0x1000503c      0x128 CMakeFiles/tulip4041_devboard.dir/userinterface.cpp.obj
                0x1000503c                uif_fram
 .text._Z13file_downloadv
                0x10005164       0xa4 CMakeFiles/tulip4041_devboard.dir/userinterface.cpp.obj
                0x10005164                file_download()
 .text._Z12fill_summaryv
                0x10005208       0xe0 CMakeFiles/tulip4041_devboard.dir/userinterface.cpp.obj
                0x10005208                fill_summary()
 .text._Z8rom_namev
                0x100052e8       0x6c CMakeFiles/tulip4041_devboard.dir/userinterface.cpp.obj
                0x100052e8                rom_name()
 .text._Z8rom_listv
                0x10005354       0xf4 CMakeFiles/tulip4041_devboard.dir/userinterface.cpp.obj
                0x10005354                rom_list()
 .text._Z9rom_digiti
                0x10005448       0x34 CMakeFiles/tulip4041_devboard.dir/userinterface.cpp.obj
                0x10005448                rom_digit(int)
 .text._Z8wandcodei
                0x1000547c      0x18c CMakeFiles/tulip4041_devboard.dir/userinterface.cpp.obj
                0x1000547c                wandcode(int)
 .text.serial_loop
                0x10005608      0x10c CMakeFiles/tulip4041_devboard.dir/userinterface.cpp.obj
                0x10005608                serial_loop
 .text.queue_get_level
                0x10005714       0x40 CMakeFiles/tulip4041_devboard.dir/emulation.cpp.obj
 .text.pio_report
                0x10005754      0x178 CMakeFiles/tulip4041_devboard.dir/emulation.cpp.obj
                0x10005754                pio_report
 .text.uif_pio_report
                0x100058cc       0xe0 CMakeFiles/tulip4041_devboard.dir/emulation.cpp.obj
                0x100058cc                uif_pio_report
 .text.pio_init
                0x100059ac      0x5c4 CMakeFiles/tulip4041_devboard.dir/emulation.cpp.obj
                0x100059ac                pio_init
 .text.IR_toggle
                0x10005f70       0x40 CMakeFiles/tulip4041_devboard.dir/emulation.cpp.obj
                0x10005f70                IR_toggle
 .text.cycles   0x10005fb0        0xc CMakeFiles/tulip4041_devboard.dir/emulation.cpp.obj
                0x10005fb0                cycles
 .text.wakemeup_41
                0x10005fbc       0x88 CMakeFiles/tulip4041_devboard.dir/emulation.cpp.obj
                0x10005fbc                wakemeup_41
 .text.shutdown_41
                0x10006044       0x34 CMakeFiles/tulip4041_devboard.dir/emulation.cpp.obj
                0x10006044                shutdown_41
 .text.send_ir_frame
                0x10006078       0x2c CMakeFiles/tulip4041_devboard.dir/emulation.cpp.obj
                0x10006078                send_ir_frame
 .text.setflag_FI0
                0x100060a4       0x1c CMakeFiles/tulip4041_devboard.dir/emulation.cpp.obj
                0x100060a4                setflag_FI0
 .text.InitEmulation
                0x100060c0       0x14 CMakeFiles/tulip4041_devboard.dir/emulation.cpp.obj
                0x100060c0                InitEmulation
 .text.PowerMode_task
                0x100060d4      0x134 CMakeFiles/tulip4041_devboard.dir/emulation.cpp.obj
                0x100060d4                PowerMode_task
 .text.init_spi_fram
                0x10006208       0x40 CMakeFiles/tulip4041_devboard.dir/fram.c.obj
                0x10006208                init_spi_fram
 .text.fr_read16
                0x10006248       0x2c CMakeFiles/tulip4041_devboard.dir/fram.c.obj
                0x10006248                fr_read16
 .text.fr_write
                0x10006274       0x1c CMakeFiles/tulip4041_devboard.dir/fram.c.obj
                0x10006274                fr_write
 .text.fram_show
                0x10006290       0xa4 CMakeFiles/tulip4041_devboard.dir/fram.c.obj
                0x10006290                fram_show
 .text.fr_readid
                0x10006334       0x20 CMakeFiles/tulip4041_devboard.dir/fram.c.obj
                0x10006334                fr_readid
 .text.fr_nukeall
                0x10006354       0x38 CMakeFiles/tulip4041_devboard.dir/fram.c.obj
                0x10006354                fr_nukeall
 .text.onDirCLI
                0x1000638c       0x20 CMakeFiles/tulip4041_devboard.dir/cli-binding.c.obj
                0x1000638c                onDirCLI
 .text.writeCharToCLI
                0x100063ac       0x1a CMakeFiles/tulip4041_devboard.dir/cli-binding.c.obj
                0x100063ac                writeCharToCLI
 *fill*         0x100063c6        0x2 
 .text.getCliPointer
                0x100063c8        0xc CMakeFiles/tulip4041_devboard.dir/cli-binding.c.obj
                0x100063c8                getCliPointer
 .text.cli_printf
                0x100063d4       0x5c CMakeFiles/tulip4041_devboard.dir/cli-binding.c.obj
                0x100063d4                cli_printf
 .text.onSystemCLI
                0x10006430       0xc4 CMakeFiles/tulip4041_devboard.dir/cli-binding.c.obj
                0x10006430                onSystemCLI
 .text.onSDCardCLI
                0x100064f4       0x8c CMakeFiles/tulip4041_devboard.dir/cli-binding.c.obj
                0x100064f4                onSDCardCLI
 .text.onImportCLI
                0x10006580      0x12c CMakeFiles/tulip4041_devboard.dir/cli-binding.c.obj
                0x10006580                onImportCLI
 .text.onDeleteCLI
                0x100066ac       0x2c CMakeFiles/tulip4041_devboard.dir/cli-binding.c.obj
                0x100066ac                onDeleteCLI
 .text.onPlugCLI
                0x100066d8      0x158 CMakeFiles/tulip4041_devboard.dir/cli-binding.c.obj
                0x100066d8                onPlugCLI
 .text.onUnPlugCLI
                0x10006830       0xe0 CMakeFiles/tulip4041_devboard.dir/cli-binding.c.obj
                0x10006830                onUnPlugCLI
 .text.onReserveCLI
                0x10006910      0x12c CMakeFiles/tulip4041_devboard.dir/cli-binding.c.obj
                0x10006910                onReserveCLI
 .text.onCatCLI
                0x10006a3c       0xb4 CMakeFiles/tulip4041_devboard.dir/cli-binding.c.obj
                0x10006a3c                onCatCLI
 .text.onPrinterCLI
                0x10006af0       0x68 CMakeFiles/tulip4041_devboard.dir/cli-binding.c.obj
                0x10006af0                onPrinterCLI
 .text.onXMEMCLI
                0x10006b58       0x98 CMakeFiles/tulip4041_devboard.dir/cli-binding.c.obj
                0x10006b58                onXMEMCLI
 .text.onTracerCLI
                0x10006bf0      0x124 CMakeFiles/tulip4041_devboard.dir/cli-binding.c.obj
                0x10006bf0                onTracerCLI
 .text.onClearCLI
                0x10006d14       0x10 CMakeFiles/tulip4041_devboard.dir/cli-binding.c.obj
                0x10006d14                onClearCLI
 .text.onLed    0x10006d24       0x58 CMakeFiles/tulip4041_devboard.dir/cli-binding.c.obj
                0x10006d24                onLed
 .text.onFlashCLI
                0x10006d7c       0xa0 CMakeFiles/tulip4041_devboard.dir/cli-binding.c.obj
                0x10006d7c                onFlashCLI
 .text.onFramCLI
                0x10006e1c       0xa0 CMakeFiles/tulip4041_devboard.dir/cli-binding.c.obj
                0x10006e1c                onFramCLI
 .text.onListCLI
                0x10006ebc       0x84 CMakeFiles/tulip4041_devboard.dir/cli-binding.c.obj
                0x10006ebc                onListCLI
 .text.onRTCCLI
                0x10006f40       0x78 CMakeFiles/tulip4041_devboard.dir/cli-binding.c.obj
                0x10006f40                onRTCCLI
 .text.onEmulateCLI
                0x10006fb8       0xd8 CMakeFiles/tulip4041_devboard.dir/cli-binding.c.obj
                0x10006fb8                onEmulateCLI
 .text.cli_printfn
                0x10007090       0x5c CMakeFiles/tulip4041_devboard.dir/cli-binding.c.obj
                0x10007090                cli_printfn
 .text.receiveCLIchar
                0x100070ec       0x24 CMakeFiles/tulip4041_devboard.dir/cli-binding.c.obj
                0x100070ec                receiveCLIchar
 .text.runCLI   0x10007110       0x40 CMakeFiles/tulip4041_devboard.dir/cli-binding.c.obj
                0x10007110                runCLI
 .text.initCliBinding
                0x10007150      0x318 CMakeFiles/tulip4041_devboard.dir/cli-binding.c.obj
                0x10007150                initCliBinding
 .text.onCharInput
                0x10007468       0x2e CMakeFiles/tulip4041_devboard.dir/embedded_cli.c.obj
 .text.isControlChar
                0x10007496       0x30 CMakeFiles/tulip4041_devboard.dir/embedded_cli.c.obj
 .text.isDisplayableChar
                0x100074c6        0xe CMakeFiles/tulip4041_devboard.dir/embedded_cli.c.obj
 .text.fifoBufAvailable
                0x100074d4       0x1a CMakeFiles/tulip4041_devboard.dir/embedded_cli.c.obj
 .text.fifoBufPop
                0x100074ee       0x24 CMakeFiles/tulip4041_devboard.dir/embedded_cli.c.obj
 .text.fifoBufPush
                0x10007512       0x30 CMakeFiles/tulip4041_devboard.dir/embedded_cli.c.obj
 .text.getTokenPosition
                0x10007542       0x44 CMakeFiles/tulip4041_devboard.dir/embedded_cli.c.obj
 .text.writeToOutput
                0x10007586       0x22 CMakeFiles/tulip4041_devboard.dir/embedded_cli.c.obj
 .text.printBindingHelp
                0x100075a8       0x28 CMakeFiles/tulip4041_devboard.dir/embedded_cli.c.obj
 .text.onUnknownCommand
                0x100075d0       0x34 CMakeFiles/tulip4041_devboard.dir/embedded_cli.c.obj
 .text.clearCurrentLine
                0x10007604       0x38 CMakeFiles/tulip4041_devboard.dir/embedded_cli.c.obj
 .text.getAutocompletedCommand
                0x1000763c       0xc2 CMakeFiles/tulip4041_devboard.dir/embedded_cli.c.obj
 .text.printLiveAutocompletion
                0x100076fe       0x88 CMakeFiles/tulip4041_devboard.dir/embedded_cli.c.obj
 *fill*         0x10007786        0x2 
 .text.onAutocompleteRequest
                0x10007788       0xb4 CMakeFiles/tulip4041_devboard.dir/embedded_cli.c.obj
 .text.embeddedCliDefaultConfig
                0x1000783c       0x2c CMakeFiles/tulip4041_devboard.dir/embedded_cli.c.obj
                0x1000783c                embeddedCliDefaultConfig
 .text.embeddedCliRequiredSize
                0x10007868       0x30 CMakeFiles/tulip4041_devboard.dir/embedded_cli.c.obj
                0x10007868                embeddedCliRequiredSize
 .text.embeddedCliReceiveChar
                0x10007898       0x1c CMakeFiles/tulip4041_devboard.dir/embedded_cli.c.obj
                0x10007898                embeddedCliReceiveChar
 .text.embeddedCliAddBinding
                0x100078b4       0x46 CMakeFiles/tulip4041_devboard.dir/embedded_cli.c.obj
                0x100078b4                embeddedCliAddBinding
 *fill*         0x100078fa        0x2 
 .text.initInternalBindings
                0x100078fc       0x34 CMakeFiles/tulip4041_devboard.dir/embedded_cli.c.obj
 .text.embeddedCliNew
                0x10007930       0xc4 CMakeFiles/tulip4041_devboard.dir/embedded_cli.c.obj
                0x10007930                embeddedCliNew
 .text.embeddedCliPrint
                0x100079f4       0x5c CMakeFiles/tulip4041_devboard.dir/embedded_cli.c.obj
                0x100079f4                embeddedCliPrint
 .text.embeddedCliPrintN
                0x10007a50       0x4e CMakeFiles/tulip4041_devboard.dir/embedded_cli.c.obj
                0x10007a50                embeddedCliPrintN
 *fill*         0x10007a9e        0x2 
 .text.embeddedCliTokenizeArgs
                0x10007aa0       0x70 CMakeFiles/tulip4041_devboard.dir/embedded_cli.c.obj
                0x10007aa0                embeddedCliTokenizeArgs
 .text.embeddedCliGetToken
                0x10007b10       0x18 CMakeFiles/tulip4041_devboard.dir/embedded_cli.c.obj
                0x10007b10                embeddedCliGetToken
 .text.historyGet
                0x10007b28       0x1a CMakeFiles/tulip4041_devboard.dir/embedded_cli.c.obj
 *fill*         0x10007b42        0x2 
 .text.navigateHistory
                0x10007b44       0x7c CMakeFiles/tulip4041_devboard.dir/embedded_cli.c.obj
 .text.onEscapedInput
                0x10007bc0       0x34 CMakeFiles/tulip4041_devboard.dir/embedded_cli.c.obj
 .text.embeddedCliGetTokenVariable
                0x10007bf4       0x18 CMakeFiles/tulip4041_devboard.dir/embedded_cli.c.obj
                0x10007bf4                embeddedCliGetTokenVariable
 .text.historyRemove
                0x10007c0c       0x5e CMakeFiles/tulip4041_devboard.dir/embedded_cli.c.obj
 .text.historyPut
                0x10007c6a       0x6e CMakeFiles/tulip4041_devboard.dir/embedded_cli.c.obj
 .text.parseCommand
                0x10007cd8      0x144 CMakeFiles/tulip4041_devboard.dir/embedded_cli.c.obj
 .text.onControlInput
                0x10007e1c       0x9c CMakeFiles/tulip4041_devboard.dir/embedded_cli.c.obj
 .text.embeddedCliProcess
                0x10007eb8       0xb4 CMakeFiles/tulip4041_devboard.dir/embedded_cli.c.obj
                0x10007eb8                embeddedCliProcess
 .text.embeddedCliGetTokenCount
                0x10007f6c       0x2a CMakeFiles/tulip4041_devboard.dir/embedded_cli.c.obj
                0x10007f6c                embeddedCliGetTokenCount
 *fill*         0x10007f96        0x2 
 .text.onHelp   0x10007f98      0x108 CMakeFiles/tulip4041_devboard.dir/embedded_cli.c.obj
 .text._ZL14wait_for_writeim
                0x100080a0       0x1c CMakeFiles/tulip4041_devboard.dir/cdc_helper.cpp.obj
 .text.cdc_flush
                0x100080bc        0xa CMakeFiles/tulip4041_devboard.dir/cdc_helper.cpp.obj
                0x100080bc                cdc_flush
 .text.cdc_connected
                0x100080c6        0xa CMakeFiles/tulip4041_devboard.dir/cdc_helper.cpp.obj
                0x100080c6                cdc_connected
 .text.cdc_sendbuf
                0x100080d0       0x1a CMakeFiles/tulip4041_devboard.dir/cdc_helper.cpp.obj
                0x100080d0                cdc_sendbuf
 .text.cdc_send_printport
                0x100080ea       0x20 CMakeFiles/tulip4041_devboard.dir/cdc_helper.cpp.obj
                0x100080ea                cdc_send_printport
 .text.cdc_send_char
                0x1000810a       0x1a CMakeFiles/tulip4041_devboard.dir/cdc_helper.cpp.obj
                0x1000810a                cdc_send_char
 .text.cdc_send_char_flush
                0x10008124       0x20 CMakeFiles/tulip4041_devboard.dir/cdc_helper.cpp.obj
                0x10008124                cdc_send_char_flush
 .text.cdc_read_byte
                0x10008144       0x28 CMakeFiles/tulip4041_devboard.dir/cdc_helper.cpp.obj
                0x10008144                cdc_read_byte
 .text.cdc_read_char
                0x1000816c       0x26 CMakeFiles/tulip4041_devboard.dir/cdc_helper.cpp.obj
                0x1000816c                cdc_read_char
 .text.cdc_available
                0x10008192        0xa CMakeFiles/tulip4041_devboard.dir/cdc_helper.cpp.obj
                0x10008192                cdc_available
 .text.cdc_read_flush
                0x1000819c        0xa CMakeFiles/tulip4041_devboard.dir/cdc_helper.cpp.obj
                0x1000819c                cdc_read_flush
 *fill*         0x100081a6        0x2 
 .text.cdc_send_string
                0x100081a8       0x30 CMakeFiles/tulip4041_devboard.dir/cdc_helper.cpp.obj
                0x100081a8                cdc_send_string
 .text._Z41__static_initialization_and_destruction_0v
                0x100081d8       0x18 CMakeFiles/tulip4041_devboard.dir/globalsettings.cpp.obj
 .text._GLOBAL__sub_I_globsetting
                0x100081f0        0x8 CMakeFiles/tulip4041_devboard.dir/globalsettings.cpp.obj
 .text.tud_descriptor_device_cb
                0x100081f8        0x8 CMakeFiles/tulip4041_devboard.dir/usb-descriptors.cpp.obj
                0x100081f8                tud_descriptor_device_cb
 .text.tud_descriptor_configuration_cb
                0x10008200        0x8 CMakeFiles/tulip4041_devboard.dir/usb-descriptors.cpp.obj
                0x10008200                tud_descriptor_configuration_cb
 .text.tud_descriptor_string_cb
                0x10008208       0x4c CMakeFiles/tulip4041_devboard.dir/usb-descriptors.cpp.obj
                0x10008208                tud_descriptor_string_cb
 .text.usbd_serial_init
                0x10008254       0x50 CMakeFiles/tulip4041_devboard.dir/usb-descriptors.cpp.obj
                0x10008254                usbd_serial_init
 .text.queue_get_level
                0x100082a4       0x42 CMakeFiles/tulip4041_devboard.dir/tracer.cpp.obj
 .text.queue_init
                0x100082e6       0x1a CMakeFiles/tulip4041_devboard.dir/tracer.cpp.obj
 .text.TraceBuffer_init
                0x10008300       0x2c CMakeFiles/tulip4041_devboard.dir/tracer.cpp.obj
                0x10008300                TraceBuffer_init
 .text._Z10HPIL_instrt
                0x1000832c       0xb0 CMakeFiles/tulip4041_devboard.dir/tracer.cpp.obj
                0x1000832c                HPIL_instr(unsigned short)
 .text.Trace_task
                0x100083dc      0x7f4 CMakeFiles/tulip4041_devboard.dir/tracer.cpp.obj
                0x100083dc                Trace_task
 .text.sd_get_num
                0x10008bd0        0x4 CMakeFiles/tulip4041_devboard.dir/hw_config.c.obj
                0x10008bd0                sd_get_num
 .text.sd_get_by_num
                0x10008bd4       0x34 CMakeFiles/tulip4041_devboard.dir/hw_config.c.obj
                0x10008bd4                sd_get_by_num
 .text.uart_putc
                0x10008c08       0x70 CMakeFiles/tulip4041_devboard.dir/peripherals.cpp.obj
 .text.uart_puts
                0x10008c78       0x54 CMakeFiles/tulip4041_devboard.dir/peripherals.cpp.obj
 .text.queue_get_level
                0x10008ccc       0x42 CMakeFiles/tulip4041_devboard.dir/peripherals.cpp.obj
 .text.queue_init
                0x10008d0e       0x1a CMakeFiles/tulip4041_devboard.dir/peripherals.cpp.obj
 .text.gpio_toggle
                0x10008d28       0x18 CMakeFiles/tulip4041_devboard.dir/peripherals.cpp.obj
                0x10008d28                gpio_toggle
 .text.serialport_init
                0x10008d40       0x40 CMakeFiles/tulip4041_devboard.dir/peripherals.cpp.obj
                0x10008d40                serialport_init
 .text.bus_init
                0x10008d80      0x100 CMakeFiles/tulip4041_devboard.dir/peripherals.cpp.obj
                0x10008d80                bus_init
 .text.WandBuffer_init
                0x10008e80       0x18 CMakeFiles/tulip4041_devboard.dir/peripherals.cpp.obj
                0x10008e80                WandBuffer_init
 .text._Z6parityh
                0x10008e98       0x12 CMakeFiles/tulip4041_devboard.dir/peripherals.cpp.obj
                0x10008e98                parity(unsigned char)
 .text._Z23calculate_frame_payloadh
                0x10008eaa       0x42 CMakeFiles/tulip4041_devboard.dir/peripherals.cpp.obj
                0x10008eaa                calculate_frame_payload(unsigned char)
 .text._Z15construct_framet
                0x10008eec       0x28 CMakeFiles/tulip4041_devboard.dir/peripherals.cpp.obj
                0x10008eec                construct_frame(unsigned short)
 .text.PrintBuffer_init
                0x10008f14       0x14 CMakeFiles/tulip4041_devboard.dir/peripherals.cpp.obj
                0x10008f14                PrintBuffer_init
 .text.Print_task
                0x10008f28       0x98 CMakeFiles/tulip4041_devboard.dir/peripherals.cpp.obj
                0x10008f28                Print_task
 .text.PrintIRchar
                0x10008fc0       0x20 CMakeFiles/tulip4041_devboard.dir/peripherals.cpp.obj
                0x10008fc0                PrintIRchar
 .text.getIL_mnemonic
                0x10008fe0       0x38 CMakeFiles/tulip4041_devboard.dir/peripherals.cpp.obj
                0x10008fe0                getIL_mnemonic
 .text._Z10HPIL_scopetbb
                0x10009018       0xc4 CMakeFiles/tulip4041_devboard.dir/peripherals.cpp.obj
                0x10009018                HPIL_scope(unsigned short, bool, bool)
 .text._Z12PILBox_scopethhb
                0x100090dc       0xd4 CMakeFiles/tulip4041_devboard.dir/peripherals.cpp.obj
                0x100090dc                PILBox_scope(unsigned short, unsigned char, unsigned char, bool)
 .text.HPIL_init
                0x100091b0       0x40 CMakeFiles/tulip4041_devboard.dir/peripherals.cpp.obj
                0x100091b0                HPIL_init
 .text._Z16PILBox_sendframet
                0x100091f0       0xa0 CMakeFiles/tulip4041_devboard.dir/peripherals.cpp.obj
                0x100091f0                PILBox_sendframe(unsigned short)
 .text._Z16PILBox_revcframev
                0x10009290      0x120 CMakeFiles/tulip4041_devboard.dir/peripherals.cpp.obj
                0x10009290                PILBox_revcframe()
 .text._Z14HPIL_SendFramet
                0x100093b0       0x24 CMakeFiles/tulip4041_devboard.dir/peripherals.cpp.obj
                0x100093b0                HPIL_SendFrame(unsigned short)
 .text._Z16HPIL_AutoIDYTaskv
                0x100093d4       0x58 CMakeFiles/tulip4041_devboard.dir/peripherals.cpp.obj
                0x100093d4                HPIL_AutoIDYTask()
 .text._Z14HPIL_RecvFramet
                0x1000942c       0x70 CMakeFiles/tulip4041_devboard.dir/peripherals.cpp.obj
                0x1000942c                HPIL_RecvFrame(unsigned short)
 .text.HPIL_task
                0x1000949c      0x214 CMakeFiles/tulip4041_devboard.dir/peripherals.cpp.obj
                0x1000949c                HPIL_task
 .text._ZL14fs_type_stringi
                0x100096b0       0x38 CMakeFiles/tulip4041_devboard.dir/sdcard.cpp.obj
 .text.put_out_error_message
                0x100096e8       0x1c CMakeFiles/tulip4041_devboard.dir/sdcard.cpp.obj
                0x100096e8                put_out_error_message
 .text.put_out_info_message
                0x10009704       0x1c CMakeFiles/tulip4041_devboard.dir/sdcard.cpp.obj
                0x10009704                put_out_info_message
 .text.sdcard_init
                0x10009720        0x8 CMakeFiles/tulip4041_devboard.dir/sdcard.cpp.obj
                0x10009720                sdcard_init
 .text.sd_mounted
                0x10009728       0x34 CMakeFiles/tulip4041_devboard.dir/sdcard.cpp.obj
                0x10009728                sd_mounted
 .text.sd_mount
                0x1000975c       0x80 CMakeFiles/tulip4041_devboard.dir/sdcard.cpp.obj
                0x1000975c                sd_mount
 .text.sd_mount_s
                0x100097dc       0x54 CMakeFiles/tulip4041_devboard.dir/sdcard.cpp.obj
                0x100097dc                sd_mount_s
 .text.sd_unmount
                0x10009830       0x58 CMakeFiles/tulip4041_devboard.dir/sdcard.cpp.obj
                0x10009830                sd_unmount
 .text.sd_dir   0x10009888       0xfc CMakeFiles/tulip4041_devboard.dir/sdcard.cpp.obj
                0x10009888                sd_dir
 .text.sd_sect_count
                0x10009984       0x48 CMakeFiles/tulip4041_devboard.dir/sdcard.cpp.obj
                0x10009984                sd_sect_count
 .text.sd_status
                0x100099cc      0x274 CMakeFiles/tulip4041_devboard.dir/sdcard.cpp.obj
                0x100099cc                sd_status
 .text._Z41__static_initialization_and_destruction_0v
                0x10009c40       0x10 CMakeFiles/tulip4041_devboard.dir/module.cpp.obj
 .text._ZN8CModules8retrieveEv
                0x10009c50       0x30 CMakeFiles/tulip4041_devboard.dir/module.cpp.obj
                0x10009c50                CModules::retrieve()
 .text.fram_rommap_init
                0x10009c80       0x24 CMakeFiles/tulip4041_devboard.dir/module.cpp.obj
                0x10009c80                fram_rommap_init
 .text._GLOBAL__sub_I_TULIP_Pages
                0x10009ca4        0x8 CMakeFiles/tulip4041_devboard.dir/module.cpp.obj
 .text.usb_sd_eject
                0x10009cac        0xc CMakeFiles/tulip4041_devboard.dir/msc_device_disk.c.obj
                0x10009cac                usb_sd_eject
 .text.usb_sd_connect
                0x10009cb8        0xc CMakeFiles/tulip4041_devboard.dir/msc_device_disk.c.obj
                0x10009cb8                usb_sd_connect
 .text.tud_mount_cb
                0x10009cc4       0x14 CMakeFiles/tulip4041_devboard.dir/msc_device_disk.c.obj
                0x10009cc4                tud_mount_cb
 .text.tud_umount_cb
                0x10009cd8       0x14 CMakeFiles/tulip4041_devboard.dir/msc_device_disk.c.obj
                0x10009cd8                tud_umount_cb
 .text.tud_suspend_cb
                0x10009cec        0x2 CMakeFiles/tulip4041_devboard.dir/msc_device_disk.c.obj
                0x10009cec                tud_suspend_cb
 .text.tud_resume_cb
                0x10009cee        0x2 CMakeFiles/tulip4041_devboard.dir/msc_device_disk.c.obj
                0x10009cee                tud_resume_cb
 .text.tud_msc_inquiry_cb
                0x10009cf0       0x64 CMakeFiles/tulip4041_devboard.dir/msc_device_disk.c.obj
                0x10009cf0                tud_msc_inquiry_cb
 .text.tud_msc_test_unit_ready_cb
                0x10009d54       0x20 CMakeFiles/tulip4041_devboard.dir/msc_device_disk.c.obj
                0x10009d54                tud_msc_test_unit_ready_cb
 .text.tud_msc_capacity_cb
                0x10009d74       0x3c CMakeFiles/tulip4041_devboard.dir/msc_device_disk.c.obj
                0x10009d74                tud_msc_capacity_cb
 .text.tud_msc_start_stop_cb
                0x10009db0       0x28 CMakeFiles/tulip4041_devboard.dir/msc_device_disk.c.obj
                0x10009db0                tud_msc_start_stop_cb
 .text.tud_msc_read10_cb
                0x10009dd8       0x24 CMakeFiles/tulip4041_devboard.dir/msc_device_disk.c.obj
                0x10009dd8                tud_msc_read10_cb
 .text.tud_msc_is_writable_cb
                0x10009dfc        0x4 CMakeFiles/tulip4041_devboard.dir/msc_device_disk.c.obj
                0x10009dfc                tud_msc_is_writable_cb
 .text.tud_msc_write10_cb
                0x10009e00       0x24 CMakeFiles/tulip4041_devboard.dir/msc_device_disk.c.obj
                0x10009e00                tud_msc_write10_cb
 .text.tud_msc_scsi_cb
                0x10009e24       0x12 CMakeFiles/tulip4041_devboard.dir/msc_device_disk.c.obj
                0x10009e24                tud_msc_scsi_cb
 .text._Z13reserved_addrh
                0x10009e36       0x16 CMakeFiles/tulip4041_devboard.dir/i2c_devices.cpp.obj
                0x10009e36                reserved_addr(unsigned char)
 .text.i2c_scan
                0x10009e4c       0xb8 CMakeFiles/tulip4041_devboard.dir/i2c_devices.cpp.obj
                0x10009e4c                i2c_scan
 .text.pcf8520_reset
                0x10009f04       0x5c CMakeFiles/tulip4041_devboard.dir/i2c_devices.cpp.obj
                0x10009f04                pcf8520_reset
 .text.pcf8520_read_all
                0x10009f60       0x34 CMakeFiles/tulip4041_devboard.dir/i2c_devices.cpp.obj
                0x10009f60                pcf8520_read_all
 .text.gpio_default_irq_handler
                0x10009f94       0x8c CMakeFiles/tulip4041_devboard.dir/C_/Users/MeinK/.pico-sdk/sdk/2.2.0/src/rp2_common/hardware_gpio/gpio.c.obj
 .text._gpio_set_irq_enabled
                0x1000a020       0x38 CMakeFiles/tulip4041_devboard.dir/C_/Users/MeinK/.pico-sdk/sdk/2.2.0/src/rp2_common/hardware_gpio/gpio.c.obj
 .text.gpio_set_function
                0x1000a058       0x38 CMakeFiles/tulip4041_devboard.dir/C_/Users/MeinK/.pico-sdk/sdk/2.2.0/src/rp2_common/hardware_gpio/gpio.c.obj
                0x1000a058                gpio_set_function
 .text.gpio_set_pulls
                0x1000a090       0x38 CMakeFiles/tulip4041_devboard.dir/C_/Users/MeinK/.pico-sdk/sdk/2.2.0/src/rp2_common/hardware_gpio/gpio.c.obj
                0x1000a090                gpio_set_pulls
 .text.gpio_set_slew_rate
                0x1000a0c8       0x1c CMakeFiles/tulip4041_devboard.dir/C_/Users/MeinK/.pico-sdk/sdk/2.2.0/src/rp2_common/hardware_gpio/gpio.c.obj
                0x1000a0c8                gpio_set_slew_rate
 .text.gpio_set_drive_strength
                0x1000a0e4       0x20 CMakeFiles/tulip4041_devboard.dir/C_/Users/MeinK/.pico-sdk/sdk/2.2.0/src/rp2_common/hardware_gpio/gpio.c.obj
                0x1000a0e4                gpio_set_drive_strength
 .text.gpio_set_irq_enabled
                0x1000a104       0x50 CMakeFiles/tulip4041_devboard.dir/C_/Users/MeinK/.pico-sdk/sdk/2.2.0/src/rp2_common/hardware_gpio/gpio.c.obj
                0x1000a104                gpio_set_irq_enabled
 .text.gpio_set_irq_callback
                0x1000a154       0x44 CMakeFiles/tulip4041_devboard.dir/C_/Users/MeinK/.pico-sdk/sdk/2.2.0/src/rp2_common/hardware_gpio/gpio.c.obj
                0x1000a154                gpio_set_irq_callback
 .text.gpio_set_irq_enabled_with_callback
                0x1000a198       0x26 CMakeFiles/tulip4041_devboard.dir/C_/Users/MeinK/.pico-sdk/sdk/2.2.0/src/rp2_common/hardware_gpio/gpio.c.obj
                0x1000a198                gpio_set_irq_enabled_with_callback
 .text.gpio_init
                0x1000a1be       0x16 CMakeFiles/tulip4041_devboard.dir/C_/Users/MeinK/.pico-sdk/sdk/2.2.0/src/rp2_common/hardware_gpio/gpio.c.obj
                0x1000a1be                gpio_init
 .text.gpio_deinit
                0x1000a1d4        0xa CMakeFiles/tulip4041_devboard.dir/C_/Users/MeinK/.pico-sdk/sdk/2.2.0/src/rp2_common/hardware_gpio/gpio.c.obj
                0x1000a1d4                gpio_deinit
 *fill*         0x1000a1de        0x2 
 .text.panic    0x1000a1e0       0x30 CMakeFiles/tulip4041_devboard.dir/C_/Users/MeinK/.pico-sdk/sdk/2.2.0/src/rp2_common/pico_platform_panic/panic.c.obj
                0x1000a1e0                panic
 .text.hw_claim_lock
                0x1000a210       0x24 CMakeFiles/tulip4041_devboard.dir/C_/Users/MeinK/.pico-sdk/sdk/2.2.0/src/common/hardware_claim/claim.c.obj
                0x1000a210                hw_claim_lock
 .text.hw_claim_unlock
                0x1000a234       0x14 CMakeFiles/tulip4041_devboard.dir/C_/Users/MeinK/.pico-sdk/sdk/2.2.0/src/common/hardware_claim/claim.c.obj
                0x1000a234                hw_claim_unlock
 .text.hw_claim_or_assert
                0x1000a248       0x32 CMakeFiles/tulip4041_devboard.dir/C_/Users/MeinK/.pico-sdk/sdk/2.2.0/src/common/hardware_claim/claim.c.obj
                0x1000a248                hw_claim_or_assert
 .text.hw_claim_unused_from_range
                0x1000a27a       0x4e CMakeFiles/tulip4041_devboard.dir/C_/Users/MeinK/.pico-sdk/sdk/2.2.0/src/common/hardware_claim/claim.c.obj
                0x1000a27a                hw_claim_unused_from_range
 .text.next_striped_spin_lock_num
                0x1000a2c8       0x1c CMakeFiles/tulip4041_devboard.dir/C_/Users/MeinK/.pico-sdk/sdk/2.2.0/src/rp2_common/hardware_sync/sync.c.obj
                0x1000a2c8                next_striped_spin_lock_num
 .text.spin_lock_claim_unused
                0x1000a2e4       0x24 CMakeFiles/tulip4041_devboard.dir/C_/Users/MeinK/.pico-sdk/sdk/2.2.0/src/rp2_common/hardware_sync/sync.c.obj
                0x1000a2e4                spin_lock_claim_unused
 .text.spinlock_set_extexclall
                0x1000a308        0xe CMakeFiles/tulip4041_devboard.dir/C_/Users/MeinK/.pico-sdk/sdk/2.2.0/src/rp2_common/hardware_sync_spin_lock/sync_spin_lock.c.obj
 *fill*         0x1000a316        0x2 
 .text.spin_locks_reset
                0x1000a318       0x1c CMakeFiles/tulip4041_devboard.dir/C_/Users/MeinK/.pico-sdk/sdk/2.2.0/src/rp2_common/hardware_sync_spin_lock/sync_spin_lock.c.obj
                0x1000a318                spin_locks_reset
 .text.set_raw_irq_handler_and_unlock
                0x1000a334       0x24 CMakeFiles/tulip4041_devboard.dir/C_/Users/MeinK/.pico-sdk/sdk/2.2.0/src/rp2_common/hardware_irq/irq.c.obj
 .text.nvic_ipr0
                0x1000a358        0x8 CMakeFiles/tulip4041_devboard.dir/C_/Users/MeinK/.pico-sdk/sdk/2.2.0/src/rp2_common/hardware_irq/irq.c.obj
 .text.runtime_init_per_core_irq_priorities
                0x1000a360       0x1c CMakeFiles/tulip4041_devboard.dir/C_/Users/MeinK/.pico-sdk/sdk/2.2.0/src/rp2_common/hardware_irq/irq.c.obj
                0x1000a360                runtime_init_per_core_irq_priorities
 .text.resolve_j_16
                0x1000a37c       0x40 CMakeFiles/tulip4041_devboard.dir/C_/Users/MeinK/.pico-sdk/sdk/2.2.0/src/rp2_common/hardware_irq/irq.c.obj
 .text.make_j_16
                0x1000a3bc       0x3c CMakeFiles/tulip4041_devboard.dir/C_/Users/MeinK/.pico-sdk/sdk/2.2.0/src/rp2_common/hardware_irq/irq.c.obj
 .text.insert_bl_32
                0x1000a3f8       0x3c CMakeFiles/tulip4041_devboard.dir/C_/Users/MeinK/.pico-sdk/sdk/2.2.0/src/rp2_common/hardware_irq/irq.c.obj
 .text.irq_is_enabled
                0x1000a434       0x20 CMakeFiles/tulip4041_devboard.dir/C_/Users/MeinK/.pico-sdk/sdk/2.2.0/src/rp2_common/hardware_irq/irq.c.obj
                0x1000a434                irq_is_enabled
 .text.irq_set_mask_n_enabled
                0x1000a454       0x20 CMakeFiles/tulip4041_devboard.dir/C_/Users/MeinK/.pico-sdk/sdk/2.2.0/src/rp2_common/hardware_irq/irq.c.obj
                0x1000a454                irq_set_mask_n_enabled
 .text.irq_set_enabled
                0x1000a474       0x14 CMakeFiles/tulip4041_devboard.dir/C_/Users/MeinK/.pico-sdk/sdk/2.2.0/src/rp2_common/hardware_irq/irq.c.obj
                0x1000a474                irq_set_enabled
 .text.irq_get_vtable_handler
                0x1000a488       0x10 CMakeFiles/tulip4041_devboard.dir/C_/Users/MeinK/.pico-sdk/sdk/2.2.0/src/rp2_common/hardware_irq/irq.c.obj
                0x1000a488                irq_get_vtable_handler
 .text.irq_has_handler
                0x1000a498       0x20 CMakeFiles/tulip4041_devboard.dir/C_/Users/MeinK/.pico-sdk/sdk/2.2.0/src/rp2_common/hardware_irq/irq.c.obj
                0x1000a498                irq_has_handler
 .text.irq_set_exclusive_handler
                0x1000a4b8       0x60 CMakeFiles/tulip4041_devboard.dir/C_/Users/MeinK/.pico-sdk/sdk/2.2.0/src/rp2_common/hardware_irq/irq.c.obj
                0x1000a4b8                irq_set_exclusive_handler
 .text.irq_add_shared_handler
                0x1000a518      0x234 CMakeFiles/tulip4041_devboard.dir/C_/Users/MeinK/.pico-sdk/sdk/2.2.0/src/rp2_common/hardware_irq/irq.c.obj
                0x1000a518                irq_add_shared_handler
 .text.irq_remove_handler
                0x1000a74c      0x178 CMakeFiles/tulip4041_devboard.dir/C_/Users/MeinK/.pico-sdk/sdk/2.2.0/src/rp2_common/hardware_irq/irq.c.obj
                0x1000a74c                irq_remove_handler
 .text.irq_add_tail_to_free_list
                0x1000a8c4       0xf8 CMakeFiles/tulip4041_devboard.dir/C_/Users/MeinK/.pico-sdk/sdk/2.2.0/src/rp2_common/hardware_irq/irq.c.obj
                0x1000a8c4                irq_add_tail_to_free_list
 .text.lock_init
                0x1000a9bc        0xc CMakeFiles/tulip4041_devboard.dir/C_/Users/MeinK/.pico-sdk/sdk/2.2.0/src/common/pico_sync/lock_core.c.obj
                0x1000a9bc                lock_init
 .text.mutex_init
                0x1000a9c8       0x1a CMakeFiles/tulip4041_devboard.dir/C_/Users/MeinK/.pico-sdk/sdk/2.2.0/src/common/pico_sync/mutex.c.obj
                0x1000a9c8                mutex_init
 .text.recursive_mutex_init
                0x1000a9e2       0x1e CMakeFiles/tulip4041_devboard.dir/C_/Users/MeinK/.pico-sdk/sdk/2.2.0/src/common/pico_sync/mutex.c.obj
                0x1000a9e2                recursive_mutex_init
 .text.runtime_init_mutex
                0x1000aa00       0x4c CMakeFiles/tulip4041_devboard.dir/C_/Users/MeinK/.pico-sdk/sdk/2.2.0/src/common/pico_sync/mutex.c.obj
                0x1000aa00                runtime_init_mutex
 .text.critical_section_init_with_lock_num
                0x1000aa4c       0x10 CMakeFiles/tulip4041_devboard.dir/C_/Users/MeinK/.pico-sdk/sdk/2.2.0/src/common/pico_sync/critical_section.c.obj
                0x1000aa4c                critical_section_init_with_lock_num
 .text.critical_section_init
                0x1000aa5c       0x14 CMakeFiles/tulip4041_devboard.dir/C_/Users/MeinK/.pico-sdk/sdk/2.2.0/src/common/pico_sync/critical_section.c.obj
                0x1000aa5c                critical_section_init
 .text.ta_from_current_irq
                0x1000aa70       0x24 CMakeFiles/tulip4041_devboard.dir/C_/Users/MeinK/.pico-sdk/sdk/2.2.0/src/common/pico_time/time.c.obj
 .text.ta_set_timeout
                0x1000aa94       0x2a CMakeFiles/tulip4041_devboard.dir/C_/Users/MeinK/.pico-sdk/sdk/2.2.0/src/common/pico_time/time.c.obj
 .text.make_alarm_id
                0x1000aabe        0x6 CMakeFiles/tulip4041_devboard.dir/C_/Users/MeinK/.pico-sdk/sdk/2.2.0/src/common/pico_time/time.c.obj
 .text.sleep_until_callback
                0x1000aac4       0x3c CMakeFiles/tulip4041_devboard.dir/C_/Users/MeinK/.pico-sdk/sdk/2.2.0/src/common/pico_time/time.c.obj
 .text.alarm_pool_irq_handler
                0x1000ab00      0x2ec CMakeFiles/tulip4041_devboard.dir/C_/Users/MeinK/.pico-sdk/sdk/2.2.0/src/common/pico_time/time.c.obj
 .text.ta_enable_irq_handler
                0x1000adec       0x38 CMakeFiles/tulip4041_devboard.dir/C_/Users/MeinK/.pico-sdk/sdk/2.2.0/src/common/pico_time/time.c.obj
 .text.alarm_pool_post_alloc_init
                0x1000ae24       0x7c CMakeFiles/tulip4041_devboard.dir/C_/Users/MeinK/.pico-sdk/sdk/2.2.0/src/common/pico_time/time.c.obj
 .text.alarm_pool_get_default
                0x1000aea0       0x28 CMakeFiles/tulip4041_devboard.dir/C_/Users/MeinK/.pico-sdk/sdk/2.2.0/src/common/pico_time/time.c.obj
                0x1000aea0                alarm_pool_get_default
 .text.alarm_pool_add_alarm_at_force_in_context
                0x1000aec8       0xc0 CMakeFiles/tulip4041_devboard.dir/C_/Users/MeinK/.pico-sdk/sdk/2.2.0/src/common/pico_time/time.c.obj
                0x1000aec8                alarm_pool_add_alarm_at_force_in_context
 .text.alarm_pool_add_alarm_at
                0x1000af88       0x38 CMakeFiles/tulip4041_devboard.dir/C_/Users/MeinK/.pico-sdk/sdk/2.2.0/src/common/pico_time/time.c.obj
                0x1000af88                alarm_pool_add_alarm_at
 .text.add_alarm_at
                0x1000afc0       0x26 CMakeFiles/tulip4041_devboard.dir/C_/Users/MeinK/.pico-sdk/sdk/2.2.0/src/common/pico_time/time.c.obj
 .text.alarm_pool_cancel_alarm
                0x1000afe6       0x72 CMakeFiles/tulip4041_devboard.dir/C_/Users/MeinK/.pico-sdk/sdk/2.2.0/src/common/pico_time/time.c.obj
                0x1000afe6                alarm_pool_cancel_alarm
 .text.cancel_alarm
                0x1000b058       0x10 CMakeFiles/tulip4041_devboard.dir/C_/Users/MeinK/.pico-sdk/sdk/2.2.0/src/common/pico_time/time.c.obj
 .text.sleep_until
                0x1000b068       0xb4 CMakeFiles/tulip4041_devboard.dir/C_/Users/MeinK/.pico-sdk/sdk/2.2.0/src/common/pico_time/time.c.obj
                0x1000b068                sleep_until
 .text.sleep_us
                0x1000b11c       0x24 CMakeFiles/tulip4041_devboard.dir/C_/Users/MeinK/.pico-sdk/sdk/2.2.0/src/common/pico_time/time.c.obj
                0x1000b11c                sleep_us
 .text.sleep_ms
                0x1000b140       0x28 CMakeFiles/tulip4041_devboard.dir/C_/Users/MeinK/.pico-sdk/sdk/2.2.0/src/common/pico_time/time.c.obj
                0x1000b140                sleep_ms
 .text.best_effort_wfe_or_timeout
                0x1000b168       0xfc CMakeFiles/tulip4041_devboard.dir/C_/Users/MeinK/.pico-sdk/sdk/2.2.0/src/common/pico_time/time.c.obj
                0x1000b168                best_effort_wfe_or_timeout
 .text.alarm_pool_get_default_timer
                0x1000b264        0x8 CMakeFiles/tulip4041_devboard.dir/C_/Users/MeinK/.pico-sdk/sdk/2.2.0/src/common/pico_time/time.c.obj
                0x1000b264                alarm_pool_get_default_timer
 .text.runtime_init_default_alarm_pool
                0x1000b26c       0x34 CMakeFiles/tulip4041_devboard.dir/C_/Users/MeinK/.pico-sdk/sdk/2.2.0/src/common/pico_time/time.c.obj
                0x1000b26c                runtime_init_default_alarm_pool
 .text.timer_hardware_alarm_claim
                0x1000b2a0       0x24 CMakeFiles/tulip4041_devboard.dir/C_/Users/MeinK/.pico-sdk/sdk/2.2.0/src/rp2_common/hardware_timer/timer.c.obj
                0x1000b2a0                timer_hardware_alarm_claim
 .text.timer_time_us_64
                0x1000b2c4       0x10 CMakeFiles/tulip4041_devboard.dir/C_/Users/MeinK/.pico-sdk/sdk/2.2.0/src/rp2_common/hardware_timer/timer.c.obj
                0x1000b2c4                timer_time_us_64
 .text.timer_busy_wait_until
                0x1000b2d4       0x1a CMakeFiles/tulip4041_devboard.dir/C_/Users/MeinK/.pico-sdk/sdk/2.2.0/src/rp2_common/hardware_timer/timer.c.obj
                0x1000b2d4                timer_busy_wait_until
 .text.timer_busy_wait_us
                0x1000b2ee       0x28 CMakeFiles/tulip4041_devboard.dir/C_/Users/MeinK/.pico-sdk/sdk/2.2.0/src/rp2_common/hardware_timer/timer.c.obj
                0x1000b2ee                timer_busy_wait_us
 *fill*         0x1000b316        0x2 
 .text.time_us_64
                0x1000b318       0x10 CMakeFiles/tulip4041_devboard.dir/C_/Users/MeinK/.pico-sdk/sdk/2.2.0/src/rp2_common/hardware_timer/timer.c.obj
                0x1000b318                time_us_64
 .text.busy_wait_us
                0x1000b328       0x14 CMakeFiles/tulip4041_devboard.dir/C_/Users/MeinK/.pico-sdk/sdk/2.2.0/src/rp2_common/hardware_timer/timer.c.obj
                0x1000b328                busy_wait_us
 .text.busy_wait_until
                0x1000b33c       0x14 CMakeFiles/tulip4041_devboard.dir/C_/Users/MeinK/.pico-sdk/sdk/2.2.0/src/rp2_common/hardware_timer/timer.c.obj
                0x1000b33c                busy_wait_until
 .text.element_ptr
                0x1000b350       0x2c CMakeFiles/tulip4041_devboard.dir/C_/Users/MeinK/.pico-sdk/sdk/2.2.0/src/common/pico_util/queue.c.obj
 .text.queue_add_internal
                0x1000b37c       0x94 CMakeFiles/tulip4041_devboard.dir/C_/Users/MeinK/.pico-sdk/sdk/2.2.0/src/common/pico_util/queue.c.obj
 .text.queue_remove_internal
                0x1000b410       0x94 CMakeFiles/tulip4041_devboard.dir/C_/Users/MeinK/.pico-sdk/sdk/2.2.0/src/common/pico_util/queue.c.obj
 .text.queue_init_with_spinlock
                0x1000b4a4       0x24 CMakeFiles/tulip4041_devboard.dir/C_/Users/MeinK/.pico-sdk/sdk/2.2.0/src/common/pico_util/queue.c.obj
                0x1000b4a4                queue_init_with_spinlock
 .text.queue_try_add
                0x1000b4c8        0xa CMakeFiles/tulip4041_devboard.dir/C_/Users/MeinK/.pico-sdk/sdk/2.2.0/src/common/pico_util/queue.c.obj
                0x1000b4c8                queue_try_add
 .text.queue_try_remove
                0x1000b4d2        0xa CMakeFiles/tulip4041_devboard.dir/C_/Users/MeinK/.pico-sdk/sdk/2.2.0/src/common/pico_util/queue.c.obj
                0x1000b4d2                queue_try_remove
 .text.queue_remove_blocking
                0x1000b4dc        0xa CMakeFiles/tulip4041_devboard.dir/C_/Users/MeinK/.pico-sdk/sdk/2.2.0/src/common/pico_util/queue.c.obj
                0x1000b4dc                queue_remove_blocking
 *fill*         0x1000b4e6        0x2 
 .text.uart_unreset
                0x1000b4e8       0x2c CMakeFiles/tulip4041_devboard.dir/C_/Users/MeinK/.pico-sdk/sdk/2.2.0/src/rp2_common/hardware_uart/uart.c.obj
 .text.uart_disable_before_lcr_write
                0x1000b514       0x40 CMakeFiles/tulip4041_devboard.dir/C_/Users/MeinK/.pico-sdk/sdk/2.2.0/src/rp2_common/hardware_uart/uart.c.obj
 .text.uart_write_lcr_bits_masked
                0x1000b554       0x1c CMakeFiles/tulip4041_devboard.dir/C_/Users/MeinK/.pico-sdk/sdk/2.2.0/src/rp2_common/hardware_uart/uart.c.obj
 .text.uart_set_baudrate
                0x1000b570       0x52 CMakeFiles/tulip4041_devboard.dir/C_/Users/MeinK/.pico-sdk/sdk/2.2.0/src/rp2_common/hardware_uart/uart.c.obj
                0x1000b570                uart_set_baudrate
 *fill*         0x1000b5c2        0x2 
 .text.uart_set_translate_crlf
                0x1000b5c4       0x24 CMakeFiles/tulip4041_devboard.dir/C_/Users/MeinK/.pico-sdk/sdk/2.2.0/src/rp2_common/hardware_uart/uart.c.obj
                0x1000b5c4                uart_set_translate_crlf
 .text.uart_init
                0x1000b5e8       0x5c CMakeFiles/tulip4041_devboard.dir/C_/Users/MeinK/.pico-sdk/sdk/2.2.0/src/rp2_common/hardware_uart/uart.c.obj
                0x1000b5e8                uart_init
 .text.clock_configure_internal
                0x1000b644       0xb8 CMakeFiles/tulip4041_devboard.dir/C_/Users/MeinK/.pico-sdk/sdk/2.2.0/src/rp2_common/hardware_clocks/clocks.c.obj
 .text.clock_configure_undivided
                0x1000b6fc       0x12 CMakeFiles/tulip4041_devboard.dir/C_/Users/MeinK/.pico-sdk/sdk/2.2.0/src/rp2_common/hardware_clocks/clocks.c.obj
                0x1000b6fc                clock_configure_undivided
 *fill*         0x1000b70e        0x2 
 .text.clock_get_hz
                0x1000b710        0xc CMakeFiles/tulip4041_devboard.dir/C_/Users/MeinK/.pico-sdk/sdk/2.2.0/src/rp2_common/hardware_clocks/clocks.c.obj
                0x1000b710                clock_get_hz
 .text.frequency_count_khz
                0x1000b71c       0x5c CMakeFiles/tulip4041_devboard.dir/C_/Users/MeinK/.pico-sdk/sdk/2.2.0/src/rp2_common/hardware_clocks/clocks.c.obj
                0x1000b71c                frequency_count_khz
 .text.set_sys_clock_pll
                0x1000b778       0x64 CMakeFiles/tulip4041_devboard.dir/C_/Users/MeinK/.pico-sdk/sdk/2.2.0/src/rp2_common/hardware_clocks/clocks.c.obj
                0x1000b778                set_sys_clock_pll
 .text.check_sys_clock_khz
                0x1000b7dc       0x74 CMakeFiles/tulip4041_devboard.dir/C_/Users/MeinK/.pico-sdk/sdk/2.2.0/src/rp2_common/hardware_clocks/clocks.c.obj
                0x1000b7dc                check_sys_clock_khz
 .text.pll_init
                0x1000b850      0x108 CMakeFiles/tulip4041_devboard.dir/C_/Users/MeinK/.pico-sdk/sdk/2.2.0/src/rp2_common/hardware_pll/pll.c.obj
                0x1000b850                pll_init
 .text.watchdog_update
                0x1000b958       0x14 CMakeFiles/tulip4041_devboard.dir/C_/Users/MeinK/.pico-sdk/sdk/2.2.0/src/rp2_common/hardware_watchdog/watchdog.c.obj
                0x1000b958                watchdog_update
 .text._watchdog_enable
                0x1000b96c       0x6c CMakeFiles/tulip4041_devboard.dir/C_/Users/MeinK/.pico-sdk/sdk/2.2.0/src/rp2_common/hardware_watchdog/watchdog.c.obj
                0x1000b96c                _watchdog_enable
 .text.watchdog_enable
                0x1000b9d8       0x18 CMakeFiles/tulip4041_devboard.dir/C_/Users/MeinK/.pico-sdk/sdk/2.2.0/src/rp2_common/hardware_watchdog/watchdog.c.obj
                0x1000b9d8                watchdog_enable
 .text.tick_start
                0x1000b9f0       0x1c CMakeFiles/tulip4041_devboard.dir/C_/Users/MeinK/.pico-sdk/sdk/2.2.0/src/rp2_common/hardware_ticks/ticks.c.obj
                0x1000b9f0                tick_start
 .text.rom_reboot
                0x1000ba0c       0x40 CMakeFiles/tulip4041_devboard.dir/C_/Users/MeinK/.pico-sdk/sdk/2.2.0/src/rp2_common/pico_bootrom/bootrom.c.obj
 .text.rom_func_lookup
                0x1000ba4c       0x1e CMakeFiles/tulip4041_devboard.dir/C_/Users/MeinK/.pico-sdk/sdk/2.2.0/src/rp2_common/pico_bootrom/bootrom.c.obj
                0x1000ba4c                rom_func_lookup
 .text.rom_reset_usb_boot
                0x1000ba6a       0x1e CMakeFiles/tulip4041_devboard.dir/C_/Users/MeinK/.pico-sdk/sdk/2.2.0/src/rp2_common/pico_bootrom/bootrom.c.obj
                0x1000ba6a                rom_reset_usb_boot
 .text.rom_reset_usb_boot_extra
                0x1000ba88       0x20 CMakeFiles/tulip4041_devboard.dir/C_/Users/MeinK/.pico-sdk/sdk/2.2.0/src/rp2_common/pico_bootrom/bootrom.c.obj
                0x1000ba88                rom_reset_usb_boot_extra
 .text.runtime_init_bootrom_locking_enable
                0x1000baa8       0x14 CMakeFiles/tulip4041_devboard.dir/C_/Users/MeinK/.pico-sdk/sdk/2.2.0/src/rp2_common/pico_bootrom/bootrom_lock.c.obj
                0x1000baa8                runtime_init_bootrom_locking_enable
 .text.boot_locks_reset
                0x1000babc       0x20 CMakeFiles/tulip4041_devboard.dir/C_/Users/MeinK/.pico-sdk/sdk/2.2.0/src/rp2_common/hardware_boot_lock/boot_lock.c.obj
                0x1000babc                boot_locks_reset
 .text.runtime_init_boot_locks_reset
                0x1000badc        0x8 CMakeFiles/tulip4041_devboard.dir/C_/Users/MeinK/.pico-sdk/sdk/2.2.0/src/rp2_common/hardware_boot_lock/boot_lock.c.obj
                0x1000badc                runtime_init_boot_locks_reset
 .text.xosc_init
                0x1000bae4       0x28 CMakeFiles/tulip4041_devboard.dir/C_/Users/MeinK/.pico-sdk/sdk/2.2.0/src/rp2_common/hardware_xosc/xosc.c.obj
                0x1000bae4                xosc_init
 .text.runtime_run_initializers_from
                0x1000bb0c       0x18 CMakeFiles/tulip4041_devboard.dir/C_/Users/MeinK/.pico-sdk/sdk/2.2.0/src/rp2_common/pico_runtime/runtime.c.obj
 .text.first_per_core_initializer
                0x1000bb24        0x2 CMakeFiles/tulip4041_devboard.dir/C_/Users/MeinK/.pico-sdk/sdk/2.2.0/src/rp2_common/pico_runtime/runtime.c.obj
 *fill*         0x1000bb26        0x2 
 .text.runtime_run_initializers
                0x1000bb28       0x10 CMakeFiles/tulip4041_devboard.dir/C_/Users/MeinK/.pico-sdk/sdk/2.2.0/src/rp2_common/pico_runtime/runtime.c.obj
                0x1000bb28                runtime_run_initializers
 .text.runtime_run_per_core_initializers
                0x1000bb38       0x10 CMakeFiles/tulip4041_devboard.dir/C_/Users/MeinK/.pico-sdk/sdk/2.2.0/src/rp2_common/pico_runtime/runtime.c.obj
                0x1000bb38                runtime_run_per_core_initializers
 .text.runtime_init_early_resets
                0x1000bb48       0x2c CMakeFiles/tulip4041_devboard.dir/C_/Users/MeinK/.pico-sdk/sdk/2.2.0/src/rp2_common/pico_runtime_init/runtime_init.c.obj
                0x1000bb48                runtime_init_early_resets
 .text.runtime_init_usb_power_down
                0x1000bb74       0x20 CMakeFiles/tulip4041_devboard.dir/C_/Users/MeinK/.pico-sdk/sdk/2.2.0/src/rp2_common/pico_runtime_init/runtime_init.c.obj
                0x1000bb74                runtime_init_usb_power_down
 .text.runtime_init_per_core_enable_coprocessors
                0x1000bb94       0x1c CMakeFiles/tulip4041_devboard.dir/C_/Users/MeinK/.pico-sdk/sdk/2.2.0/src/rp2_common/pico_runtime_init/runtime_init.c.obj
                0x1000bb94                runtime_init_per_core_enable_coprocessors
 .text.runtime_init_post_clock_resets
                0x1000bbb0       0x20 CMakeFiles/tulip4041_devboard.dir/C_/Users/MeinK/.pico-sdk/sdk/2.2.0/src/rp2_common/pico_runtime_init/runtime_init.c.obj
                0x1000bbb0                runtime_init_post_clock_resets
 .text.runtime_init_bootrom_reset
                0x1000bbd0       0x12 CMakeFiles/tulip4041_devboard.dir/C_/Users/MeinK/.pico-sdk/sdk/2.2.0/src/rp2_common/pico_runtime_init/runtime_init.c.obj
                0x1000bbd0                runtime_init_bootrom_reset
 .text.runtime_init_per_core_bootrom_reset
                0x1000bbe2       0x12 CMakeFiles/tulip4041_devboard.dir/C_/Users/MeinK/.pico-sdk/sdk/2.2.0/src/rp2_common/pico_runtime_init/runtime_init.c.obj
                0x1000bbe2                runtime_init_per_core_bootrom_reset
 .text.runtime_init_spin_locks_reset
                0x1000bbf4        0x8 CMakeFiles/tulip4041_devboard.dir/C_/Users/MeinK/.pico-sdk/sdk/2.2.0/src/rp2_common/pico_runtime_init/runtime_init.c.obj
                0x1000bbf4                runtime_init_spin_locks_reset
 .text.runtime_init_install_ram_vector_table
                0x1000bbfc       0x48 CMakeFiles/tulip4041_devboard.dir/C_/Users/MeinK/.pico-sdk/sdk/2.2.0/src/rp2_common/pico_runtime_init/runtime_init.c.obj
                0x1000bbfc                runtime_init_install_ram_vector_table
 .text.start_all_ticks
                0x1000bc44       0x28 CMakeFiles/tulip4041_devboard.dir/C_/Users/MeinK/.pico-sdk/sdk/2.2.0/src/rp2_common/pico_runtime_init/runtime_init_clocks.c.obj
 .text.runtime_init_clocks
                0x1000bc6c       0xc4 CMakeFiles/tulip4041_devboard.dir/C_/Users/MeinK/.pico-sdk/sdk/2.2.0/src/rp2_common/pico_runtime_init/runtime_init_clocks.c.obj
                0x1000bc6c                runtime_init_clocks
 .text.__rp2350_dcp_engaged_state_save_restore
                0x1000bd30       0x3a CMakeFiles/tulip4041_devboard.dir/C_/Users/MeinK/.pico-sdk/sdk/2.2.0/src/rp2_common/pico_double/double_aeabi_dcp.S.obj
 *fill*         0x1000bd6a        0x2 
 .text.__wrap___aeabi_dadd
                0x1000bd6c       0x28 CMakeFiles/tulip4041_devboard.dir/C_/Users/MeinK/.pico-sdk/sdk/2.2.0/src/rp2_common/pico_double/double_aeabi_dcp.S.obj
                0x1000bd74                __wrap___aeabi_dadd
 .text.__wrap___aeabi_dsub
                0x1000bd94       0x28 CMakeFiles/tulip4041_devboard.dir/C_/Users/MeinK/.pico-sdk/sdk/2.2.0/src/rp2_common/pico_double/double_aeabi_dcp.S.obj
                0x1000bd9c                __wrap___aeabi_dsub
 .text.__wrap___aeabi_dmul
                0x1000bdbc       0x4c CMakeFiles/tulip4041_devboard.dir/C_/Users/MeinK/.pico-sdk/sdk/2.2.0/src/rp2_common/pico_double/double_aeabi_dcp.S.obj
                0x1000bdc4                __wrap___aeabi_dmul
 .text.__wrap___aeabi_ddiv
                0x1000be08       0x9c CMakeFiles/tulip4041_devboard.dir/C_/Users/MeinK/.pico-sdk/sdk/2.2.0/src/rp2_common/pico_double/double_aeabi_dcp.S.obj
                0x1000be10                __wrap___aeabi_ddiv
 .text.__wrap___aeabi_d2f
                0x1000bea4       0x1c CMakeFiles/tulip4041_devboard.dir/C_/Users/MeinK/.pico-sdk/sdk/2.2.0/src/rp2_common/pico_double/double_aeabi_dcp.S.obj
                0x1000beac                __wrap___aeabi_d2f
                0x1000beac                double2float
 .text.__wrap___aeabi_i2d
                0x1000bec0       0x24 CMakeFiles/tulip4041_devboard.dir/C_/Users/MeinK/.pico-sdk/sdk/2.2.0/src/rp2_common/pico_double/double_aeabi_dcp.S.obj
                0x1000bec8                int2double
                0x1000bec8                __wrap___aeabi_i2d
 .text.__wrap___aeabi_ui2d
                0x1000bee4       0x24 CMakeFiles/tulip4041_devboard.dir/C_/Users/MeinK/.pico-sdk/sdk/2.2.0/src/rp2_common/pico_double/double_aeabi_dcp.S.obj
                0x1000beec                uint2double
                0x1000beec                __wrap___aeabi_ui2d
 .text.__wrap___aeabi_d2iz
                0x1000bf08       0x24 CMakeFiles/tulip4041_devboard.dir/C_/Users/MeinK/.pico-sdk/sdk/2.2.0/src/rp2_common/pico_double/double_aeabi_dcp.S.obj
                0x1000bf10                double2int_z
                0x1000bf10                __wrap___aeabi_d2iz
 .text.__wrap___aeabi_d2uiz
                0x1000bf2c       0x24 CMakeFiles/tulip4041_devboard.dir/C_/Users/MeinK/.pico-sdk/sdk/2.2.0/src/rp2_common/pico_double/double_aeabi_dcp.S.obj
                0x1000bf34                double2uint
                0x1000bf34                __wrap___aeabi_d2uiz
                0x1000bf34                double2uint_z
 .text.__wrap___aeabi_dcmpun
                0x1000bf50       0x24 CMakeFiles/tulip4041_devboard.dir/C_/Users/MeinK/.pico-sdk/sdk/2.2.0/src/rp2_common/pico_double/double_aeabi_dcp.S.obj
                0x1000bf58                __wrap___aeabi_dcmpun
 .text.__wrap___aeabi_dcmpeq
                0x1000bf74       0x24 CMakeFiles/tulip4041_devboard.dir/C_/Users/MeinK/.pico-sdk/sdk/2.2.0/src/rp2_common/pico_double/double_aeabi_dcp.S.obj
                0x1000bf7c                __wrap___aeabi_dcmpeq
 .text.__wrap___aeabi_dcmplt
                0x1000bf98       0x28 CMakeFiles/tulip4041_devboard.dir/C_/Users/MeinK/.pico-sdk/sdk/2.2.0/src/rp2_common/pico_double/double_aeabi_dcp.S.obj
                0x1000bfa0                __wrap___aeabi_dcmplt
 .text.__wrap___aeabi_dcmple
                0x1000bfc0       0x28 CMakeFiles/tulip4041_devboard.dir/C_/Users/MeinK/.pico-sdk/sdk/2.2.0/src/rp2_common/pico_double/double_aeabi_dcp.S.obj
                0x1000bfc8                __wrap___aeabi_dcmple
 .text.__wrap___aeabi_dcmpge
                0x1000bfe8       0x28 CMakeFiles/tulip4041_devboard.dir/C_/Users/MeinK/.pico-sdk/sdk/2.2.0/src/rp2_common/pico_double/double_aeabi_dcp.S.obj
                0x1000bff0                __wrap___aeabi_dcmpge
 .text.__wrap___aeabi_dcmpgt
                0x1000c010       0x28 CMakeFiles/tulip4041_devboard.dir/C_/Users/MeinK/.pico-sdk/sdk/2.2.0/src/rp2_common/pico_double/double_aeabi_dcp.S.obj
                0x1000c018                __wrap___aeabi_dcmpgt
 .text.__wrap_conv_tod
                0x1000c038      0x20c CMakeFiles/tulip4041_devboard.dir/C_/Users/MeinK/.pico-sdk/sdk/2.2.0/src/rp2_common/pico_double/double_conv_m33.S.obj
                0x1000c038                __wrap___aeabi_l2d
                0x1000c038                int642double
                0x1000c03a                fix642double
                0x1000c0de                __wrap___aeabi_ul2d
                0x1000c0de                uint642double
                0x1000c0e0                ufix642double
                0x1000c174                fix2double
                0x1000c1e4                ufix2double
 .text.__wrap_conv_dtoi64_z
                0x1000c244       0xa0 CMakeFiles/tulip4041_devboard.dir/C_/Users/MeinK/.pico-sdk/sdk/2.2.0/src/rp2_common/pico_double/double_conv_m33.S.obj
                0x1000c244                __wrap___aeabi_d2lz
                0x1000c244                double2int64_z
                0x1000c246                double2fix64_z
 .text.check_alloc
                0x1000c2e4       0x20 CMakeFiles/tulip4041_devboard.dir/C_/Users/MeinK/.pico-sdk/sdk/2.2.0/src/rp2_common/pico_malloc/malloc.c.obj
 .text.__wrap_malloc
                0x1000c304       0x2c CMakeFiles/tulip4041_devboard.dir/C_/Users/MeinK/.pico-sdk/sdk/2.2.0/src/rp2_common/pico_malloc/malloc.c.obj
                0x1000c304                __wrap_malloc
 .text.__wrap_calloc
                0x1000c330       0x30 CMakeFiles/tulip4041_devboard.dir/C_/Users/MeinK/.pico-sdk/sdk/2.2.0/src/rp2_common/pico_malloc/malloc.c.obj
                0x1000c330                __wrap_calloc
 .text.__wrap_realloc
                0x1000c360       0x30 CMakeFiles/tulip4041_devboard.dir/C_/Users/MeinK/.pico-sdk/sdk/2.2.0/src/rp2_common/pico_malloc/malloc.c.obj
                0x1000c360                __wrap_realloc
 .text.__wrap_free
                0x1000c390       0x20 CMakeFiles/tulip4041_devboard.dir/C_/Users/MeinK/.pico-sdk/sdk/2.2.0/src/rp2_common/pico_malloc/malloc.c.obj
                0x1000c390                __wrap_free
 .text._out_buffer
                0x1000c3b0        0x8 CMakeFiles/tulip4041_devboard.dir/C_/Users/MeinK/.pico-sdk/sdk/2.2.0/src/rp2_common/pico_printf/printf.c.obj
 .text._out_null
                0x1000c3b8        0x2 CMakeFiles/tulip4041_devboard.dir/C_/Users/MeinK/.pico-sdk/sdk/2.2.0/src/rp2_common/pico_printf/printf.c.obj
 .text._out_fct
                0x1000c3ba        0xe CMakeFiles/tulip4041_devboard.dir/C_/Users/MeinK/.pico-sdk/sdk/2.2.0/src/rp2_common/pico_printf/printf.c.obj
 .text._atoi    0x1000c3c8       0x26 CMakeFiles/tulip4041_devboard.dir/C_/Users/MeinK/.pico-sdk/sdk/2.2.0/src/rp2_common/pico_printf/printf.c.obj
 .text._out_rev
                0x1000c3ee       0x7e CMakeFiles/tulip4041_devboard.dir/C_/Users/MeinK/.pico-sdk/sdk/2.2.0/src/rp2_common/pico_printf/printf.c.obj
 .text._ntoa_format
                0x1000c46c      0x134 CMakeFiles/tulip4041_devboard.dir/C_/Users/MeinK/.pico-sdk/sdk/2.2.0/src/rp2_common/pico_printf/printf.c.obj
 .text._ntoa_long
                0x1000c5a0       0x94 CMakeFiles/tulip4041_devboard.dir/C_/Users/MeinK/.pico-sdk/sdk/2.2.0/src/rp2_common/pico_printf/printf.c.obj
 .text._ntoa_long_long
                0x1000c634       0xc2 CMakeFiles/tulip4041_devboard.dir/C_/Users/MeinK/.pico-sdk/sdk/2.2.0/src/rp2_common/pico_printf/printf.c.obj
 *fill*         0x1000c6f6        0x2 
 .text._etoa    0x1000c6f8      0x420 CMakeFiles/tulip4041_devboard.dir/C_/Users/MeinK/.pico-sdk/sdk/2.2.0/src/rp2_common/pico_printf/printf.c.obj
 .text._ftoa    0x1000cb18      0x398 CMakeFiles/tulip4041_devboard.dir/C_/Users/MeinK/.pico-sdk/sdk/2.2.0/src/rp2_common/pico_printf/printf.c.obj
 .text._vsnprintf
                0x1000ceb0      0x6d8 CMakeFiles/tulip4041_devboard.dir/C_/Users/MeinK/.pico-sdk/sdk/2.2.0/src/rp2_common/pico_printf/printf.c.obj
 .text.__wrap_sprintf
                0x1000d588       0x2c CMakeFiles/tulip4041_devboard.dir/C_/Users/MeinK/.pico-sdk/sdk/2.2.0/src/rp2_common/pico_printf/printf.c.obj
                0x1000d588                __wrap_sprintf
 .text.__wrap_snprintf
                0x1000d5b4       0x28 CMakeFiles/tulip4041_devboard.dir/C_/Users/MeinK/.pico-sdk/sdk/2.2.0/src/rp2_common/pico_printf/printf.c.obj
                0x1000d5b4                __wrap_snprintf
 .text.__wrap_vsnprintf
                0x1000d5dc       0x1c CMakeFiles/tulip4041_devboard.dir/C_/Users/MeinK/.pico-sdk/sdk/2.2.0/src/rp2_common/pico_printf/printf.c.obj
                0x1000d5dc                __wrap_vsnprintf
 .text.vfctprintf
                0x1000d5f8       0x24 CMakeFiles/tulip4041_devboard.dir/C_/Users/MeinK/.pico-sdk/sdk/2.2.0/src/rp2_common/pico_printf/printf.c.obj
                0x1000d5f8                vfctprintf
 .text._exit    0x1000d61c        0x4 CMakeFiles/tulip4041_devboard.dir/C_/Users/MeinK/.pico-sdk/sdk/2.2.0/src/rp2_common/pico_clib_interface/newlib_interface.c.obj
                0x1000d61c                _exit
 .text._sbrk    0x1000d620       0x34 CMakeFiles/tulip4041_devboard.dir/C_/Users/MeinK/.pico-sdk/sdk/2.2.0/src/rp2_common/pico_clib_interface/newlib_interface.c.obj
                0x1000d620                _sbrk
 .text._read    0x1000d654       0x20 CMakeFiles/tulip4041_devboard.dir/C_/Users/MeinK/.pico-sdk/sdk/2.2.0/src/rp2_common/pico_clib_interface/newlib_interface.c.obj
                0x1000d654                _read
 .text._write   0x1000d674       0x20 CMakeFiles/tulip4041_devboard.dir/C_/Users/MeinK/.pico-sdk/sdk/2.2.0/src/rp2_common/pico_clib_interface/newlib_interface.c.obj
                0x1000d674                _write
 .text._close   0x1000d694        0x6 CMakeFiles/tulip4041_devboard.dir/C_/Users/MeinK/.pico-sdk/sdk/2.2.0/src/rp2_common/pico_clib_interface/newlib_interface.c.obj
                0x1000d694                _close
 .text._lseek   0x1000d69a        0x6 CMakeFiles/tulip4041_devboard.dir/C_/Users/MeinK/.pico-sdk/sdk/2.2.0/src/rp2_common/pico_clib_interface/newlib_interface.c.obj
                0x1000d69a                _lseek
 .text._fstat   0x1000d6a0        0x6 CMakeFiles/tulip4041_devboard.dir/C_/Users/MeinK/.pico-sdk/sdk/2.2.0/src/rp2_common/pico_clib_interface/newlib_interface.c.obj
                0x1000d6a0                _fstat
 .text._isatty  0x1000d6a6        0xa CMakeFiles/tulip4041_devboard.dir/C_/Users/MeinK/.pico-sdk/sdk/2.2.0/src/rp2_common/pico_clib_interface/newlib_interface.c.obj
                0x1000d6a6                _isatty
 .text.exit     0x1000d6b0        0x6 CMakeFiles/tulip4041_devboard.dir/C_/Users/MeinK/.pico-sdk/sdk/2.2.0/src/rp2_common/pico_clib_interface/newlib_interface.c.obj
                0x1000d6b0                exit
 *fill*         0x1000d6b6        0x2 
 .text.__assert_func
                0x1000d6b8       0x34 CMakeFiles/tulip4041_devboard.dir/C_/Users/MeinK/.pico-sdk/sdk/2.2.0/src/rp2_common/pico_clib_interface/newlib_interface.c.obj
                0x1000d6b8                __assert_func
 .text.runtime_init
                0x1000d6ec       0x2c CMakeFiles/tulip4041_devboard.dir/C_/Users/MeinK/.pico-sdk/sdk/2.2.0/src/rp2_common/pico_clib_interface/newlib_interface.c.obj
                0x1000d6ec                runtime_init
 .text.stdio_out_chars_no_crlf
                0x1000d718        0xe CMakeFiles/tulip4041_devboard.dir/C_/Users/MeinK/.pico-sdk/sdk/2.2.0/src/rp2_common/pico_stdio/stdio.c.obj
 *fill*         0x1000d726        0x2 
 .text.stdio_out_chars_crlf
                0x1000d728       0x80 CMakeFiles/tulip4041_devboard.dir/C_/Users/MeinK/.pico-sdk/sdk/2.2.0/src/rp2_common/pico_stdio/stdio.c.obj
 .text.stdio_stack_buffer_flush
                0x1000d7a8       0x40 CMakeFiles/tulip4041_devboard.dir/C_/Users/MeinK/.pico-sdk/sdk/2.2.0/src/rp2_common/pico_stdio/stdio.c.obj
 .text.stdio_buffered_printer
                0x1000d7e8       0x20 CMakeFiles/tulip4041_devboard.dir/C_/Users/MeinK/.pico-sdk/sdk/2.2.0/src/rp2_common/pico_stdio/stdio.c.obj
 .text.stdout_serialize_begin
                0x1000d808       0x2c CMakeFiles/tulip4041_devboard.dir/C_/Users/MeinK/.pico-sdk/sdk/2.2.0/src/rp2_common/pico_stdio/stdio.c.obj
                0x1000d808                stdout_serialize_begin
 .text.stdout_serialize_end
                0x1000d834       0x10 CMakeFiles/tulip4041_devboard.dir/C_/Users/MeinK/.pico-sdk/sdk/2.2.0/src/rp2_common/pico_stdio/stdio.c.obj
                0x1000d834                stdout_serialize_end
 .text.stdio_put_string
                0x1000d844       0x8c CMakeFiles/tulip4041_devboard.dir/C_/Users/MeinK/.pico-sdk/sdk/2.2.0/src/rp2_common/pico_stdio/stdio.c.obj
                0x1000d844                stdio_put_string
 .text.stdio_get_until